=== RUN   TestSearchContextMoveFamiliesMatchFullRefreshAllLanes
=== RUN   TestSearchContextMoveFamiliesMatchFullRefreshAllLanes/white_quiet
=== RUN   TestSearchContextMoveFamiliesMatchFullRefreshAllLanes/black_double_pawn
=== RUN   TestSearchContextMoveFamiliesMatchFullRefreshAllLanes/ordinary_capture
=== RUN   TestSearchContextMoveFamiliesMatchFullRefreshAllLanes/white_en_passant
=== RUN   TestSearchContextMoveFamiliesMatchFullRefreshAllLanes/black_en_passant
=== RUN   TestSearchContextMoveFamiliesMatchFullRefreshAllLanes/white_king_castle
=== RUN   TestSearchContextMoveFamiliesMatchFullRefreshAllLanes/white_queen_castle_crosses_mirror
=== RUN   TestSearchContextMoveFamiliesMatchFullRefreshAllLanes/black_king_castle
=== RUN   TestSearchContextMoveFamiliesMatchFullRefreshAllLanes/black_queen_castle_crosses_mirror
--- PASS: TestSearchContextMoveFamiliesMatchFullRefreshAllLanes (0.00s)
    --- PASS: TestSearchContextMoveFamiliesMatchFullRefreshAllLanes/white_quiet (0.00s)
    --- PASS: TestSearchContextMoveFamiliesMatchFullRefreshAllLanes/black_double_pawn (0.00s)
    --- PASS: TestSearchContextMoveFamiliesMatchFullRefreshAllLanes/ordinary_capture (0.00s)
    --- PASS: TestSearchContextMoveFamiliesMatchFullRefreshAllLanes/white_en_passant (0.00s)
    --- PASS: TestSearchContextMoveFamiliesMatchFullRefreshAllLanes/black_en_passant (0.00s)
    --- PASS: TestSearchContextMoveFamiliesMatchFullRefreshAllLanes/white_king_castle (0.00s)
    --- PASS: TestSearchContextMoveFamiliesMatchFullRefreshAllLanes/white_queen_castle_crosses_mirror (0.00s)
    --- PASS: TestSearchContextMoveFamiliesMatchFullRefreshAllLanes/black_king_castle (0.00s)
    --- PASS: TestSearchContextMoveFamiliesMatchFullRefreshAllLanes/black_queen_castle_crosses_mirror (0.00s)
=== RUN   TestSearchContextAllPromotionsMatchFullRefreshAllLanes
=== RUN   TestSearchContextAllPromotionsMatchFullRefreshAllLanes/white_type_1
=== RUN   TestSearchContextAllPromotionsMatchFullRefreshAllLanes/white_type_1_capture
=== RUN   TestSearchContextAllPromotionsMatchFullRefreshAllLanes/white_type_2
=== RUN   TestSearchContextAllPromotionsMatchFullRefreshAllLanes/white_type_2_capture
=== RUN   TestSearchContextAllPromotionsMatchFullRefreshAllLanes/white_type_3
=== RUN   TestSearchContextAllPromotionsMatchFullRefreshAllLanes/white_type_3_capture
=== RUN   TestSearchContextAllPromotionsMatchFullRefreshAllLanes/white_type_4
=== RUN   TestSearchContextAllPromotionsMatchFullRefreshAllLanes/white_type_4_capture
=== RUN   TestSearchContextAllPromotionsMatchFullRefreshAllLanes/black_type_1
=== RUN   TestSearchContextAllPromotionsMatchFullRefreshAllLanes/black_type_1_capture
=== RUN   TestSearchContextAllPromotionsMatchFullRefreshAllLanes/black_type_2
=== RUN   TestSearchContextAllPromotionsMatchFullRefreshAllLanes/black_type_2_capture
=== RUN   TestSearchContextAllPromotionsMatchFullRefreshAllLanes/black_type_3
=== RUN   TestSearchContextAllPromotionsMatchFullRefreshAllLanes/black_type_3_capture
=== RUN   TestSearchContextAllPromotionsMatchFullRefreshAllLanes/black_type_4
=== RUN   TestSearchContextAllPromotionsMatchFullRefreshAllLanes/black_type_4_capture
--- PASS: TestSearchContextAllPromotionsMatchFullRefreshAllLanes (0.00s)
    --- PASS: TestSearchContextAllPromotionsMatchFullRefreshAllLanes/white_type_1 (0.00s)
    --- PASS: TestSearchContextAllPromotionsMatchFullRefreshAllLanes/white_type_1_capture (0.00s)
    --- PASS: TestSearchContextAllPromotionsMatchFullRefreshAllLanes/white_type_2 (0.00s)
    --- PASS: TestSearchContextAllPromotionsMatchFullRefreshAllLanes/white_type_2_capture (0.00s)
    --- PASS: TestSearchContextAllPromotionsMatchFullRefreshAllLanes/white_type_3 (0.00s)
    --- PASS: TestSearchContextAllPromotionsMatchFullRefreshAllLanes/white_type_3_capture (0.00s)
    --- PASS: TestSearchContextAllPromotionsMatchFullRefreshAllLanes/white_type_4 (0.00s)
    --- PASS: TestSearchContextAllPromotionsMatchFullRefreshAllLanes/white_type_4_capture (0.00s)
    --- PASS: TestSearchContextAllPromotionsMatchFullRefreshAllLanes/black_type_1 (0.00s)
    --- PASS: TestSearchContextAllPromotionsMatchFullRefreshAllLanes/black_type_1_capture (0.00s)
    --- PASS: TestSearchContextAllPromotionsMatchFullRefreshAllLanes/black_type_2 (0.00s)
    --- PASS: TestSearchContextAllPromotionsMatchFullRefreshAllLanes/black_type_2_capture (0.00s)
    --- PASS: TestSearchContextAllPromotionsMatchFullRefreshAllLanes/black_type_3 (0.00s)
    --- PASS: TestSearchContextAllPromotionsMatchFullRefreshAllLanes/black_type_3_capture (0.00s)
    --- PASS: TestSearchContextAllPromotionsMatchFullRefreshAllLanes/black_type_4 (0.00s)
    --- PASS: TestSearchContextAllPromotionsMatchFullRefreshAllLanes/black_type_4_capture (0.00s)
=== RUN   TestSearchContextKingMirrorBoundaryBothDirectionsAndColors
=== RUN   TestSearchContextKingMirrorBoundaryBothDirectionsAndColors/white_d_to_e
=== RUN   TestSearchContextKingMirrorBoundaryBothDirectionsAndColors/white_e_to_d
=== RUN   TestSearchContextKingMirrorBoundaryBothDirectionsAndColors/black_d_to_e
=== RUN   TestSearchContextKingMirrorBoundaryBothDirectionsAndColors/black_e_to_d
--- PASS: TestSearchContextKingMirrorBoundaryBothDirectionsAndColors (0.01s)
    --- PASS: TestSearchContextKingMirrorBoundaryBothDirectionsAndColors/white_d_to_e (0.00s)
    --- PASS: TestSearchContextKingMirrorBoundaryBothDirectionsAndColors/white_e_to_d (0.01s)
    --- PASS: TestSearchContextKingMirrorBoundaryBothDirectionsAndColors/black_d_to_e (0.00s)
    --- PASS: TestSearchContextKingMirrorBoundaryBothDirectionsAndColors/black_e_to_d (0.00s)
=== RUN   TestSearchContextMultiPlyUnwindAndSiblingReuse
--- PASS: TestSearchContextMultiPlyUnwindAndSiblingReuse (0.00s)
=== RUN   TestApplyUpdatesRefreshesOnlyCrossingKingPerspective
--- PASS: TestApplyUpdatesRefreshesOnlyCrossingKingPerspective (0.00s)
=== RUN   TestSearchContextIncrementalArithmeticWrapsInt16
--- PASS: TestSearchContextIncrementalArithmeticWrapsInt16 (0.00s)
=== RUN   TestSearchContextRejectsTransitionsTransactionally
=== RUN   TestSearchContextRejectsTransitionsTransactionally/mover_side
=== RUN   TestSearchContextRejectsTransitionsTransactionally/expected_side
=== RUN   TestSearchContextRejectsTransitionsTransactionally/expected_board
=== RUN   TestSearchContextRejectsTransitionsTransactionally/capture_fields
=== RUN   TestSearchContextRejectsTransitionsTransactionally/own_capture
=== RUN   TestSearchContextRejectsTransitionsTransactionally/king_capture
=== RUN   TestSearchContextRejectsTransitionsTransactionally/bad_promotion
=== RUN   TestSearchContextRejectsTransitionsTransactionally/bad_castle
--- PASS: TestSearchContextRejectsTransitionsTransactionally (0.00s)
    --- PASS: TestSearchContextRejectsTransitionsTransactionally/mover_side (0.00s)
    --- PASS: TestSearchContextRejectsTransitionsTransactionally/expected_side (0.00s)
    --- PASS: TestSearchContextRejectsTransitionsTransactionally/expected_board (0.00s)
    --- PASS: TestSearchContextRejectsTransitionsTransactionally/capture_fields (0.00s)
    --- PASS: TestSearchContextRejectsTransitionsTransactionally/own_capture (0.00s)
    --- PASS: TestSearchContextRejectsTransitionsTransactionally/king_capture (0.00s)
    --- PASS: TestSearchContextRejectsTransitionsTransactionally/bad_promotion (0.00s)
    --- PASS: TestSearchContextRejectsTransitionsTransactionally/bad_castle (0.00s)
=== RUN   TestSearchContextNullPopResetAndCapacityGrowth
--- PASS: TestSearchContextNullPopResetAndCapacityGrowth (0.00s)
=== RUN   TestSearchContextsOwnIndependentFrames
--- PASS: TestSearchContextsOwnIndependentFrames (0.00s)
=== RUN   TestSearchContextRejectsUnvalidatedModelAndPosition
--- PASS: TestSearchContextRejectsUnvalidatedModelAndPosition (0.00s)
PASS
ok  	github.com/ehrlich-b/ngn/rodenteval	0.016s
