=== RUN   TestOwnedK4EnPassantRepetitionReadiness
=== RUN   TestOwnedK4EnPassantRepetitionReadiness/played_histories_and_inverse_paths
=== RUN   TestOwnedK4EnPassantRepetitionReadiness/played_histories_and_inverse_paths/pinned_white_capturer
=== RUN   TestOwnedK4EnPassantRepetitionReadiness/played_histories_and_inverse_paths/pinned_black_capturer
=== RUN   TestOwnedK4EnPassantRepetitionReadiness/played_histories_and_inverse_paths/unrelated_check_white_capturer
=== RUN   TestOwnedK4EnPassantRepetitionReadiness/played_histories_and_inverse_paths/unrelated_check_black_capturer
=== RUN   TestOwnedK4EnPassantRepetitionReadiness/played_histories_and_inverse_paths/legal_white_capturer
=== RUN   TestOwnedK4EnPassantRepetitionReadiness/played_histories_and_inverse_paths/legal_black_capturer
=== RUN   TestOwnedK4EnPassantRepetitionReadiness/null_quiet_child_and_inverse
=== RUN   TestOwnedK4EnPassantRepetitionReadiness/null_quiet_child_and_inverse/pinned_white_capturer
=== RUN   TestOwnedK4EnPassantRepetitionReadiness/null_quiet_child_and_inverse/pinned_black_capturer
=== RUN   TestOwnedK4EnPassantRepetitionReadiness/null_quiet_child_and_inverse/unrelated_check_white_capturer
=== RUN   TestOwnedK4EnPassantRepetitionReadiness/null_quiet_child_and_inverse/unrelated_check_black_capturer
=== RUN   TestOwnedK4EnPassantRepetitionReadiness/null_quiet_child_and_inverse/legal_white_capturer
=== RUN   TestOwnedK4EnPassantRepetitionReadiness/null_quiet_child_and_inverse/legal_black_capturer
=== RUN   TestOwnedK4EnPassantRepetitionReadiness/finite_search_restores_caller
=== RUN   TestOwnedK4EnPassantRepetitionReadiness/finite_search_restores_caller/pinned_white_capturer
    enpassant_owned_nnue_integration_test.go:374: depth-2 search restored caller after 33 committed evaluator frames
=== RUN   TestOwnedK4EnPassantRepetitionReadiness/finite_search_restores_caller/pinned_black_capturer
    enpassant_owned_nnue_integration_test.go:374: depth-2 search restored caller after 33 committed evaluator frames
=== RUN   TestOwnedK4EnPassantRepetitionReadiness/finite_search_restores_caller/legal_white_capturer
    enpassant_owned_nnue_integration_test.go:374: depth-2 search restored caller after 27 committed evaluator frames
=== RUN   TestOwnedK4EnPassantRepetitionReadiness/finite_search_restores_caller/legal_black_capturer
    enpassant_owned_nnue_integration_test.go:374: depth-2 search restored caller after 27 committed evaluator frames
--- PASS: TestOwnedK4EnPassantRepetitionReadiness (5.14s)
    --- PASS: TestOwnedK4EnPassantRepetitionReadiness/played_histories_and_inverse_paths (2.90s)
        --- PASS: TestOwnedK4EnPassantRepetitionReadiness/played_histories_and_inverse_paths/pinned_white_capturer (0.62s)
        --- PASS: TestOwnedK4EnPassantRepetitionReadiness/played_histories_and_inverse_paths/pinned_black_capturer (0.66s)
        --- PASS: TestOwnedK4EnPassantRepetitionReadiness/played_histories_and_inverse_paths/unrelated_check_white_capturer (0.54s)
        --- PASS: TestOwnedK4EnPassantRepetitionReadiness/played_histories_and_inverse_paths/unrelated_check_black_capturer (0.60s)
        --- PASS: TestOwnedK4EnPassantRepetitionReadiness/played_histories_and_inverse_paths/legal_white_capturer (0.26s)
        --- PASS: TestOwnedK4EnPassantRepetitionReadiness/played_histories_and_inverse_paths/legal_black_capturer (0.21s)
    --- PASS: TestOwnedK4EnPassantRepetitionReadiness/null_quiet_child_and_inverse (1.12s)
        --- PASS: TestOwnedK4EnPassantRepetitionReadiness/null_quiet_child_and_inverse/pinned_white_capturer (0.20s)
        --- PASS: TestOwnedK4EnPassantRepetitionReadiness/null_quiet_child_and_inverse/pinned_black_capturer (0.20s)
        --- PASS: TestOwnedK4EnPassantRepetitionReadiness/null_quiet_child_and_inverse/unrelated_check_white_capturer (0.20s)
        --- PASS: TestOwnedK4EnPassantRepetitionReadiness/null_quiet_child_and_inverse/unrelated_check_black_capturer (0.19s)
        --- PASS: TestOwnedK4EnPassantRepetitionReadiness/null_quiet_child_and_inverse/legal_white_capturer (0.19s)
        --- PASS: TestOwnedK4EnPassantRepetitionReadiness/null_quiet_child_and_inverse/legal_black_capturer (0.14s)
    --- PASS: TestOwnedK4EnPassantRepetitionReadiness/finite_search_restores_caller (0.91s)
        --- PASS: TestOwnedK4EnPassantRepetitionReadiness/finite_search_restores_caller/pinned_white_capturer (0.28s)
        --- PASS: TestOwnedK4EnPassantRepetitionReadiness/finite_search_restores_caller/pinned_black_capturer (0.29s)
        --- PASS: TestOwnedK4EnPassantRepetitionReadiness/finite_search_restores_caller/legal_white_capturer (0.20s)
        --- PASS: TestOwnedK4EnPassantRepetitionReadiness/finite_search_restores_caller/legal_black_capturer (0.14s)
PASS
ok  	github.com/ehrlich-b/ngn/engine	6.230s
