mode: atomic
github.com/ehrlich-b/ngn/main.go:10.13,18.2 5 0
github.com/ehrlich-b/ngn/cmd/benchmark/main.go:56.58,60.16 3 0
github.com/ehrlich-b/ngn/cmd/benchmark/main.go:60.16,62.3 1 0
github.com/ehrlich-b/ngn/cmd/benchmark/main.go:64.2,65.16 2 0
github.com/ehrlich-b/ngn/cmd/benchmark/main.go:65.16,67.3 1 0
github.com/ehrlich-b/ngn/cmd/benchmark/main.go:69.2,70.16 2 0
github.com/ehrlich-b/ngn/cmd/benchmark/main.go:70.16,72.3 1 0
github.com/ehrlich-b/ngn/cmd/benchmark/main.go:74.2,74.36 1 0
github.com/ehrlich-b/ngn/cmd/benchmark/main.go:74.36,76.3 1 0
github.com/ehrlich-b/ngn/cmd/benchmark/main.go:78.2,86.50 2 0
github.com/ehrlich-b/ngn/cmd/benchmark/main.go:86.50,88.3 1 0
github.com/ehrlich-b/ngn/cmd/benchmark/main.go:91.2,91.71 1 0
github.com/ehrlich-b/ngn/cmd/benchmark/main.go:91.71,93.3 1 0
github.com/ehrlich-b/ngn/cmd/benchmark/main.go:96.2,96.54 1 0
github.com/ehrlich-b/ngn/cmd/benchmark/main.go:96.54,98.3 1 0
github.com/ehrlich-b/ngn/cmd/benchmark/main.go:100.2,100.73 1 0
github.com/ehrlich-b/ngn/cmd/benchmark/main.go:100.73,102.3 1 0
github.com/ehrlich-b/ngn/cmd/benchmark/main.go:104.2,104.20 1 0
github.com/ehrlich-b/ngn/cmd/benchmark/main.go:107.55,110.2 2 0
github.com/ehrlich-b/ngn/cmd/benchmark/main.go:112.91,118.6 4 0
github.com/ehrlich-b/ngn/cmd/benchmark/main.go:118.6,119.10 1 0
github.com/ehrlich-b/ngn/cmd/benchmark/main.go:120.21,121.75 1 0
github.com/ehrlich-b/ngn/cmd/benchmark/main.go:122.11,123.22 1 0
github.com/ehrlich-b/ngn/cmd/benchmark/main.go:123.22,126.49 2 0
github.com/ehrlich-b/ngn/cmd/benchmark/main.go:126.49,128.6 1 0
github.com/ehrlich-b/ngn/cmd/benchmark/main.go:130.4,130.40 1 0
github.com/ehrlich-b/ngn/cmd/benchmark/main.go:130.40,132.5 1 0
github.com/ehrlich-b/ngn/cmd/benchmark/main.go:137.102,142.75 3 0
github.com/ehrlich-b/ngn/cmd/benchmark/main.go:142.75,144.3 1 0
github.com/ehrlich-b/ngn/cmd/benchmark/main.go:147.2,148.49 2 0
github.com/ehrlich-b/ngn/cmd/benchmark/main.go:148.49,150.3 1 0
github.com/ehrlich-b/ngn/cmd/benchmark/main.go:153.2,160.6 6 0
github.com/ehrlich-b/ngn/cmd/benchmark/main.go:160.6,161.10 1 0
github.com/ehrlich-b/ngn/cmd/benchmark/main.go:162.21,166.22 4 0
github.com/ehrlich-b/ngn/cmd/benchmark/main.go:168.11,169.22 1 0
github.com/ehrlich-b/ngn/cmd/benchmark/main.go:169.22,173.72 2 0
github.com/ehrlich-b/ngn/cmd/benchmark/main.go:173.72,174.60 1 0
github.com/ehrlich-b/ngn/cmd/benchmark/main.go:174.60,176.7 1 0
github.com/ehrlich-b/ngn/cmd/benchmark/main.go:178.6,178.26 1 0
github.com/ehrlich-b/ngn/cmd/benchmark/main.go:178.26,179.61 1 0
github.com/ehrlich-b/ngn/cmd/benchmark/main.go:179.61,181.8 1 0
github.com/ehrlich-b/ngn/cmd/benchmark/main.go:182.12,182.33 1 0
github.com/ehrlich-b/ngn/cmd/benchmark/main.go:182.33,183.60 1 0
github.com/ehrlich-b/ngn/cmd/benchmark/main.go:183.60,184.20 1 0
github.com/ehrlich-b/ngn/cmd/benchmark/main.go:184.20,186.9 1 0
github.com/ehrlich-b/ngn/cmd/benchmark/main.go:186.14,188.9 1 0
github.com/ehrlich-b/ngn/cmd/benchmark/main.go:191.6,191.60 1 0
github.com/ehrlich-b/ngn/cmd/benchmark/main.go:191.60,193.7 1 0
github.com/ehrlich-b/ngn/cmd/benchmark/main.go:195.6,195.58 1 0
github.com/ehrlich-b/ngn/cmd/benchmark/main.go:195.58,197.7 1 0
github.com/ehrlich-b/ngn/cmd/benchmark/main.go:201.5,201.76 1 0
github.com/ehrlich-b/ngn/cmd/benchmark/main.go:201.76,206.6 4 0
github.com/ehrlich-b/ngn/cmd/benchmark/main.go:208.4,208.40 1 0
github.com/ehrlich-b/ngn/cmd/benchmark/main.go:208.40,213.5 4 0
github.com/ehrlich-b/ngn/cmd/benchmark/main.go:218.35,219.20 1 0
github.com/ehrlich-b/ngn/cmd/benchmark/main.go:219.20,222.3 2 0
github.com/ehrlich-b/ngn/cmd/benchmark/main.go:223.2,223.21 1 0
github.com/ehrlich-b/ngn/cmd/benchmark/main.go:223.21,225.3 1 0
github.com/ehrlich-b/ngn/cmd/benchmark/main.go:226.2,226.21 1 0
github.com/ehrlich-b/ngn/cmd/benchmark/main.go:226.21,228.3 1 0
github.com/ehrlich-b/ngn/cmd/benchmark/main.go:229.2,229.18 1 0
github.com/ehrlich-b/ngn/cmd/benchmark/main.go:229.18,231.3 1 0
github.com/ehrlich-b/ngn/cmd/benchmark/main.go:232.2,232.12 1 0
github.com/ehrlich-b/ngn/cmd/benchmark/main.go:235.75,237.16 2 0
github.com/ehrlich-b/ngn/cmd/benchmark/main.go:237.16,239.3 1 0
github.com/ehrlich-b/ngn/cmd/benchmark/main.go:240.2,245.21 4 0
github.com/ehrlich-b/ngn/cmd/benchmark/main.go:245.21,247.49 2 0
github.com/ehrlich-b/ngn/cmd/benchmark/main.go:247.49,248.12 1 0
github.com/ehrlich-b/ngn/cmd/benchmark/main.go:252.3,253.22 2 0
github.com/ehrlich-b/ngn/cmd/benchmark/main.go:253.22,254.12 1 0
github.com/ehrlich-b/ngn/cmd/benchmark/main.go:257.3,261.37 2 0
github.com/ehrlich-b/ngn/cmd/benchmark/main.go:264.2,264.33 1 0
github.com/ehrlich-b/ngn/cmd/benchmark/main.go:267.73,269.16 2 0
github.com/ehrlich-b/ngn/cmd/benchmark/main.go:269.16,271.3 1 0
github.com/ehrlich-b/ngn/cmd/benchmark/main.go:272.2,281.33 5 0
github.com/ehrlich-b/ngn/cmd/benchmark/main.go:281.33,293.3 1 0
github.com/ehrlich-b/ngn/cmd/benchmark/main.go:295.2,295.12 1 0
github.com/ehrlich-b/ngn/cmd/benchmark/main.go:298.74,310.33 5 0
github.com/ehrlich-b/ngn/cmd/benchmark/main.go:310.33,312.21 2 0
github.com/ehrlich-b/ngn/cmd/benchmark/main.go:312.21,315.27 3 0
github.com/ehrlich-b/ngn/cmd/benchmark/main.go:315.27,317.5 1 0
github.com/ehrlich-b/ngn/cmd/benchmark/main.go:318.4,318.27 1 0
github.com/ehrlich-b/ngn/cmd/benchmark/main.go:318.27,320.5 1 0
github.com/ehrlich-b/ngn/cmd/benchmark/main.go:324.2,328.20 4 0
github.com/ehrlich-b/ngn/cmd/benchmark/main.go:328.20,330.3 1 0
github.com/ehrlich-b/ngn/cmd/benchmark/main.go:330.8,332.3 1 0
github.com/ehrlich-b/ngn/cmd/benchmark/main.go:334.2,334.32 1 0
github.com/ehrlich-b/ngn/cmd/benchmark/main.go:334.32,336.3 1 0
github.com/ehrlich-b/ngn/cmd/benchmark/main.go:337.2,341.16 4 0
github.com/ehrlich-b/ngn/cmd/benchmark/main.go:341.16,343.3 1 0
github.com/ehrlich-b/ngn/cmd/benchmark/main.go:344.2,348.32 4 0
github.com/ehrlich-b/ngn/cmd/benchmark/main.go:351.75,352.22 1 0
github.com/ehrlich-b/ngn/cmd/benchmark/main.go:352.22,354.3 1 0
github.com/ehrlich-b/ngn/cmd/benchmark/main.go:356.2,357.31 2 0
github.com/ehrlich-b/ngn/cmd/benchmark/main.go:360.67,362.16 2 0
github.com/ehrlich-b/ngn/cmd/benchmark/main.go:362.16,364.3 1 0
github.com/ehrlich-b/ngn/cmd/benchmark/main.go:365.2,368.63 3 0
github.com/ehrlich-b/ngn/cmd/benchmark/main.go:368.63,370.3 1 0
github.com/ehrlich-b/ngn/cmd/benchmark/main.go:372.2,373.41 2 0
github.com/ehrlich-b/ngn/cmd/benchmark/main.go:373.41,374.21 1 0
github.com/ehrlich-b/ngn/cmd/benchmark/main.go:374.21,376.4 1 0
github.com/ehrlich-b/ngn/cmd/benchmark/main.go:379.2,379.22 1 0
github.com/ehrlich-b/ngn/cmd/benchmark/main.go:382.27,397.75 4 0
github.com/ehrlich-b/ngn/cmd/benchmark/main.go:397.75,399.3 1 0
github.com/ehrlich-b/ngn/cmd/benchmark/main.go:401.2,405.16 3 0
github.com/ehrlich-b/ngn/cmd/benchmark/main.go:405.16,407.3 1 0
github.com/ehrlich-b/ngn/cmd/benchmark/main.go:409.2,409.25 1 0
github.com/ehrlich-b/ngn/cmd/benchmark/main.go:409.25,411.3 1 0
github.com/ehrlich-b/ngn/cmd/benchmark/main.go:413.2,417.49 3 0
github.com/ehrlich-b/ngn/cmd/benchmark/main.go:417.49,419.17 2 0
github.com/ehrlich-b/ngn/cmd/benchmark/main.go:419.17,421.4 1 0
github.com/ehrlich-b/ngn/cmd/benchmark/main.go:421.9,423.4 1 0
github.com/ehrlich-b/ngn/cmd/benchmark/main.go:427.2,428.16 2 0
github.com/ehrlich-b/ngn/cmd/benchmark/main.go:428.16,430.3 1 0
github.com/ehrlich-b/ngn/cmd/benchmark/main.go:431.2,438.32 5 0
github.com/ehrlich-b/ngn/cmd/benchmark/main.go:438.32,442.17 3 0
github.com/ehrlich-b/ngn/cmd/benchmark/main.go:442.17,449.4 2 0
github.com/ehrlich-b/ngn/cmd/benchmark/main.go:451.3,453.21 2 0
github.com/ehrlich-b/ngn/cmd/benchmark/main.go:453.21,458.57 2 0
github.com/ehrlich-b/ngn/cmd/benchmark/main.go:458.57,459.70 1 0
github.com/ehrlich-b/ngn/cmd/benchmark/main.go:459.70,463.6 2 0
github.com/ehrlich-b/ngn/cmd/benchmark/main.go:465.9,467.4 1 0
github.com/ehrlich-b/ngn/cmd/benchmark/main.go:469.3,469.37 1 0
github.com/ehrlich-b/ngn/cmd/benchmark/main.go:473.2,473.62 1 0
github.com/ehrlich-b/ngn/cmd/benchmark/main.go:473.62,475.3 1 0
github.com/ehrlich-b/ngn/cmd/benchmark/main.go:477.2,477.64 1 0
github.com/ehrlich-b/ngn/cmd/benchmark/main.go:477.64,479.3 1 0
github.com/ehrlich-b/ngn/cmd/benchmark/main.go:482.2,486.33 4 0
github.com/ehrlich-b/ngn/cmd/benchmark/main.go:486.33,488.21 2 0
github.com/ehrlich-b/ngn/cmd/benchmark/main.go:488.21,491.27 3 0
github.com/ehrlich-b/ngn/cmd/benchmark/main.go:491.27,493.5 1 0
github.com/ehrlich-b/ngn/cmd/benchmark/main.go:494.4,494.27 1 0
github.com/ehrlich-b/ngn/cmd/benchmark/main.go:494.27,496.5 1 0
github.com/ehrlich-b/ngn/cmd/benchmark/main.go:500.2,501.20 2 0
github.com/ehrlich-b/ngn/cmd/benchmark/main.go:501.20,503.3 1 0
github.com/ehrlich-b/ngn/cmd/benchmark/main.go:504.2,504.32 1 0
github.com/ehrlich-b/ngn/cmd/benchmark/main.go:504.32,506.3 1 0
github.com/ehrlich-b/ngn/cmd/benchmark/main.go:509.2,518.25 9 0
github.com/ehrlich-b/ngn/cmd/benchmark/main.go:518.25,522.3 3 0
github.com/ehrlich-b/ngn/cmd/benchmark/main.go:524.2,528.12 4 0
github.com/ehrlich-b/ngn/cmd/benchmark/main.go:531.13,532.39 1 0
github.com/ehrlich-b/ngn/cmd/benchmark/main.go:532.39,534.3 1 0
github.com/ehrlich-b/ngn/cmd/combined-report/main.go:40.71,42.16 2 0
github.com/ehrlich-b/ngn/cmd/combined-report/main.go:42.16,44.3 1 0
github.com/ehrlich-b/ngn/cmd/combined-report/main.go:45.2,48.63 3 0
github.com/ehrlich-b/ngn/cmd/combined-report/main.go:48.63,50.3 1 0
github.com/ehrlich-b/ngn/cmd/combined-report/main.go:52.2,52.22 1 0
github.com/ehrlich-b/ngn/cmd/combined-report/main.go:55.69,57.16 2 0
github.com/ehrlich-b/ngn/cmd/combined-report/main.go:57.16,59.3 1 0
github.com/ehrlich-b/ngn/cmd/combined-report/main.go:60.2,63.63 3 0
github.com/ehrlich-b/ngn/cmd/combined-report/main.go:63.63,65.3 1 0
github.com/ehrlich-b/ngn/cmd/combined-report/main.go:67.2,67.22 1 0
github.com/ehrlich-b/ngn/cmd/combined-report/main.go:70.40,71.9 1 0
github.com/ehrlich-b/ngn/cmd/combined-report/main.go:72.21,73.21 1 0
github.com/ehrlich-b/ngn/cmd/combined-report/main.go:74.21,75.21 1 0
github.com/ehrlich-b/ngn/cmd/combined-report/main.go:76.21,77.16 1 0
github.com/ehrlich-b/ngn/cmd/combined-report/main.go:78.21,79.16 1 0
github.com/ehrlich-b/ngn/cmd/combined-report/main.go:80.10,81.29 1 0
github.com/ehrlich-b/ngn/cmd/combined-report/main.go:85.46,86.9 1 0
github.com/ehrlich-b/ngn/cmd/combined-report/main.go:87.22,88.21 1 0
github.com/ehrlich-b/ngn/cmd/combined-report/main.go:89.22,90.21 1 0
github.com/ehrlich-b/ngn/cmd/combined-report/main.go:91.22,92.16 1 0
github.com/ehrlich-b/ngn/cmd/combined-report/main.go:93.22,94.16 1 0
github.com/ehrlich-b/ngn/cmd/combined-report/main.go:95.10,96.29 1 0
github.com/ehrlich-b/ngn/cmd/combined-report/main.go:100.92,103.21 2 0
github.com/ehrlich-b/ngn/cmd/combined-report/main.go:103.21,105.3 1 0
github.com/ehrlich-b/ngn/cmd/combined-report/main.go:107.2,109.42 2 0
github.com/ehrlich-b/ngn/cmd/combined-report/main.go:112.95,115.31 2 0
github.com/ehrlich-b/ngn/cmd/combined-report/main.go:115.31,117.3 1 0
github.com/ehrlich-b/ngn/cmd/combined-report/main.go:119.2,119.28 1 0
github.com/ehrlich-b/ngn/cmd/combined-report/main.go:119.28,121.3 1 0
github.com/ehrlich-b/ngn/cmd/combined-report/main.go:123.2,123.28 1 0
github.com/ehrlich-b/ngn/cmd/combined-report/main.go:123.28,125.3 1 0
github.com/ehrlich-b/ngn/cmd/combined-report/main.go:127.2,127.59 1 0
github.com/ehrlich-b/ngn/cmd/combined-report/main.go:127.59,129.3 1 0
github.com/ehrlich-b/ngn/cmd/combined-report/main.go:131.2,131.13 1 0
github.com/ehrlich-b/ngn/cmd/combined-report/main.go:134.32,142.16 5 0
github.com/ehrlich-b/ngn/cmd/combined-report/main.go:142.16,146.3 3 0
github.com/ehrlich-b/ngn/cmd/combined-report/main.go:149.2,150.16 2 0
github.com/ehrlich-b/ngn/cmd/combined-report/main.go:150.16,154.3 3 0
github.com/ehrlich-b/ngn/cmd/combined-report/main.go:157.2,178.24 17 0
github.com/ehrlich-b/ngn/cmd/combined-report/main.go:178.24,180.3 1 0
github.com/ehrlich-b/ngn/cmd/combined-report/main.go:180.8,180.31 1 0
github.com/ehrlich-b/ngn/cmd/combined-report/main.go:180.31,182.3 1 0
github.com/ehrlich-b/ngn/cmd/combined-report/main.go:182.8,182.31 1 0
github.com/ehrlich-b/ngn/cmd/combined-report/main.go:182.31,184.3 1 0
github.com/ehrlich-b/ngn/cmd/combined-report/main.go:184.8,186.3 1 0
github.com/ehrlich-b/ngn/cmd/combined-report/main.go:188.2,189.38 2 0
github.com/ehrlich-b/ngn/cmd/combined-report/main.go:189.38,191.3 1 0
github.com/ehrlich-b/ngn/cmd/combined-report/main.go:194.2,205.16 3 0
github.com/ehrlich-b/ngn/cmd/combined-report/main.go:205.16,207.3 1 0
github.com/ehrlich-b/ngn/cmd/combined-report/main.go:208.2,212.51 4 0
github.com/ehrlich-b/ngn/cmd/combined-report/main.go:212.51,214.3 1 0
github.com/ehrlich-b/ngn/cmd/combined-report/main.go:216.2,218.12 2 0
github.com/ehrlich-b/ngn/cmd/combined-report/main.go:221.13,222.44 1 0
github.com/ehrlich-b/ngn/cmd/combined-report/main.go:222.44,224.3 1 0
github.com/ehrlich-b/ngn/cmd/analyze_position/main.go:11.13,16.20 4 0
github.com/ehrlich-b/ngn/cmd/analyze_position/main.go:16.20,19.3 2 0
github.com/ehrlich-b/ngn/cmd/analyze_position/main.go:22.2,23.16 2 0
github.com/ehrlich-b/ngn/cmd/analyze_position/main.go:23.16,26.3 2 0
github.com/ehrlich-b/ngn/cmd/analyze_position/main.go:28.2,34.27 4 0
github.com/ehrlich-b/ngn/cmd/analyze_position/main.go:34.27,36.3 1 0
github.com/ehrlich-b/ngn/cmd/analyze_position/main.go:39.2,39.50 1 0
github.com/ehrlich-b/ngn/cmd/analyze_position/main.go:39.50,45.43 3 0
github.com/ehrlich-b/ngn/cmd/analyze_position/main.go:45.43,48.4 2 0
github.com/ehrlich-b/ngn/cmd/analyze_position/main.go:48.9,48.51 1 0
github.com/ehrlich-b/ngn/cmd/analyze_position/main.go:48.51,50.47 2 0
github.com/ehrlich-b/ngn/cmd/analyze_position/main.go:50.47,52.5 1 0
github.com/ehrlich-b/ngn/cmd/analyze_position/main.go:53.4,54.43 2 0
github.com/ehrlich-b/ngn/cmd/analyze_position/main.go:55.9,57.4 1 0
github.com/ehrlich-b/ngn/cmd/analyze_position/main.go:59.3,60.58 1 0
github.com/ehrlich-b/ngn/cmd/eval_breakdown/main.go:11.13,15.20 3 0
github.com/ehrlich-b/ngn/cmd/eval_breakdown/main.go:15.20,18.3 2 0
github.com/ehrlich-b/ngn/cmd/eval_breakdown/main.go:21.2,22.16 2 0
github.com/ehrlich-b/ngn/cmd/eval_breakdown/main.go:22.16,25.3 2 0
github.com/ehrlich-b/ngn/cmd/eval_breakdown/main.go:27.2,44.83 12 0
github.com/ehrlich-b/ngn/cmd/eval_breakdown/main.go:47.66,52.27 3 0
github.com/ehrlich-b/ngn/cmd/eval_breakdown/main.go:52.27,58.3 5 0
github.com/ehrlich-b/ngn/cmd/eval_breakdown/main.go:58.8,64.3 5 0
github.com/ehrlich-b/ngn/cmd/eval_breakdown/main.go:66.2,72.17 6 0
github.com/ehrlich-b/ngn/cmd/eval_breakdown/main.go:75.30,77.14 2 0
github.com/ehrlich-b/ngn/cmd/eval_breakdown/main.go:77.14,80.3 2 0
github.com/ehrlich-b/ngn/cmd/eval_breakdown/main.go:81.2,81.14 1 0
github.com/ehrlich-b/ngn/cmd/pruning-analysis/main.go:13.13,14.22 1 0
github.com/ehrlich-b/ngn/cmd/pruning-analysis/main.go:14.22,18.3 3 0
github.com/ehrlich-b/ngn/cmd/pruning-analysis/main.go:20.2,22.22 3 0
github.com/ehrlich-b/ngn/cmd/pruning-analysis/main.go:22.22,24.3 1 0
github.com/ehrlich-b/ngn/cmd/pruning-analysis/main.go:27.2,27.71 1 0
github.com/ehrlich-b/ngn/cmd/pruning-analysis/main.go:27.71,29.3 1 0
github.com/ehrlich-b/ngn/cmd/pruning-analysis/main.go:31.2,84.26 36 0
github.com/ehrlich-b/ngn/cmd/pruning-analysis/main.go:84.26,86.3 1 0
github.com/ehrlich-b/ngn/cmd/pruning-analysis/main.go:87.2,87.21 1 0
github.com/ehrlich-b/ngn/cmd/pruning-analysis/main.go:87.21,90.3 2 0
github.com/ehrlich-b/ngn/cmd/pruning-analysis/main.go:93.45,94.16 1 0
github.com/ehrlich-b/ngn/cmd/pruning-analysis/main.go:94.16,96.3 1 0
github.com/ehrlich-b/ngn/cmd/pruning-analysis/main.go:97.2,97.47 1 0
github.com/ehrlich-b/ngn/cmd/pruning-analysis/main.go:100.52,101.16 1 0
github.com/ehrlich-b/ngn/cmd/pruning-analysis/main.go:101.16,103.3 1 0
github.com/ehrlich-b/ngn/cmd/pruning-analysis/main.go:105.2,105.53 1 0
github.com/ehrlich-b/ngn/cmd/moves_to_fen/main.go:12.13,13.22 1 0
github.com/ehrlich-b/ngn/cmd/moves_to_fen/main.go:13.22,17.3 3 0
github.com/ehrlich-b/ngn/cmd/moves_to_fen/main.go:19.2,20.16 2 0
github.com/ehrlich-b/ngn/cmd/moves_to_fen/main.go:20.16,23.3 2 0
github.com/ehrlich-b/ngn/cmd/moves_to_fen/main.go:25.2,28.16 3 0
github.com/ehrlich-b/ngn/cmd/moves_to_fen/main.go:28.16,31.3 2 0
github.com/ehrlich-b/ngn/cmd/moves_to_fen/main.go:33.2,33.32 1 0
github.com/ehrlich-b/ngn/cmd/moves_to_fen/main.go:33.32,34.22 1 0
github.com/ehrlich-b/ngn/cmd/moves_to_fen/main.go:34.22,37.4 2 0
github.com/ehrlich-b/ngn/cmd/moves_to_fen/main.go:40.3,40.23 1 0
github.com/ehrlich-b/ngn/cmd/moves_to_fen/main.go:40.23,43.4 2 0
github.com/ehrlich-b/ngn/cmd/moves_to_fen/main.go:45.3,46.17 2 0
github.com/ehrlich-b/ngn/cmd/moves_to_fen/main.go:46.17,49.4 2 0
github.com/ehrlich-b/ngn/cmd/moves_to_fen/main.go:51.3,52.17 2 0
github.com/ehrlich-b/ngn/cmd/moves_to_fen/main.go:52.17,55.4 2 0
github.com/ehrlich-b/ngn/cmd/moves_to_fen/main.go:58.3,65.32 6 0
github.com/ehrlich-b/ngn/cmd/moves_to_fen/main.go:65.32,66.51 1 0
github.com/ehrlich-b/ngn/cmd/moves_to_fen/main.go:66.51,68.26 1 0
github.com/ehrlich-b/ngn/cmd/moves_to_fen/main.go:68.26,70.37 2 0
github.com/ehrlich-b/ngn/cmd/moves_to_fen/main.go:70.37,73.12 3 0
github.com/ehrlich-b/ngn/cmd/moves_to_fen/main.go:75.11,78.11 3 0
github.com/ehrlich-b/ngn/cmd/moves_to_fen/main.go:83.3,83.13 1 0
github.com/ehrlich-b/ngn/cmd/moves_to_fen/main.go:83.13,87.4 3 0
github.com/ehrlich-b/ngn/cmd/moves_to_fen/main.go:89.3,89.26 1 0
github.com/ehrlich-b/ngn/cmd/moves_to_fen/main.go:93.2,93.88 1 0
github.com/ehrlich-b/ngn/cmd/moves_to_fen/main.go:96.46,97.36 1 0
github.com/ehrlich-b/ngn/cmd/moves_to_fen/main.go:98.11,99.22 1 0
github.com/ehrlich-b/ngn/cmd/moves_to_fen/main.go:100.11,101.21 1 0
github.com/ehrlich-b/ngn/cmd/moves_to_fen/main.go:102.11,103.23 1 0
github.com/ehrlich-b/ngn/cmd/moves_to_fen/main.go:104.11,105.23 1 0
github.com/ehrlich-b/ngn/cmd/moves_to_fen/main.go:106.10,107.23 1 0
github.com/ehrlich-b/ngn/cmd/simple-test/main.go:35.58,39.16 3 0
github.com/ehrlich-b/ngn/cmd/simple-test/main.go:39.16,41.3 1 0
github.com/ehrlich-b/ngn/cmd/simple-test/main.go:43.2,44.16 2 0
github.com/ehrlich-b/ngn/cmd/simple-test/main.go:44.16,46.3 1 0
github.com/ehrlich-b/ngn/cmd/simple-test/main.go:48.2,49.16 2 0
github.com/ehrlich-b/ngn/cmd/simple-test/main.go:49.16,51.3 1 0
github.com/ehrlich-b/ngn/cmd/simple-test/main.go:53.2,53.36 1 0
github.com/ehrlich-b/ngn/cmd/simple-test/main.go:53.36,55.3 1 0
github.com/ehrlich-b/ngn/cmd/simple-test/main.go:57.2,65.50 2 0
github.com/ehrlich-b/ngn/cmd/simple-test/main.go:65.50,67.3 1 0
github.com/ehrlich-b/ngn/cmd/simple-test/main.go:70.2,70.71 1 0
github.com/ehrlich-b/ngn/cmd/simple-test/main.go:70.71,72.3 1 0
github.com/ehrlich-b/ngn/cmd/simple-test/main.go:75.2,75.54 1 0
github.com/ehrlich-b/ngn/cmd/simple-test/main.go:75.54,77.3 1 0
github.com/ehrlich-b/ngn/cmd/simple-test/main.go:79.2,79.73 1 0
github.com/ehrlich-b/ngn/cmd/simple-test/main.go:79.73,81.3 1 0
github.com/ehrlich-b/ngn/cmd/simple-test/main.go:83.2,83.20 1 0
github.com/ehrlich-b/ngn/cmd/simple-test/main.go:86.55,90.2 3 0
github.com/ehrlich-b/ngn/cmd/simple-test/main.go:92.91,98.6 4 0
github.com/ehrlich-b/ngn/cmd/simple-test/main.go:98.6,99.10 1 0
github.com/ehrlich-b/ngn/cmd/simple-test/main.go:100.21,101.75 1 0
github.com/ehrlich-b/ngn/cmd/simple-test/main.go:102.11,103.22 1 0
github.com/ehrlich-b/ngn/cmd/simple-test/main.go:103.22,107.49 3 0
github.com/ehrlich-b/ngn/cmd/simple-test/main.go:107.49,109.6 1 0
github.com/ehrlich-b/ngn/cmd/simple-test/main.go:111.4,111.40 1 0
github.com/ehrlich-b/ngn/cmd/simple-test/main.go:111.40,113.5 1 0
github.com/ehrlich-b/ngn/cmd/simple-test/main.go:118.107,124.17 4 0
github.com/ehrlich-b/ngn/cmd/simple-test/main.go:124.17,126.3 1 0
github.com/ehrlich-b/ngn/cmd/simple-test/main.go:128.2,128.51 1 0
github.com/ehrlich-b/ngn/cmd/simple-test/main.go:128.51,130.3 1 0
github.com/ehrlich-b/ngn/cmd/simple-test/main.go:133.2,134.49 2 0
github.com/ehrlich-b/ngn/cmd/simple-test/main.go:134.49,136.3 1 0
github.com/ehrlich-b/ngn/cmd/simple-test/main.go:139.2,146.6 6 0
github.com/ehrlich-b/ngn/cmd/simple-test/main.go:146.6,147.10 1 0
github.com/ehrlich-b/ngn/cmd/simple-test/main.go:148.21,152.22 4 0
github.com/ehrlich-b/ngn/cmd/simple-test/main.go:154.11,155.22 1 0
github.com/ehrlich-b/ngn/cmd/simple-test/main.go:155.22,160.72 3 0
github.com/ehrlich-b/ngn/cmd/simple-test/main.go:160.72,161.60 1 0
github.com/ehrlich-b/ngn/cmd/simple-test/main.go:161.60,163.7 1 0
github.com/ehrlich-b/ngn/cmd/simple-test/main.go:164.6,164.60 1 0
github.com/ehrlich-b/ngn/cmd/simple-test/main.go:164.60,166.7 1 0
github.com/ehrlich-b/ngn/cmd/simple-test/main.go:167.6,167.60 1 0
github.com/ehrlich-b/ngn/cmd/simple-test/main.go:167.60,169.7 1 0
github.com/ehrlich-b/ngn/cmd/simple-test/main.go:173.5,173.76 1 0
github.com/ehrlich-b/ngn/cmd/simple-test/main.go:173.76,178.6 4 0
github.com/ehrlich-b/ngn/cmd/simple-test/main.go:180.4,180.40 1 0
github.com/ehrlich-b/ngn/cmd/simple-test/main.go:180.40,185.5 4 0
github.com/ehrlich-b/ngn/cmd/simple-test/main.go:190.35,191.20 1 0
github.com/ehrlich-b/ngn/cmd/simple-test/main.go:191.20,194.3 2 0
github.com/ehrlich-b/ngn/cmd/simple-test/main.go:195.2,195.21 1 0
github.com/ehrlich-b/ngn/cmd/simple-test/main.go:195.21,197.3 1 0
github.com/ehrlich-b/ngn/cmd/simple-test/main.go:198.2,198.21 1 0
github.com/ehrlich-b/ngn/cmd/simple-test/main.go:198.21,200.3 1 0
github.com/ehrlich-b/ngn/cmd/simple-test/main.go:201.2,201.18 1 0
github.com/ehrlich-b/ngn/cmd/simple-test/main.go:201.18,203.3 1 0
github.com/ehrlich-b/ngn/cmd/simple-test/main.go:204.2,204.12 1 0
github.com/ehrlich-b/ngn/cmd/simple-test/main.go:207.33,212.75 3 0
github.com/ehrlich-b/ngn/cmd/simple-test/main.go:212.75,214.3 1 0
github.com/ehrlich-b/ngn/cmd/simple-test/main.go:216.2,233.16 4 0
github.com/ehrlich-b/ngn/cmd/simple-test/main.go:233.16,235.3 1 0
github.com/ehrlich-b/ngn/cmd/simple-test/main.go:236.2,242.33 4 0
github.com/ehrlich-b/ngn/cmd/simple-test/main.go:242.33,248.17 5 0
github.com/ehrlich-b/ngn/cmd/simple-test/main.go:248.17,252.12 4 0
github.com/ehrlich-b/ngn/cmd/simple-test/main.go:256.3,259.46 3 0
github.com/ehrlich-b/ngn/cmd/simple-test/main.go:259.46,264.18 4 0
github.com/ehrlich-b/ngn/cmd/simple-test/main.go:264.18,267.10 3 0
github.com/ehrlich-b/ngn/cmd/simple-test/main.go:270.4,270.22 1 0
github.com/ehrlich-b/ngn/cmd/simple-test/main.go:270.22,276.5 3 0
github.com/ehrlich-b/ngn/cmd/simple-test/main.go:276.10,280.50 3 0
github.com/ehrlich-b/ngn/cmd/simple-test/main.go:280.50,283.6 2 0
github.com/ehrlich-b/ngn/cmd/simple-test/main.go:284.5,284.10 1 0
github.com/ehrlich-b/ngn/cmd/simple-test/main.go:288.3,288.27 1 0
github.com/ehrlich-b/ngn/cmd/simple-test/main.go:288.27,291.4 2 0
github.com/ehrlich-b/ngn/cmd/simple-test/main.go:291.9,294.4 2 0
github.com/ehrlich-b/ngn/cmd/simple-test/main.go:296.3,299.37 2 0
github.com/ehrlich-b/ngn/cmd/simple-test/main.go:303.2,317.12 3 0
github.com/ehrlich-b/ngn/cmd/simple-test/main.go:320.13,321.45 1 0
github.com/ehrlich-b/ngn/cmd/simple-test/main.go:321.45,323.3 1 0
github.com/ehrlich-b/ngn/cmd/gametest/main.go:75.13,93.16 4 0
github.com/ehrlich-b/ngn/cmd/gametest/main.go:93.16,95.3 1 0
github.com/ehrlich-b/ngn/cmd/gametest/main.go:96.2,110.46 5 0
github.com/ehrlich-b/ngn/cmd/gametest/main.go:110.46,112.3 1 0
github.com/ehrlich-b/ngn/cmd/gametest/main.go:115.2,115.23 1 0
github.com/ehrlich-b/ngn/cmd/gametest/main.go:118.40,119.34 1 0
github.com/ehrlich-b/ngn/cmd/gametest/main.go:119.34,120.10 1 0
github.com/ehrlich-b/ngn/cmd/gametest/main.go:121.51,122.60 1 0
github.com/ehrlich-b/ngn/cmd/gametest/main.go:122.60,124.5 1 0
github.com/ehrlich-b/ngn/cmd/gametest/main.go:125.50,126.74 1 0
github.com/ehrlich-b/ngn/cmd/gametest/main.go:126.74,128.5 1 0
github.com/ehrlich-b/ngn/cmd/gametest/main.go:129.51,130.89 1 0
github.com/ehrlich-b/ngn/cmd/gametest/main.go:130.89,132.5 1 0
github.com/ehrlich-b/ngn/cmd/gametest/main.go:133.49,134.58 1 0
github.com/ehrlich-b/ngn/cmd/gametest/main.go:134.58,137.5 2 0
github.com/ehrlich-b/ngn/cmd/gametest/main.go:137.10,137.39 1 0
github.com/ehrlich-b/ngn/cmd/gametest/main.go:137.39,140.5 2 0
github.com/ehrlich-b/ngn/cmd/gametest/main.go:140.10,142.5 1 0
github.com/ehrlich-b/ngn/cmd/gametest/main.go:143.27,144.25 1 0
github.com/ehrlich-b/ngn/cmd/gametest/main.go:145.25,146.26 1 0
github.com/ehrlich-b/ngn/cmd/gametest/main.go:152.44,156.59 2 0
github.com/ehrlich-b/ngn/cmd/gametest/main.go:156.59,160.17 3 0
github.com/ehrlich-b/ngn/cmd/gametest/main.go:160.17,163.12 3 0
github.com/ehrlich-b/ngn/cmd/gametest/main.go:166.3,169.69 3 0
github.com/ehrlich-b/ngn/cmd/gametest/main.go:173.2,173.21 1 0
github.com/ehrlich-b/ngn/cmd/gametest/main.go:177.58,194.16 5 0
github.com/ehrlich-b/ngn/cmd/gametest/main.go:194.16,196.3 1 0
github.com/ehrlich-b/ngn/cmd/gametest/main.go:197.2,200.16 3 0
github.com/ehrlich-b/ngn/cmd/gametest/main.go:200.16,202.3 1 0
github.com/ehrlich-b/ngn/cmd/gametest/main.go:203.2,206.57 2 0
github.com/ehrlich-b/ngn/cmd/gametest/main.go:206.57,208.3 1 0
github.com/ehrlich-b/ngn/cmd/gametest/main.go:211.2,212.19 2 0
github.com/ehrlich-b/ngn/cmd/gametest/main.go:212.19,214.3 1 0
github.com/ehrlich-b/ngn/cmd/gametest/main.go:214.8,216.3 1 0
github.com/ehrlich-b/ngn/cmd/gametest/main.go:218.2,222.60 3 0
github.com/ehrlich-b/ngn/cmd/gametest/main.go:222.60,227.19 3 0
github.com/ehrlich-b/ngn/cmd/gametest/main.go:227.19,229.4 1 0
github.com/ehrlich-b/ngn/cmd/gametest/main.go:232.3,233.26 2 0
github.com/ehrlich-b/ngn/cmd/gametest/main.go:233.26,235.4 1 0
github.com/ehrlich-b/ngn/cmd/gametest/main.go:237.3,237.68 1 0
github.com/ehrlich-b/ngn/cmd/gametest/main.go:237.68,239.4 1 0
github.com/ehrlich-b/ngn/cmd/gametest/main.go:242.3,249.17 6 0
github.com/ehrlich-b/ngn/cmd/gametest/main.go:249.17,252.9 3 0
github.com/ehrlich-b/ngn/cmd/gametest/main.go:255.3,255.37 1 0
github.com/ehrlich-b/ngn/cmd/gametest/main.go:255.37,258.9 3 0
github.com/ehrlich-b/ngn/cmd/gametest/main.go:264.3,264.27 1 0
github.com/ehrlich-b/ngn/cmd/gametest/main.go:264.27,266.4 1 0
github.com/ehrlich-b/ngn/cmd/gametest/main.go:266.9,268.4 1 0
github.com/ehrlich-b/ngn/cmd/gametest/main.go:270.3,276.24 3 0
github.com/ehrlich-b/ngn/cmd/gametest/main.go:276.24,283.28 5 0
github.com/ehrlich-b/ngn/cmd/gametest/main.go:283.28,285.5 1 0
github.com/ehrlich-b/ngn/cmd/gametest/main.go:288.4,290.24 3 0
github.com/ehrlich-b/ngn/cmd/gametest/main.go:290.24,292.5 1 0
github.com/ehrlich-b/ngn/cmd/gametest/main.go:294.4,297.27 1 0
github.com/ehrlich-b/ngn/cmd/gametest/main.go:301.3,301.44 1 0
github.com/ehrlich-b/ngn/cmd/gametest/main.go:301.44,304.9 3 0
github.com/ehrlich-b/ngn/cmd/gametest/main.go:308.2,309.18 2 0
github.com/ehrlich-b/ngn/cmd/gametest/main.go:313.71,317.16 3 0
github.com/ehrlich-b/ngn/cmd/gametest/main.go:317.16,319.3 1 0
github.com/ehrlich-b/ngn/cmd/gametest/main.go:321.2,322.16 2 0
github.com/ehrlich-b/ngn/cmd/gametest/main.go:322.16,324.3 1 0
github.com/ehrlich-b/ngn/cmd/gametest/main.go:326.2,327.16 2 0
github.com/ehrlich-b/ngn/cmd/gametest/main.go:327.16,329.3 1 0
github.com/ehrlich-b/ngn/cmd/gametest/main.go:331.2,331.36 1 0
github.com/ehrlich-b/ngn/cmd/gametest/main.go:331.36,333.3 1 0
github.com/ehrlich-b/ngn/cmd/gametest/main.go:335.2,344.54 2 0
github.com/ehrlich-b/ngn/cmd/gametest/main.go:344.54,346.3 1 0
github.com/ehrlich-b/ngn/cmd/gametest/main.go:349.2,349.27 1 0
github.com/ehrlich-b/ngn/cmd/gametest/main.go:349.27,352.22 3 0
github.com/ehrlich-b/ngn/cmd/gametest/main.go:352.22,353.9 1 0
github.com/ehrlich-b/ngn/cmd/gametest/main.go:357.2,357.58 1 0
github.com/ehrlich-b/ngn/cmd/gametest/main.go:357.58,359.3 1 0
github.com/ehrlich-b/ngn/cmd/gametest/main.go:362.2,362.27 1 0
github.com/ehrlich-b/ngn/cmd/gametest/main.go:362.27,365.24 3 0
github.com/ehrlich-b/ngn/cmd/gametest/main.go:365.24,366.9 1 0
github.com/ehrlich-b/ngn/cmd/gametest/main.go:370.2,370.20 1 0
github.com/ehrlich-b/ngn/cmd/gametest/main.go:374.64,376.32 1 0
github.com/ehrlich-b/ngn/cmd/gametest/main.go:376.32,377.95 1 0
github.com/ehrlich-b/ngn/cmd/gametest/main.go:377.95,379.4 1 0
github.com/ehrlich-b/ngn/cmd/gametest/main.go:380.3,381.56 2 0
github.com/ehrlich-b/ngn/cmd/gametest/main.go:381.56,383.4 1 0
github.com/ehrlich-b/ngn/cmd/gametest/main.go:384.8,387.58 2 0
github.com/ehrlich-b/ngn/cmd/gametest/main.go:387.58,389.4 1 0
github.com/ehrlich-b/ngn/cmd/gametest/main.go:392.2,392.12 1 0
github.com/ehrlich-b/ngn/cmd/gametest/main.go:396.73,399.68 2 0
github.com/ehrlich-b/ngn/cmd/gametest/main.go:399.68,401.3 1 0
github.com/ehrlich-b/ngn/cmd/gametest/main.go:402.2,402.29 1 0
github.com/ehrlich-b/ngn/cmd/gametest/main.go:406.92,407.58 1 0
github.com/ehrlich-b/ngn/cmd/gametest/main.go:407.58,409.3 1 0
github.com/ehrlich-b/ngn/cmd/gametest/main.go:411.2,421.6 3 0
github.com/ehrlich-b/ngn/cmd/gametest/main.go:421.6,422.10 1 0
github.com/ehrlich-b/ngn/cmd/gametest/main.go:423.18,424.42 1 0
github.com/ehrlich-b/ngn/cmd/gametest/main.go:425.11,426.28 1 0
github.com/ehrlich-b/ngn/cmd/gametest/main.go:426.28,430.41 3 0
github.com/ehrlich-b/ngn/cmd/gametest/main.go:430.41,433.6 1 0
github.com/ehrlich-b/ngn/cmd/gametest/main.go:433.11,433.52 1 0
github.com/ehrlich-b/ngn/cmd/gametest/main.go:433.52,435.25 2 0
github.com/ehrlich-b/ngn/cmd/gametest/main.go:435.25,438.7 2 0
github.com/ehrlich-b/ngn/cmd/gametest/main.go:446.66,449.31 2 0
github.com/ehrlich-b/ngn/cmd/gametest/main.go:449.31,450.16 1 0
github.com/ehrlich-b/ngn/cmd/gametest/main.go:451.16,452.25 1 0
github.com/ehrlich-b/ngn/cmd/gametest/main.go:452.25,453.60 1 0
github.com/ehrlich-b/ngn/cmd/gametest/main.go:453.60,455.6 1 0
github.com/ehrlich-b/ngn/cmd/gametest/main.go:457.16,458.25 1 0
github.com/ehrlich-b/ngn/cmd/gametest/main.go:458.25,459.60 1 0
github.com/ehrlich-b/ngn/cmd/gametest/main.go:459.60,461.6 1 0
github.com/ehrlich-b/ngn/cmd/gametest/main.go:463.16,465.25 1 0
github.com/ehrlich-b/ngn/cmd/gametest/main.go:465.25,469.5 3 0
github.com/ehrlich-b/ngn/cmd/gametest/main.go:470.13,473.52 2 0
github.com/ehrlich-b/ngn/cmd/gametest/main.go:473.52,476.48 1 0
github.com/ehrlich-b/ngn/cmd/gametest/main.go:476.48,477.11 1 0
github.com/ehrlich-b/ngn/cmd/gametest/main.go:479.5,479.41 1 0
github.com/ehrlich-b/ngn/cmd/gametest/main.go:481.4,481.40 1 0
github.com/ehrlich-b/ngn/cmd/gametest/main.go:487.81,489.16 2 0
github.com/ehrlich-b/ngn/cmd/gametest/main.go:489.16,491.3 1 0
github.com/ehrlich-b/ngn/cmd/gametest/main.go:492.2,492.27 1 0
github.com/ehrlich-b/ngn/cmd/gametest/main.go:496.50,501.12 3 0
github.com/ehrlich-b/ngn/cmd/gametest/main.go:501.12,503.3 1 0
github.com/ehrlich-b/ngn/cmd/gametest/main.go:505.2,505.9 1 0
github.com/ehrlich-b/ngn/cmd/gametest/main.go:506.14,506.14 0 0
github.com/ehrlich-b/ngn/cmd/gametest/main.go:508.37,510.32 1 0
github.com/ehrlich-b/ngn/cmd/gametest/main.go:515.39,517.16 2 0
github.com/ehrlich-b/ngn/cmd/gametest/main.go:517.16,519.3 1 0
github.com/ehrlich-b/ngn/cmd/gametest/main.go:520.2,522.32 2 0
github.com/ehrlich-b/ngn/cmd/gametest/main.go:522.32,532.35 8 0
github.com/ehrlich-b/ngn/cmd/gametest/main.go:532.35,533.16 1 0
github.com/ehrlich-b/ngn/cmd/gametest/main.go:533.16,535.5 1 0
github.com/ehrlich-b/ngn/cmd/gametest/main.go:535.10,537.5 1 0
github.com/ehrlich-b/ngn/cmd/gametest/main.go:539.3,539.43 1 0
github.com/ehrlich-b/ngn/cmd/gametest/main.go:542.2,542.12 1 0
github.com/ehrlich-b/ngn/cmd/gametest/main.go:545.57,546.19 1 0
github.com/ehrlich-b/ngn/cmd/gametest/main.go:546.19,548.3 1 0
github.com/ehrlich-b/ngn/cmd/gametest/main.go:549.2,549.30 1 0
github.com/ehrlich-b/ngn/cmd/gametest/main.go:552.57,553.19 1 0
github.com/ehrlich-b/ngn/cmd/gametest/main.go:553.19,555.3 1 0
github.com/ehrlich-b/ngn/cmd/gametest/main.go:556.2,556.14 1 0
github.com/ehrlich-b/ngn/cmd/gametest/main.go:559.49,560.32 1 0
github.com/ehrlich-b/ngn/cmd/gametest/main.go:560.32,562.3 1 0
github.com/ehrlich-b/ngn/cmd/gametest/main.go:563.2,563.70 1 0
github.com/ehrlich-b/ngn/cmd/gametest/main.go:566.61,567.29 1 0
github.com/ehrlich-b/ngn/cmd/gametest/main.go:567.29,569.3 1 0
github.com/ehrlich-b/ngn/cmd/gametest/main.go:570.2,570.67 1 0
github.com/ehrlich-b/ngn/cmd/gametest/main.go:574.38,582.32 6 0
github.com/ehrlich-b/ngn/cmd/gametest/main.go:582.32,583.22 1 0
github.com/ehrlich-b/ngn/cmd/gametest/main.go:584.14,585.43 1 0
github.com/ehrlich-b/ngn/cmd/gametest/main.go:585.43,587.5 1 0
github.com/ehrlich-b/ngn/cmd/gametest/main.go:587.10,589.5 1 0
github.com/ehrlich-b/ngn/cmd/gametest/main.go:590.14,591.43 1 0
github.com/ehrlich-b/ngn/cmd/gametest/main.go:591.43,593.5 1 0
github.com/ehrlich-b/ngn/cmd/gametest/main.go:593.10,595.5 1 0
github.com/ehrlich-b/ngn/cmd/gametest/main.go:596.18,597.11 1 0
github.com/ehrlich-b/ngn/cmd/gametest/main.go:601.2,605.23 4 0
github.com/ehrlich-b/ngn/cmd/gametest/main.go:605.23,609.3 3 0
github.com/ehrlich-b/ngn/cmd/gametest/main.go:611.2,612.52 2 0
github.com/ehrlich-b/ngn/cmd/gametest/position_analyzer.go:13.46,15.2 1 0
github.com/ehrlich-b/ngn/cmd/gametest/position_analyzer.go:18.80,20.16 2 0
github.com/ehrlich-b/ngn/cmd/gametest/position_analyzer.go:20.16,22.3 1 0
github.com/ehrlich-b/ngn/cmd/gametest/position_analyzer.go:24.2,34.21 4 0
github.com/ehrlich-b/ngn/cmd/gametest/position_analyzer.go:34.21,36.22 1 0
github.com/ehrlich-b/ngn/cmd/gametest/position_analyzer.go:36.22,38.26 2 0
github.com/ehrlich-b/ngn/cmd/gametest/position_analyzer.go:38.26,41.5 2 0
github.com/ehrlich-b/ngn/cmd/gametest/position_analyzer.go:41.10,44.5 2 0
github.com/ehrlich-b/ngn/cmd/gametest/position_analyzer.go:45.9,49.4 3 0
github.com/ehrlich-b/ngn/cmd/gametest/position_analyzer.go:50.3,50.19 1 0
github.com/ehrlich-b/ngn/cmd/gametest/position_analyzer.go:54.2,54.36 1 0
github.com/ehrlich-b/ngn/cmd/gametest/position_analyzer.go:54.36,59.3 4 0
github.com/ehrlich-b/ngn/cmd/gametest/position_analyzer.go:62.2,62.30 1 0
github.com/ehrlich-b/ngn/cmd/gametest/position_analyzer.go:62.30,67.3 4 0
github.com/ehrlich-b/ngn/cmd/gametest/position_analyzer.go:70.2,70.35 1 0
github.com/ehrlich-b/ngn/cmd/gametest/position_analyzer.go:70.35,75.3 4 0
github.com/ehrlich-b/ngn/cmd/gametest/position_analyzer.go:78.2,81.18 3 0
github.com/ehrlich-b/ngn/cmd/gametest/position_analyzer.go:97.79,111.112 11 0
github.com/ehrlich-b/ngn/cmd/gametest/position_analyzer.go:111.112,113.3 1 0
github.com/ehrlich-b/ngn/cmd/gametest/position_analyzer.go:116.2,120.40 3 0
github.com/ehrlich-b/ngn/cmd/gametest/position_analyzer.go:120.40,122.3 1 0
github.com/ehrlich-b/ngn/cmd/gametest/position_analyzer.go:125.2,125.82 1 0
github.com/ehrlich-b/ngn/cmd/gametest/position_analyzer.go:125.82,127.3 1 0
github.com/ehrlich-b/ngn/cmd/gametest/position_analyzer.go:130.2,130.82 1 0
github.com/ehrlich-b/ngn/cmd/gametest/position_analyzer.go:130.82,132.3 1 0
github.com/ehrlich-b/ngn/cmd/gametest/position_analyzer.go:135.2,135.14 1 0
github.com/ehrlich-b/ngn/cmd/gametest/position_analyzer.go:139.78,143.2 1 0
github.com/ehrlich-b/ngn/cmd/gametest/position_analyzer.go:146.92,149.2 1 0
github.com/ehrlich-b/ngn/cmd/gametest/position_analyzer.go:152.96,154.16 2 0
github.com/ehrlich-b/ngn/cmd/gametest/position_analyzer.go:154.16,156.3 1 0
github.com/ehrlich-b/ngn/cmd/gametest/position_analyzer.go:158.2,159.16 2 0
github.com/ehrlich-b/ngn/cmd/gametest/position_analyzer.go:159.16,161.3 1 0
github.com/ehrlich-b/ngn/cmd/gametest/position_analyzer.go:164.2,167.37 2 0
github.com/ehrlich-b/ngn/cmd/gametest/position_analyzer.go:171.76,173.16 2 0
github.com/ehrlich-b/ngn/cmd/gametest/position_analyzer.go:173.16,175.3 1 0
github.com/ehrlich-b/ngn/cmd/gametest/position_analyzer.go:177.2,178.16 2 0
github.com/ehrlich-b/ngn/cmd/gametest/position_analyzer.go:178.16,180.3 1 0
github.com/ehrlich-b/ngn/cmd/gametest/position_analyzer.go:183.2,184.39 2 0
github.com/ehrlich-b/ngn/cmd/gametest/position_analyzer.go:184.39,185.24 1 0
github.com/ehrlich-b/ngn/cmd/gametest/position_analyzer.go:185.24,187.4 1 0
github.com/ehrlich-b/ngn/cmd/gametest/position_analyzer.go:190.2,190.72 1 0
github.com/ehrlich-b/ngn/cmd/gametest/position_analyzer.go:194.76,196.16 2 0
github.com/ehrlich-b/ngn/cmd/gametest/position_analyzer.go:196.16,198.3 1 0
github.com/ehrlich-b/ngn/cmd/gametest/position_analyzer.go:201.2,202.18 2 0
github.com/ehrlich-b/ngn/cmd/gametest/stockfish_validator.go:18.79,25.16 3 0
github.com/ehrlich-b/ngn/cmd/gametest/stockfish_validator.go:25.16,27.3 1 0
github.com/ehrlich-b/ngn/cmd/gametest/stockfish_validator.go:29.2,30.23 2 0
github.com/ehrlich-b/ngn/cmd/gametest/stockfish_validator.go:34.78,37.52 2 0
github.com/ehrlich-b/ngn/cmd/gametest/stockfish_validator.go:37.52,39.3 1 0
github.com/ehrlich-b/ngn/cmd/gametest/stockfish_validator.go:42.2,43.48 2 0
github.com/ehrlich-b/ngn/cmd/gametest/stockfish_validator.go:43.48,45.3 1 0
github.com/ehrlich-b/ngn/cmd/gametest/stockfish_validator.go:49.2,49.53 1 0
github.com/ehrlich-b/ngn/cmd/gametest/stockfish_validator.go:49.53,51.3 1 0
github.com/ehrlich-b/ngn/cmd/gametest/stockfish_validator.go:54.2,55.6 2 0
github.com/ehrlich-b/ngn/cmd/gametest/stockfish_validator.go:55.6,56.10 1 0
github.com/ehrlich-b/ngn/cmd/gametest/stockfish_validator.go:57.18,58.65 1 0
github.com/ehrlich-b/ngn/cmd/gametest/stockfish_validator.go:59.11,60.31 1 0
github.com/ehrlich-b/ngn/cmd/gametest/stockfish_validator.go:60.31,62.45 2 0
github.com/ehrlich-b/ngn/cmd/gametest/stockfish_validator.go:62.45,65.6 1 0
github.com/ehrlich-b/ngn/cmd/gametest/stockfish_validator.go:66.5,66.84 1 0
github.com/ehrlich-b/ngn/cmd/gametest/stockfish_validator.go:66.84,68.6 1 0
github.com/ehrlich-b/ngn/cmd/gametest/stockfish_validator.go:75.75,78.52 2 0
github.com/ehrlich-b/ngn/cmd/gametest/stockfish_validator.go:78.52,80.3 1 0
github.com/ehrlich-b/ngn/cmd/gametest/stockfish_validator.go:83.2,83.53 1 0
github.com/ehrlich-b/ngn/cmd/gametest/stockfish_validator.go:83.53,85.3 1 0
github.com/ehrlich-b/ngn/cmd/gametest/stockfish_validator.go:88.2,91.6 3 0
github.com/ehrlich-b/ngn/cmd/gametest/stockfish_validator.go:91.6,92.10 1 0
github.com/ehrlich-b/ngn/cmd/gametest/stockfish_validator.go:93.18,94.21 1 0
github.com/ehrlich-b/ngn/cmd/gametest/stockfish_validator.go:95.11,96.31 1 0
github.com/ehrlich-b/ngn/cmd/gametest/stockfish_validator.go:96.31,98.45 2 0
github.com/ehrlich-b/ngn/cmd/gametest/stockfish_validator.go:98.45,101.49 2 0
github.com/ehrlich-b/ngn/cmd/gametest/stockfish_validator.go:101.49,103.7 1 0
github.com/ehrlich-b/ngn/cmd/gametest/stockfish_validator.go:104.6,104.23 1 0
github.com/ehrlich-b/ngn/cmd/gametest/stockfish_validator.go:112.88,115.52 2 0
github.com/ehrlich-b/ngn/cmd/gametest/stockfish_validator.go:115.52,117.3 1 0
github.com/ehrlich-b/ngn/cmd/gametest/stockfish_validator.go:120.2,120.53 1 0
github.com/ehrlich-b/ngn/cmd/gametest/stockfish_validator.go:120.53,122.3 1 0
github.com/ehrlich-b/ngn/cmd/gametest/stockfish_validator.go:124.2,125.6 2 0
github.com/ehrlich-b/ngn/cmd/gametest/stockfish_validator.go:125.6,126.10 1 0
github.com/ehrlich-b/ngn/cmd/gametest/stockfish_validator.go:127.18,128.39 1 0
github.com/ehrlich-b/ngn/cmd/gametest/stockfish_validator.go:129.11,130.31 1 0
github.com/ehrlich-b/ngn/cmd/gametest/stockfish_validator.go:130.31,132.45 2 0
github.com/ehrlich-b/ngn/cmd/gametest/stockfish_validator.go:132.45,134.49 2 0
github.com/ehrlich-b/ngn/cmd/gametest/stockfish_validator.go:134.49,138.7 1 0
github.com/ehrlich-b/ngn/cmd/gametest/stockfish_validator.go:140.6,140.41 1 0
github.com/ehrlich-b/ngn/cmd/gametest/stockfish_validator.go:142.5,142.39 1 0
github.com/ehrlich-b/ngn/cmd/gametest/stockfish_validator.go:142.39,144.42 1 0
github.com/ehrlich-b/ngn/cmd/gametest/stockfish_validator.go:144.42,147.29 2 0
github.com/ehrlich-b/ngn/cmd/gametest/stockfish_validator.go:147.29,148.30 1 0
github.com/ehrlich-b/ngn/cmd/gametest/stockfish_validator.go:148.30,150.9 1 0
github.com/ehrlich-b/ngn/cmd/gametest/stockfish_validator.go:150.14,152.9 1 0
github.com/ehrlich-b/ngn/cmd/gametest/stockfish_validator.go:162.90,165.23 2 0
github.com/ehrlich-b/ngn/cmd/gametest/stockfish_validator.go:165.23,167.3 1 0
github.com/ehrlich-b/ngn/cmd/gametest/stockfish_validator.go:169.2,173.36 2 0
github.com/ehrlich-b/ngn/cmd/gametest/stockfish_validator.go:177.65,181.16 3 0
github.com/ehrlich-b/ngn/cmd/gametest/stockfish_validator.go:181.16,183.3 1 0
github.com/ehrlich-b/ngn/cmd/gametest/stockfish_validator.go:185.2,186.16 2 0
github.com/ehrlich-b/ngn/cmd/gametest/stockfish_validator.go:186.16,188.3 1 0
github.com/ehrlich-b/ngn/cmd/gametest/stockfish_validator.go:190.2,191.16 2 0
github.com/ehrlich-b/ngn/cmd/gametest/stockfish_validator.go:191.16,193.3 1 0
github.com/ehrlich-b/ngn/cmd/gametest/stockfish_validator.go:195.2,195.36 1 0
github.com/ehrlich-b/ngn/cmd/gametest/stockfish_validator.go:195.36,197.3 1 0
github.com/ehrlich-b/ngn/cmd/gametest/stockfish_validator.go:199.2,211.46 3 0
github.com/ehrlich-b/ngn/cmd/gametest/stockfish_validator.go:211.46,213.3 1 0
github.com/ehrlich-b/ngn/cmd/gametest/stockfish_validator.go:216.2,217.6 2 0
github.com/ehrlich-b/ngn/cmd/gametest/stockfish_validator.go:217.6,218.10 1 0
github.com/ehrlich-b/ngn/cmd/gametest/stockfish_validator.go:219.18,220.65 1 0
github.com/ehrlich-b/ngn/cmd/gametest/stockfish_validator.go:221.11,222.28 1 0
github.com/ehrlich-b/ngn/cmd/gametest/stockfish_validator.go:222.28,224.24 2 0
github.com/ehrlich-b/ngn/cmd/gametest/stockfish_validator.go:224.24,226.54 1 0
github.com/ehrlich-b/ngn/cmd/gametest/stockfish_validator.go:226.54,228.7 1 0
github.com/ehrlich-b/ngn/cmd/gametest/stockfish_validator.go:230.6,230.31 1 0
github.com/ehrlich-b/ngn/cmd/gametest/stockfish_validator.go:230.31,232.28 2 0
github.com/ehrlich-b/ngn/cmd/gametest/stockfish_validator.go:232.28,234.8 1 0
github.com/ehrlich-b/ngn/cmd/gametest/stockfish_validator.go:243.65,244.71 1 0
github.com/ehrlich-b/ngn/cmd/gametest/stockfish_validator.go:244.71,246.3 1 0
github.com/ehrlich-b/ngn/cmd/gametest/stockfish_validator.go:247.2,247.32 1 0
github.com/ehrlich-b/ngn/cmd/gametest/stockfish_validator.go:251.39,252.22 1 0
github.com/ehrlich-b/ngn/cmd/gametest/stockfish_validator.go:252.22,257.13 3 0
github.com/ehrlich-b/ngn/cmd/gametest/stockfish_validator.go:257.13,259.4 1 0
github.com/ehrlich-b/ngn/cmd/gametest/stockfish_validator.go:261.3,261.10 1 0
github.com/ehrlich-b/ngn/cmd/gametest/stockfish_validator.go:262.15,262.15 0 0
github.com/ehrlich-b/ngn/cmd/gametest/stockfish_validator.go:264.38,266.36 1 0
github.com/ehrlich-b/ngn/cmd/trace_move/main.go:11.13,17.39 5 0
github.com/ehrlich-b/ngn/cmd/trace_move/main.go:17.39,20.3 2 0
github.com/ehrlich-b/ngn/cmd/trace_move/main.go:23.2,24.16 2 0
github.com/ehrlich-b/ngn/cmd/trace_move/main.go:24.16,27.3 2 0
github.com/ehrlich-b/ngn/cmd/trace_move/main.go:29.2,38.29 6 0
github.com/ehrlich-b/ngn/cmd/trace_move/main.go:38.29,39.35 1 0
github.com/ehrlich-b/ngn/cmd/trace_move/main.go:39.35,42.9 3 0
github.com/ehrlich-b/ngn/cmd/trace_move/main.go:46.2,46.12 1 0
github.com/ehrlich-b/ngn/cmd/trace_move/main.go:46.12,49.27 3 0
github.com/ehrlich-b/ngn/cmd/trace_move/main.go:49.27,51.4 1 0
github.com/ehrlich-b/ngn/cmd/trace_move/main.go:52.3,53.13 2 0
github.com/ehrlich-b/ngn/cmd/trace_move/main.go:57.2,66.47 7 0
github.com/ehrlich-b/ngn/cmd/trace_move/main.go:66.47,70.43 3 0
github.com/ehrlich-b/ngn/cmd/trace_move/main.go:70.43,73.4 2 0
github.com/ehrlich-b/ngn/cmd/trace_move/main.go:73.9,73.51 1 0
github.com/ehrlich-b/ngn/cmd/trace_move/main.go:73.51,75.47 2 0
github.com/ehrlich-b/ngn/cmd/trace_move/main.go:75.47,77.5 1 0
github.com/ehrlich-b/ngn/cmd/trace_move/main.go:78.4,79.43 2 0
github.com/ehrlich-b/ngn/cmd/trace_move/main.go:80.9,82.4 1 0
github.com/ehrlich-b/ngn/cmd/trace_move/main.go:84.3,85.58 1 0
github.com/ehrlich-b/ngn/cmd/trace_move/main.go:89.2,89.41 1 0
github.com/ehrlich-b/ngn/cmd/pgn_to_fens/main.go:13.13,14.23 1 0
github.com/ehrlich-b/ngn/cmd/pgn_to_fens/main.go:14.23,17.3 2 0
github.com/ehrlich-b/ngn/cmd/pgn_to_fens/main.go:19.2,20.16 2 0
github.com/ehrlich-b/ngn/cmd/pgn_to_fens/main.go:20.16,23.3 2 0
github.com/ehrlich-b/ngn/cmd/pgn_to_fens/main.go:24.2,38.21 6 0
github.com/ehrlich-b/ngn/cmd/pgn_to_fens/main.go:38.21,42.49 2 0
github.com/ehrlich-b/ngn/cmd/pgn_to_fens/main.go:42.49,43.12 1 0
github.com/ehrlich-b/ngn/cmd/pgn_to_fens/main.go:47.3,49.33 2 0
github.com/ehrlich-b/ngn/cmd/pgn_to_fens/main.go:49.33,50.21 1 0
github.com/ehrlich-b/ngn/cmd/pgn_to_fens/main.go:50.21,51.13 1 0
github.com/ehrlich-b/ngn/cmd/pgn_to_fens/main.go:55.4,56.18 2 0
github.com/ehrlich-b/ngn/cmd/pgn_to_fens/main.go:56.18,58.13 2 0
github.com/ehrlich-b/ngn/cmd/pgn_to_fens/main.go:62.4,66.13 3 0
github.com/ehrlich-b/ngn/cmd/pgn_to_fens/main.go:70.2,70.38 1 0
github.com/ehrlich-b/ngn/cmd/pgn_to_fens/main.go:70.38,73.3 2 0
github.com/ehrlich-b/ngn/cmd/pgn_to_fens/main.go:77.41,79.34 1 0
github.com/ehrlich-b/ngn/cmd/pgn_to_fens/main.go:79.34,81.18 2 0
github.com/ehrlich-b/ngn/cmd/pgn_to_fens/main.go:81.18,82.9 1 0
github.com/ehrlich-b/ngn/cmd/pgn_to_fens/main.go:86.3,88.41 3 0
github.com/ehrlich-b/ngn/cmd/pgn_to_fens/main.go:88.41,89.24 1 0
github.com/ehrlich-b/ngn/cmd/pgn_to_fens/main.go:89.24,91.5 1 0
github.com/ehrlich-b/ngn/cmd/pgn_to_fens/main.go:91.10,91.31 1 0
github.com/ehrlich-b/ngn/cmd/pgn_to_fens/main.go:91.31,93.5 1 0
github.com/ehrlich-b/ngn/cmd/pgn_to_fens/main.go:94.4,94.9 1 0
github.com/ehrlich-b/ngn/cmd/pgn_to_fens/main.go:97.3,97.22 1 0
github.com/ehrlich-b/ngn/cmd/pgn_to_fens/main.go:97.22,99.4 1 0
github.com/ehrlich-b/ngn/cmd/pgn_to_fens/main.go:99.9,102.9 2 0
github.com/ehrlich-b/ngn/cmd/pgn_to_fens/main.go:107.2,118.29 8 0
github.com/ehrlich-b/ngn/cmd/pgn_to_fens/main.go:118.29,121.115 2 0
github.com/ehrlich-b/ngn/cmd/pgn_to_fens/main.go:121.115,123.4 1 0
github.com/ehrlich-b/ngn/cmd/pgn_to_fens/main.go:126.2,126.14 1 0
github.com/ehrlich-b/ngn/cmd/pgn_to_fens/main.go:130.75,135.34 2 0
github.com/ehrlich-b/ngn/cmd/pgn_to_fens/main.go:135.34,136.43 1 0
github.com/ehrlich-b/ngn/cmd/pgn_to_fens/main.go:136.43,138.4 1 0
github.com/ehrlich-b/ngn/cmd/pgn_to_fens/main.go:141.2,141.74 1 0
github.com/ehrlich-b/ngn/cmd/pgn_to_fens/main.go:145.86,155.48 6 0
github.com/ehrlich-b/ngn/cmd/pgn_to_fens/main.go:155.48,157.3 1 0
github.com/ehrlich-b/ngn/cmd/pgn_to_fens/main.go:160.2,160.33 1 0
github.com/ehrlich-b/ngn/cmd/pgn_to_fens/main.go:160.33,162.26 1 0
github.com/ehrlich-b/ngn/cmd/pgn_to_fens/main.go:162.26,164.4 1 0
github.com/ehrlich-b/ngn/cmd/pgn_to_fens/main.go:167.3,167.62 1 0
github.com/ehrlich-b/ngn/cmd/pgn_to_fens/main.go:167.62,171.4 3 0
github.com/ehrlich-b/ngn/cmd/pgn_to_fens/main.go:174.3,174.39 1 0
github.com/ehrlich-b/ngn/cmd/pgn_to_fens/main.go:174.39,176.23 2 0
github.com/ehrlich-b/ngn/cmd/pgn_to_fens/main.go:176.23,178.5 1 0
github.com/ehrlich-b/ngn/cmd/pgn_to_fens/main.go:183.2,183.25 1 0
github.com/ehrlich-b/ngn/cmd/pgn_to_fens/main.go:183.25,187.20 3 0
github.com/ehrlich-b/ngn/cmd/pgn_to_fens/main.go:188.12,189.32 1 0
github.com/ehrlich-b/ngn/cmd/pgn_to_fens/main.go:190.12,191.32 1 0
github.com/ehrlich-b/ngn/cmd/pgn_to_fens/main.go:192.12,193.30 1 0
github.com/ehrlich-b/ngn/cmd/pgn_to_fens/main.go:194.12,195.31 1 0
github.com/ehrlich-b/ngn/cmd/pgn_to_fens/main.go:196.12,197.30 1 0
github.com/ehrlich-b/ngn/cmd/pgn_to_fens/main.go:198.11,199.16 1 0
github.com/ehrlich-b/ngn/cmd/pgn_to_fens/main.go:202.3,202.35 1 0
github.com/ehrlich-b/ngn/cmd/pgn_to_fens/main.go:202.35,204.4 1 0
github.com/ehrlich-b/ngn/cmd/pgn_to_fens/main.go:207.3,208.39 2 0
github.com/ehrlich-b/ngn/cmd/pgn_to_fens/main.go:208.39,211.4 2 0
github.com/ehrlich-b/ngn/cmd/pgn_to_fens/main.go:211.9,213.4 1 0
github.com/ehrlich-b/ngn/cmd/pgn_to_fens/main.go:215.3,215.31 1 0
github.com/ehrlich-b/ngn/cmd/pgn_to_fens/main.go:218.2,218.14 1 0
github.com/ehrlich-b/ngn/cmd/tactical-test/main.go:58.111,63.16 3 0
github.com/ehrlich-b/ngn/cmd/tactical-test/main.go:63.16,65.3 1 0
github.com/ehrlich-b/ngn/cmd/tactical-test/main.go:66.2,70.32 3 0
github.com/ehrlich-b/ngn/cmd/tactical-test/main.go:70.32,75.17 3 0
github.com/ehrlich-b/ngn/cmd/tactical-test/main.go:75.17,77.12 2 0
github.com/ehrlich-b/ngn/cmd/tactical-test/main.go:80.3,87.33 2 0
github.com/ehrlich-b/ngn/cmd/tactical-test/main.go:87.33,89.4 1 0
github.com/ehrlich-b/ngn/cmd/tactical-test/main.go:89.9,92.4 1 0
github.com/ehrlich-b/ngn/cmd/tactical-test/main.go:94.3,94.48 1 0
github.com/ehrlich-b/ngn/cmd/tactical-test/main.go:97.2,97.25 1 0
github.com/ehrlich-b/ngn/cmd/tactical-test/main.go:107.58,111.16 3 0
github.com/ehrlich-b/ngn/cmd/tactical-test/main.go:111.16,113.3 1 0
github.com/ehrlich-b/ngn/cmd/tactical-test/main.go:115.2,116.16 2 0
github.com/ehrlich-b/ngn/cmd/tactical-test/main.go:116.16,118.3 1 0
github.com/ehrlich-b/ngn/cmd/tactical-test/main.go:120.2,121.16 2 0
github.com/ehrlich-b/ngn/cmd/tactical-test/main.go:121.16,123.3 1 0
github.com/ehrlich-b/ngn/cmd/tactical-test/main.go:125.2,125.36 1 0
github.com/ehrlich-b/ngn/cmd/tactical-test/main.go:125.36,127.3 1 0
github.com/ehrlich-b/ngn/cmd/tactical-test/main.go:129.2,137.50 2 0
github.com/ehrlich-b/ngn/cmd/tactical-test/main.go:137.50,139.3 1 0
github.com/ehrlich-b/ngn/cmd/tactical-test/main.go:142.2,142.71 1 0
github.com/ehrlich-b/ngn/cmd/tactical-test/main.go:142.71,144.3 1 0
github.com/ehrlich-b/ngn/cmd/tactical-test/main.go:147.2,147.54 1 0
github.com/ehrlich-b/ngn/cmd/tactical-test/main.go:147.54,149.3 1 0
github.com/ehrlich-b/ngn/cmd/tactical-test/main.go:151.2,151.73 1 0
github.com/ehrlich-b/ngn/cmd/tactical-test/main.go:151.73,153.3 1 0
github.com/ehrlich-b/ngn/cmd/tactical-test/main.go:155.2,155.20 1 0
github.com/ehrlich-b/ngn/cmd/tactical-test/main.go:158.55,161.2 2 0
github.com/ehrlich-b/ngn/cmd/tactical-test/main.go:163.91,169.6 4 0
github.com/ehrlich-b/ngn/cmd/tactical-test/main.go:169.6,170.10 1 0
github.com/ehrlich-b/ngn/cmd/tactical-test/main.go:171.21,172.75 1 0
github.com/ehrlich-b/ngn/cmd/tactical-test/main.go:173.11,174.22 1 0
github.com/ehrlich-b/ngn/cmd/tactical-test/main.go:174.22,177.49 2 0
github.com/ehrlich-b/ngn/cmd/tactical-test/main.go:177.49,179.6 1 0
github.com/ehrlich-b/ngn/cmd/tactical-test/main.go:181.4,181.40 1 0
github.com/ehrlich-b/ngn/cmd/tactical-test/main.go:181.40,183.5 1 0
github.com/ehrlich-b/ngn/cmd/tactical-test/main.go:188.126,193.75 3 0
github.com/ehrlich-b/ngn/cmd/tactical-test/main.go:193.75,195.3 1 0
github.com/ehrlich-b/ngn/cmd/tactical-test/main.go:198.2,199.49 2 0
github.com/ehrlich-b/ngn/cmd/tactical-test/main.go:199.49,201.3 1 0
github.com/ehrlich-b/ngn/cmd/tactical-test/main.go:204.2,213.6 7 0
github.com/ehrlich-b/ngn/cmd/tactical-test/main.go:213.6,214.10 1 0
github.com/ehrlich-b/ngn/cmd/tactical-test/main.go:215.21,218.25 3 0
github.com/ehrlich-b/ngn/cmd/tactical-test/main.go:218.25,220.5 1 0
github.com/ehrlich-b/ngn/cmd/tactical-test/main.go:221.4,221.22 1 0
github.com/ehrlich-b/ngn/cmd/tactical-test/main.go:223.11,224.22 1 0
github.com/ehrlich-b/ngn/cmd/tactical-test/main.go:224.22,228.72 2 0
github.com/ehrlich-b/ngn/cmd/tactical-test/main.go:228.72,229.60 1 0
github.com/ehrlich-b/ngn/cmd/tactical-test/main.go:229.60,231.7 1 0
github.com/ehrlich-b/ngn/cmd/tactical-test/main.go:232.6,232.60 1 0
github.com/ehrlich-b/ngn/cmd/tactical-test/main.go:232.60,234.7 1 0
github.com/ehrlich-b/ngn/cmd/tactical-test/main.go:235.6,235.60 1 0
github.com/ehrlich-b/ngn/cmd/tactical-test/main.go:235.60,237.7 1 0
github.com/ehrlich-b/ngn/cmd/tactical-test/main.go:239.6,239.58 1 0
github.com/ehrlich-b/ngn/cmd/tactical-test/main.go:239.58,241.7 1 0
github.com/ehrlich-b/ngn/cmd/tactical-test/main.go:245.5,245.76 1 0
github.com/ehrlich-b/ngn/cmd/tactical-test/main.go:245.76,250.6 4 0
github.com/ehrlich-b/ngn/cmd/tactical-test/main.go:252.4,252.40 1 0
github.com/ehrlich-b/ngn/cmd/tactical-test/main.go:252.40,256.5 3 0
github.com/ehrlich-b/ngn/cmd/tactical-test/main.go:261.35,262.20 1 0
github.com/ehrlich-b/ngn/cmd/tactical-test/main.go:262.20,265.3 2 0
github.com/ehrlich-b/ngn/cmd/tactical-test/main.go:266.2,266.21 1 0
github.com/ehrlich-b/ngn/cmd/tactical-test/main.go:266.21,268.3 1 0
github.com/ehrlich-b/ngn/cmd/tactical-test/main.go:269.2,269.21 1 0
github.com/ehrlich-b/ngn/cmd/tactical-test/main.go:269.21,271.3 1 0
github.com/ehrlich-b/ngn/cmd/tactical-test/main.go:272.2,272.18 1 0
github.com/ehrlich-b/ngn/cmd/tactical-test/main.go:272.18,274.3 1 0
github.com/ehrlich-b/ngn/cmd/tactical-test/main.go:275.2,275.12 1 0
github.com/ehrlich-b/ngn/cmd/tactical-test/main.go:278.60,280.16 2 0
github.com/ehrlich-b/ngn/cmd/tactical-test/main.go:280.16,282.3 1 0
github.com/ehrlich-b/ngn/cmd/tactical-test/main.go:283.2,288.21 4 0
github.com/ehrlich-b/ngn/cmd/tactical-test/main.go:288.21,290.49 2 0
github.com/ehrlich-b/ngn/cmd/tactical-test/main.go:290.49,291.12 1 0
github.com/ehrlich-b/ngn/cmd/tactical-test/main.go:296.3,297.22 2 0
github.com/ehrlich-b/ngn/cmd/tactical-test/main.go:297.22,298.12 1 0
github.com/ehrlich-b/ngn/cmd/tactical-test/main.go:301.3,306.34 4 0
github.com/ehrlich-b/ngn/cmd/tactical-test/main.go:306.34,309.28 3 0
github.com/ehrlich-b/ngn/cmd/tactical-test/main.go:309.28,311.5 1 0
github.com/ehrlich-b/ngn/cmd/tactical-test/main.go:312.9,314.4 1 0
github.com/ehrlich-b/ngn/cmd/tactical-test/main.go:316.3,322.37 2 0
github.com/ehrlich-b/ngn/cmd/tactical-test/main.go:325.2,325.33 1 0
github.com/ehrlich-b/ngn/cmd/tactical-test/main.go:328.31,343.16 4 0
github.com/ehrlich-b/ngn/cmd/tactical-test/main.go:343.16,345.3 1 0
github.com/ehrlich-b/ngn/cmd/tactical-test/main.go:347.2,347.28 1 0
github.com/ehrlich-b/ngn/cmd/tactical-test/main.go:347.28,349.3 1 0
github.com/ehrlich-b/ngn/cmd/tactical-test/main.go:351.2,359.38 6 0
github.com/ehrlich-b/ngn/cmd/tactical-test/main.go:359.38,361.3 1 0
github.com/ehrlich-b/ngn/cmd/tactical-test/main.go:363.2,368.16 4 0
github.com/ehrlich-b/ngn/cmd/tactical-test/main.go:368.16,370.3 1 0
github.com/ehrlich-b/ngn/cmd/tactical-test/main.go:373.2,374.41 2 0
github.com/ehrlich-b/ngn/cmd/tactical-test/main.go:374.41,375.33 1 0
github.com/ehrlich-b/ngn/cmd/tactical-test/main.go:375.33,377.4 1 0
github.com/ehrlich-b/ngn/cmd/tactical-test/main.go:380.2,382.37 2 0
github.com/ehrlich-b/ngn/cmd/tactical-test/main.go:382.37,384.42 2 0
github.com/ehrlich-b/ngn/cmd/tactical-test/main.go:384.42,385.35 1 0
github.com/ehrlich-b/ngn/cmd/tactical-test/main.go:385.35,388.5 1 0
github.com/ehrlich-b/ngn/cmd/tactical-test/main.go:393.2,394.100 2 0
github.com/ehrlich-b/ngn/cmd/tactical-test/main.go:394.100,396.3 1 0
github.com/ehrlich-b/ngn/cmd/tactical-test/main.go:398.2,402.16 3 0
github.com/ehrlich-b/ngn/cmd/tactical-test/main.go:402.16,404.3 1 0
github.com/ehrlich-b/ngn/cmd/tactical-test/main.go:405.2,412.32 5 0
github.com/ehrlich-b/ngn/cmd/tactical-test/main.go:412.32,416.17 3 0
github.com/ehrlich-b/ngn/cmd/tactical-test/main.go:416.17,422.4 2 0
github.com/ehrlich-b/ngn/cmd/tactical-test/main.go:424.3,426.21 2 0
github.com/ehrlich-b/ngn/cmd/tactical-test/main.go:426.21,431.4 2 0
github.com/ehrlich-b/ngn/cmd/tactical-test/main.go:431.9,434.4 1 0
github.com/ehrlich-b/ngn/cmd/tactical-test/main.go:436.3,436.37 1 0
github.com/ehrlich-b/ngn/cmd/tactical-test/main.go:440.2,444.33 4 0
github.com/ehrlich-b/ngn/cmd/tactical-test/main.go:444.33,446.40 2 0
github.com/ehrlich-b/ngn/cmd/tactical-test/main.go:446.40,448.4 1 0
github.com/ehrlich-b/ngn/cmd/tactical-test/main.go:449.3,449.40 1 0
github.com/ehrlich-b/ngn/cmd/tactical-test/main.go:449.40,451.4 1 0
github.com/ehrlich-b/ngn/cmd/tactical-test/main.go:454.2,470.38 10 0
github.com/ehrlich-b/ngn/cmd/tactical-test/main.go:470.38,472.3 1 0
github.com/ehrlich-b/ngn/cmd/tactical-test/main.go:472.8,474.3 1 0
github.com/ehrlich-b/ngn/cmd/tactical-test/main.go:476.2,476.20 1 0
github.com/ehrlich-b/ngn/cmd/tactical-test/main.go:476.20,478.3 1 0
github.com/ehrlich-b/ngn/cmd/tactical-test/main.go:478.8,478.27 1 0
github.com/ehrlich-b/ngn/cmd/tactical-test/main.go:478.27,480.3 1 0
github.com/ehrlich-b/ngn/cmd/tactical-test/main.go:480.8,480.27 1 0
github.com/ehrlich-b/ngn/cmd/tactical-test/main.go:480.27,482.3 1 0
github.com/ehrlich-b/ngn/cmd/tactical-test/main.go:482.8,484.3 1 0
github.com/ehrlich-b/ngn/cmd/tactical-test/main.go:487.2,502.16 3 0
github.com/ehrlich-b/ngn/cmd/tactical-test/main.go:502.16,504.3 1 0
github.com/ehrlich-b/ngn/cmd/tactical-test/main.go:505.2,509.48 4 0
github.com/ehrlich-b/ngn/cmd/tactical-test/main.go:509.48,511.3 1 0
github.com/ehrlich-b/ngn/cmd/tactical-test/main.go:513.2,517.33 3 0
github.com/ehrlich-b/ngn/cmd/tactical-test/main.go:517.33,519.21 2 0
github.com/ehrlich-b/ngn/cmd/tactical-test/main.go:519.21,521.4 1 0
github.com/ehrlich-b/ngn/cmd/tactical-test/main.go:524.3,525.27 2 0
github.com/ehrlich-b/ngn/cmd/tactical-test/main.go:525.27,526.38 1 0
github.com/ehrlich-b/ngn/cmd/tactical-test/main.go:526.38,528.5 1 0
github.com/ehrlich-b/ngn/cmd/tactical-test/main.go:528.10,530.5 1 0
github.com/ehrlich-b/ngn/cmd/tactical-test/main.go:533.3,534.88 1 0
github.com/ehrlich-b/ngn/cmd/tactical-test/main.go:537.2,537.12 1 0
github.com/ehrlich-b/ngn/cmd/tactical-test/main.go:540.13,541.43 1 0
github.com/ehrlich-b/ngn/cmd/tactical-test/main.go:541.43,543.3 1 0
github.com/ehrlich-b/ngn/cmd/pgn-test/main.go:41.58,45.16 3 0
github.com/ehrlich-b/ngn/cmd/pgn-test/main.go:45.16,47.3 1 0
github.com/ehrlich-b/ngn/cmd/pgn-test/main.go:49.2,50.16 2 0
github.com/ehrlich-b/ngn/cmd/pgn-test/main.go:50.16,52.3 1 0
github.com/ehrlich-b/ngn/cmd/pgn-test/main.go:54.2,55.16 2 0
github.com/ehrlich-b/ngn/cmd/pgn-test/main.go:55.16,57.3 1 0
github.com/ehrlich-b/ngn/cmd/pgn-test/main.go:59.2,59.36 1 0
github.com/ehrlich-b/ngn/cmd/pgn-test/main.go:59.36,61.3 1 0
github.com/ehrlich-b/ngn/cmd/pgn-test/main.go:63.2,71.50 2 0
github.com/ehrlich-b/ngn/cmd/pgn-test/main.go:71.50,73.3 1 0
github.com/ehrlich-b/ngn/cmd/pgn-test/main.go:76.2,76.71 1 0
github.com/ehrlich-b/ngn/cmd/pgn-test/main.go:76.71,78.3 1 0
github.com/ehrlich-b/ngn/cmd/pgn-test/main.go:81.2,81.54 1 0
github.com/ehrlich-b/ngn/cmd/pgn-test/main.go:81.54,83.3 1 0
github.com/ehrlich-b/ngn/cmd/pgn-test/main.go:85.2,85.73 1 0
github.com/ehrlich-b/ngn/cmd/pgn-test/main.go:85.73,87.3 1 0
github.com/ehrlich-b/ngn/cmd/pgn-test/main.go:89.2,89.20 1 0
github.com/ehrlich-b/ngn/cmd/pgn-test/main.go:92.55,95.2 2 0
github.com/ehrlich-b/ngn/cmd/pgn-test/main.go:97.91,103.6 4 0
github.com/ehrlich-b/ngn/cmd/pgn-test/main.go:103.6,104.10 1 0
github.com/ehrlich-b/ngn/cmd/pgn-test/main.go:105.21,106.75 1 0
github.com/ehrlich-b/ngn/cmd/pgn-test/main.go:107.11,108.22 1 0
github.com/ehrlich-b/ngn/cmd/pgn-test/main.go:108.22,111.49 2 0
github.com/ehrlich-b/ngn/cmd/pgn-test/main.go:111.49,113.6 1 0
github.com/ehrlich-b/ngn/cmd/pgn-test/main.go:115.4,115.40 1 0
github.com/ehrlich-b/ngn/cmd/pgn-test/main.go:115.40,117.5 1 0
github.com/ehrlich-b/ngn/cmd/pgn-test/main.go:122.107,128.17 4 0
github.com/ehrlich-b/ngn/cmd/pgn-test/main.go:128.17,130.3 1 0
github.com/ehrlich-b/ngn/cmd/pgn-test/main.go:132.2,132.51 1 0
github.com/ehrlich-b/ngn/cmd/pgn-test/main.go:132.51,134.3 1 0
github.com/ehrlich-b/ngn/cmd/pgn-test/main.go:137.2,138.49 2 0
github.com/ehrlich-b/ngn/cmd/pgn-test/main.go:138.49,140.3 1 0
github.com/ehrlich-b/ngn/cmd/pgn-test/main.go:143.2,150.6 6 0
github.com/ehrlich-b/ngn/cmd/pgn-test/main.go:150.6,151.10 1 0
github.com/ehrlich-b/ngn/cmd/pgn-test/main.go:152.21,156.22 4 0
github.com/ehrlich-b/ngn/cmd/pgn-test/main.go:158.11,159.22 1 0
github.com/ehrlich-b/ngn/cmd/pgn-test/main.go:159.22,163.72 2 0
github.com/ehrlich-b/ngn/cmd/pgn-test/main.go:163.72,164.60 1 0
github.com/ehrlich-b/ngn/cmd/pgn-test/main.go:164.60,166.7 1 0
github.com/ehrlich-b/ngn/cmd/pgn-test/main.go:167.6,167.60 1 0
github.com/ehrlich-b/ngn/cmd/pgn-test/main.go:167.60,169.7 1 0
github.com/ehrlich-b/ngn/cmd/pgn-test/main.go:170.6,170.60 1 0
github.com/ehrlich-b/ngn/cmd/pgn-test/main.go:170.60,172.7 1 0
github.com/ehrlich-b/ngn/cmd/pgn-test/main.go:176.5,176.76 1 0
github.com/ehrlich-b/ngn/cmd/pgn-test/main.go:176.76,181.6 4 0
github.com/ehrlich-b/ngn/cmd/pgn-test/main.go:183.4,183.40 1 0
github.com/ehrlich-b/ngn/cmd/pgn-test/main.go:183.40,188.5 4 0
github.com/ehrlich-b/ngn/cmd/pgn-test/main.go:193.35,194.20 1 0
github.com/ehrlich-b/ngn/cmd/pgn-test/main.go:194.20,197.3 2 0
github.com/ehrlich-b/ngn/cmd/pgn-test/main.go:198.2,198.21 1 0
github.com/ehrlich-b/ngn/cmd/pgn-test/main.go:198.21,200.3 1 0
github.com/ehrlich-b/ngn/cmd/pgn-test/main.go:201.2,201.21 1 0
github.com/ehrlich-b/ngn/cmd/pgn-test/main.go:201.21,203.3 1 0
github.com/ehrlich-b/ngn/cmd/pgn-test/main.go:204.2,204.18 1 0
github.com/ehrlich-b/ngn/cmd/pgn-test/main.go:204.18,206.3 1 0
github.com/ehrlich-b/ngn/cmd/pgn-test/main.go:207.2,207.12 1 0
github.com/ehrlich-b/ngn/cmd/pgn-test/main.go:210.56,212.16 2 0
github.com/ehrlich-b/ngn/cmd/pgn-test/main.go:212.16,214.3 1 0
github.com/ehrlich-b/ngn/cmd/pgn-test/main.go:215.2,221.21 5 0
github.com/ehrlich-b/ngn/cmd/pgn-test/main.go:221.21,225.17 2 0
github.com/ehrlich-b/ngn/cmd/pgn-test/main.go:225.17,226.12 1 0
github.com/ehrlich-b/ngn/cmd/pgn-test/main.go:230.3,230.67 1 0
github.com/ehrlich-b/ngn/cmd/pgn-test/main.go:230.67,231.42 1 0
github.com/ehrlich-b/ngn/cmd/pgn-test/main.go:231.42,234.63 2 0
github.com/ehrlich-b/ngn/cmd/pgn-test/main.go:234.63,236.6 1 0
github.com/ehrlich-b/ngn/cmd/pgn-test/main.go:237.10,237.47 1 0
github.com/ehrlich-b/ngn/cmd/pgn-test/main.go:237.47,239.63 2 0
github.com/ehrlich-b/ngn/cmd/pgn-test/main.go:239.63,241.6 1 0
github.com/ehrlich-b/ngn/cmd/pgn-test/main.go:243.9,243.43 1 0
github.com/ehrlich-b/ngn/cmd/pgn-test/main.go:243.43,249.4 4 0
github.com/ehrlich-b/ngn/cmd/pgn-test/main.go:252.2,252.33 1 0
github.com/ehrlich-b/ngn/cmd/pgn-test/main.go:256.47,261.2 1 0
github.com/ehrlich-b/ngn/cmd/pgn-test/main.go:263.26,266.75 2 0
github.com/ehrlich-b/ngn/cmd/pgn-test/main.go:266.75,268.3 1 0
github.com/ehrlich-b/ngn/cmd/pgn-test/main.go:270.2,274.16 3 0
github.com/ehrlich-b/ngn/cmd/pgn-test/main.go:274.16,276.3 1 0
github.com/ehrlich-b/ngn/cmd/pgn-test/main.go:278.2,282.16 3 0
github.com/ehrlich-b/ngn/cmd/pgn-test/main.go:282.16,284.3 1 0
github.com/ehrlich-b/ngn/cmd/pgn-test/main.go:285.2,294.32 6 0
github.com/ehrlich-b/ngn/cmd/pgn-test/main.go:294.32,296.3 1 0
github.com/ehrlich-b/ngn/cmd/pgn-test/main.go:298.2,298.33 1 0
github.com/ehrlich-b/ngn/cmd/pgn-test/main.go:298.33,305.17 6 0
github.com/ehrlich-b/ngn/cmd/pgn-test/main.go:305.17,309.12 4 0
github.com/ehrlich-b/ngn/cmd/pgn-test/main.go:313.3,318.17 5 0
github.com/ehrlich-b/ngn/cmd/pgn-test/main.go:318.17,322.4 3 0
github.com/ehrlich-b/ngn/cmd/pgn-test/main.go:322.9,325.22 2 0
github.com/ehrlich-b/ngn/cmd/pgn-test/main.go:325.22,331.5 3 0
github.com/ehrlich-b/ngn/cmd/pgn-test/main.go:331.10,335.50 3 0
github.com/ehrlich-b/ngn/cmd/pgn-test/main.go:335.50,339.6 3 0
github.com/ehrlich-b/ngn/cmd/pgn-test/main.go:339.11,341.6 1 0
github.com/ehrlich-b/ngn/cmd/pgn-test/main.go:345.3,348.37 2 0
github.com/ehrlich-b/ngn/cmd/pgn-test/main.go:352.2,365.12 4 0
github.com/ehrlich-b/ngn/cmd/pgn-test/main.go:368.13,371.38 2 0
github.com/ehrlich-b/ngn/cmd/pgn-test/main.go:371.38,373.3 1 0
github.com/ehrlich-b/ngn/cmd/stockfish-validator/main.go:38.58,42.16 3 0
github.com/ehrlich-b/ngn/cmd/stockfish-validator/main.go:42.16,44.3 1 0
github.com/ehrlich-b/ngn/cmd/stockfish-validator/main.go:46.2,47.16 2 0
github.com/ehrlich-b/ngn/cmd/stockfish-validator/main.go:47.16,49.3 1 0
github.com/ehrlich-b/ngn/cmd/stockfish-validator/main.go:51.2,52.16 2 0
github.com/ehrlich-b/ngn/cmd/stockfish-validator/main.go:52.16,54.3 1 0
github.com/ehrlich-b/ngn/cmd/stockfish-validator/main.go:56.2,56.36 1 0
github.com/ehrlich-b/ngn/cmd/stockfish-validator/main.go:56.36,58.3 1 0
github.com/ehrlich-b/ngn/cmd/stockfish-validator/main.go:60.2,68.50 2 0
github.com/ehrlich-b/ngn/cmd/stockfish-validator/main.go:68.50,70.3 1 0
github.com/ehrlich-b/ngn/cmd/stockfish-validator/main.go:73.2,73.71 1 0
github.com/ehrlich-b/ngn/cmd/stockfish-validator/main.go:73.71,75.3 1 0
github.com/ehrlich-b/ngn/cmd/stockfish-validator/main.go:78.2,78.54 1 0
github.com/ehrlich-b/ngn/cmd/stockfish-validator/main.go:78.54,80.3 1 0
github.com/ehrlich-b/ngn/cmd/stockfish-validator/main.go:82.2,82.73 1 0
github.com/ehrlich-b/ngn/cmd/stockfish-validator/main.go:82.73,84.3 1 0
github.com/ehrlich-b/ngn/cmd/stockfish-validator/main.go:86.2,86.20 1 0
github.com/ehrlich-b/ngn/cmd/stockfish-validator/main.go:89.55,92.2 2 0
github.com/ehrlich-b/ngn/cmd/stockfish-validator/main.go:94.91,100.6 4 0
github.com/ehrlich-b/ngn/cmd/stockfish-validator/main.go:100.6,101.10 1 0
github.com/ehrlich-b/ngn/cmd/stockfish-validator/main.go:102.21,103.75 1 0
github.com/ehrlich-b/ngn/cmd/stockfish-validator/main.go:104.11,105.22 1 0
github.com/ehrlich-b/ngn/cmd/stockfish-validator/main.go:105.22,108.49 2 0
github.com/ehrlich-b/ngn/cmd/stockfish-validator/main.go:108.49,110.6 1 0
github.com/ehrlich-b/ngn/cmd/stockfish-validator/main.go:112.4,112.40 1 0
github.com/ehrlich-b/ngn/cmd/stockfish-validator/main.go:112.40,114.5 1 0
github.com/ehrlich-b/ngn/cmd/stockfish-validator/main.go:119.102,124.75 3 0
github.com/ehrlich-b/ngn/cmd/stockfish-validator/main.go:124.75,126.3 1 0
github.com/ehrlich-b/ngn/cmd/stockfish-validator/main.go:129.2,130.49 2 0
github.com/ehrlich-b/ngn/cmd/stockfish-validator/main.go:130.49,132.3 1 0
github.com/ehrlich-b/ngn/cmd/stockfish-validator/main.go:135.2,142.6 6 0
github.com/ehrlich-b/ngn/cmd/stockfish-validator/main.go:142.6,143.10 1 0
github.com/ehrlich-b/ngn/cmd/stockfish-validator/main.go:144.21,147.22 2 0
github.com/ehrlich-b/ngn/cmd/stockfish-validator/main.go:149.11,150.22 1 0
github.com/ehrlich-b/ngn/cmd/stockfish-validator/main.go:150.22,154.72 2 0
github.com/ehrlich-b/ngn/cmd/stockfish-validator/main.go:154.72,155.60 1 0
github.com/ehrlich-b/ngn/cmd/stockfish-validator/main.go:155.60,157.7 1 0
github.com/ehrlich-b/ngn/cmd/stockfish-validator/main.go:158.6,158.60 1 0
github.com/ehrlich-b/ngn/cmd/stockfish-validator/main.go:158.60,160.7 1 0
github.com/ehrlich-b/ngn/cmd/stockfish-validator/main.go:161.6,161.60 1 0
github.com/ehrlich-b/ngn/cmd/stockfish-validator/main.go:161.60,163.7 1 0
github.com/ehrlich-b/ngn/cmd/stockfish-validator/main.go:165.6,165.58 1 0
github.com/ehrlich-b/ngn/cmd/stockfish-validator/main.go:165.58,167.7 1 0
github.com/ehrlich-b/ngn/cmd/stockfish-validator/main.go:171.5,171.76 1 0
github.com/ehrlich-b/ngn/cmd/stockfish-validator/main.go:171.76,175.6 3 0
github.com/ehrlich-b/ngn/cmd/stockfish-validator/main.go:177.4,177.40 1 0
github.com/ehrlich-b/ngn/cmd/stockfish-validator/main.go:177.40,180.5 2 0
github.com/ehrlich-b/ngn/cmd/stockfish-validator/main.go:185.35,186.20 1 0
github.com/ehrlich-b/ngn/cmd/stockfish-validator/main.go:186.20,189.3 2 0
github.com/ehrlich-b/ngn/cmd/stockfish-validator/main.go:190.2,190.21 1 0
github.com/ehrlich-b/ngn/cmd/stockfish-validator/main.go:190.21,192.3 1 0
github.com/ehrlich-b/ngn/cmd/stockfish-validator/main.go:193.2,193.21 1 0
github.com/ehrlich-b/ngn/cmd/stockfish-validator/main.go:193.21,195.3 1 0
github.com/ehrlich-b/ngn/cmd/stockfish-validator/main.go:196.2,196.18 1 0
github.com/ehrlich-b/ngn/cmd/stockfish-validator/main.go:196.18,198.3 1 0
github.com/ehrlich-b/ngn/cmd/stockfish-validator/main.go:199.2,199.12 1 0
github.com/ehrlich-b/ngn/cmd/stockfish-validator/main.go:202.60,204.16 2 0
github.com/ehrlich-b/ngn/cmd/stockfish-validator/main.go:204.16,206.3 1 0
github.com/ehrlich-b/ngn/cmd/stockfish-validator/main.go:207.2,215.21 6 0
github.com/ehrlich-b/ngn/cmd/stockfish-validator/main.go:215.21,217.21 2 0
github.com/ehrlich-b/ngn/cmd/stockfish-validator/main.go:217.21,218.12 1 0
github.com/ehrlich-b/ngn/cmd/stockfish-validator/main.go:222.3,224.43 1 0
github.com/ehrlich-b/ngn/cmd/stockfish-validator/main.go:224.43,225.12 1 0
github.com/ehrlich-b/ngn/cmd/stockfish-validator/main.go:229.3,229.65 1 0
github.com/ehrlich-b/ngn/cmd/stockfish-validator/main.go:229.65,232.4 1 0
github.com/ehrlich-b/ngn/cmd/stockfish-validator/main.go:232.9,232.73 1 0
github.com/ehrlich-b/ngn/cmd/stockfish-validator/main.go:232.73,235.4 1 0
github.com/ehrlich-b/ngn/cmd/stockfish-validator/main.go:235.9,235.43 1 0
github.com/ehrlich-b/ngn/cmd/stockfish-validator/main.go:235.43,238.24 1 0
github.com/ehrlich-b/ngn/cmd/stockfish-validator/main.go:238.24,246.5 3 0
github.com/ehrlich-b/ngn/cmd/stockfish-validator/main.go:250.2,250.38 1 0
github.com/ehrlich-b/ngn/cmd/stockfish-validator/main.go:250.38,252.3 1 0
github.com/ehrlich-b/ngn/cmd/stockfish-validator/main.go:254.2,254.23 1 0
github.com/ehrlich-b/ngn/cmd/stockfish-validator/main.go:257.13,261.16 3 0
github.com/ehrlich-b/ngn/cmd/stockfish-validator/main.go:261.16,264.3 2 0
github.com/ehrlich-b/ngn/cmd/stockfish-validator/main.go:266.2,272.16 5 0
github.com/ehrlich-b/ngn/cmd/stockfish-validator/main.go:272.16,275.3 2 0
github.com/ehrlich-b/ngn/cmd/stockfish-validator/main.go:276.2,280.32 3 0
github.com/ehrlich-b/ngn/cmd/stockfish-validator/main.go:280.32,284.17 3 0
github.com/ehrlich-b/ngn/cmd/stockfish-validator/main.go:284.17,286.12 2 0
github.com/ehrlich-b/ngn/cmd/stockfish-validator/main.go:289.3,289.28 1 0
github.com/ehrlich-b/ngn/cmd/stockfish-validator/main.go:289.28,293.4 3 0
github.com/ehrlich-b/ngn/cmd/stockfish-validator/main.go:293.9,295.4 1 0
github.com/ehrlich-b/ngn/cmd/stockfish-validator/main.go:298.2,301.16 3 0
github.com/ehrlich-b/ngn/cmd/stockfish-validator/main.go:301.16,304.3 2 0
github.com/ehrlich-b/ngn/cmd/stockfish-validator/main.go:305.2,313.41 7 0
github.com/ehrlich-b/ngn/cmd/stockfish-validator/main.go:313.41,317.3 2 0
github.com/ehrlich-b/ngn/cmd/stockfish-validator/main.go:319.2,322.33 3 0
github.com/ehrlich-b/ngn/cmd/stockfish-validator/main.go:322.33,328.42 5 0
github.com/ehrlich-b/ngn/cmd/stockfish-validator/main.go:328.42,331.28 3 0
github.com/ehrlich-b/ngn/cmd/stockfish-validator/main.go:331.28,333.5 1 0
github.com/ehrlich-b/ngn/cmd/stockfish-validator/main.go:334.4,334.45 1 0
github.com/ehrlich-b/ngn/cmd/stockfish-validator/main.go:334.45,336.5 1 0
github.com/ehrlich-b/ngn/cmd/stockfish-validator/main.go:339.3,346.57 7 0
github.com/ehrlich-b/ngn/cmd/test-harness/main.go:42.58,46.16 3 0
github.com/ehrlich-b/ngn/cmd/test-harness/main.go:46.16,48.3 1 0
github.com/ehrlich-b/ngn/cmd/test-harness/main.go:50.2,51.16 2 0
github.com/ehrlich-b/ngn/cmd/test-harness/main.go:51.16,53.3 1 0
github.com/ehrlich-b/ngn/cmd/test-harness/main.go:55.2,56.16 2 0
github.com/ehrlich-b/ngn/cmd/test-harness/main.go:56.16,58.3 1 0
github.com/ehrlich-b/ngn/cmd/test-harness/main.go:60.2,60.36 1 0
github.com/ehrlich-b/ngn/cmd/test-harness/main.go:60.36,62.3 1 0
github.com/ehrlich-b/ngn/cmd/test-harness/main.go:64.2,72.50 2 0
github.com/ehrlich-b/ngn/cmd/test-harness/main.go:72.50,74.3 1 0
github.com/ehrlich-b/ngn/cmd/test-harness/main.go:77.2,77.71 1 0
github.com/ehrlich-b/ngn/cmd/test-harness/main.go:77.71,79.3 1 0
github.com/ehrlich-b/ngn/cmd/test-harness/main.go:82.2,82.54 1 0
github.com/ehrlich-b/ngn/cmd/test-harness/main.go:82.54,84.3 1 0
github.com/ehrlich-b/ngn/cmd/test-harness/main.go:86.2,86.73 1 0
github.com/ehrlich-b/ngn/cmd/test-harness/main.go:86.73,88.3 1 0
github.com/ehrlich-b/ngn/cmd/test-harness/main.go:90.2,90.20 1 0
github.com/ehrlich-b/ngn/cmd/test-harness/main.go:93.55,97.2 3 0
github.com/ehrlich-b/ngn/cmd/test-harness/main.go:99.91,105.6 4 0
github.com/ehrlich-b/ngn/cmd/test-harness/main.go:105.6,106.10 1 0
github.com/ehrlich-b/ngn/cmd/test-harness/main.go:107.21,108.75 1 0
github.com/ehrlich-b/ngn/cmd/test-harness/main.go:109.11,110.22 1 0
github.com/ehrlich-b/ngn/cmd/test-harness/main.go:110.22,114.49 3 0
github.com/ehrlich-b/ngn/cmd/test-harness/main.go:114.49,116.6 1 0
github.com/ehrlich-b/ngn/cmd/test-harness/main.go:118.4,118.40 1 0
github.com/ehrlich-b/ngn/cmd/test-harness/main.go:118.40,120.5 1 0
github.com/ehrlich-b/ngn/cmd/test-harness/main.go:125.110,130.80 3 0
github.com/ehrlich-b/ngn/cmd/test-harness/main.go:130.80,132.3 1 0
github.com/ehrlich-b/ngn/cmd/test-harness/main.go:135.2,136.49 2 0
github.com/ehrlich-b/ngn/cmd/test-harness/main.go:136.49,138.3 1 0
github.com/ehrlich-b/ngn/cmd/test-harness/main.go:141.2,148.6 6 0
github.com/ehrlich-b/ngn/cmd/test-harness/main.go:148.6,149.10 1 0
github.com/ehrlich-b/ngn/cmd/test-harness/main.go:150.21,154.22 4 0
github.com/ehrlich-b/ngn/cmd/test-harness/main.go:156.11,157.22 1 0
github.com/ehrlich-b/ngn/cmd/test-harness/main.go:157.22,162.72 3 0
github.com/ehrlich-b/ngn/cmd/test-harness/main.go:162.72,163.60 1 0
github.com/ehrlich-b/ngn/cmd/test-harness/main.go:163.60,165.7 1 0
github.com/ehrlich-b/ngn/cmd/test-harness/main.go:166.6,166.60 1 0
github.com/ehrlich-b/ngn/cmd/test-harness/main.go:166.60,168.7 1 0
github.com/ehrlich-b/ngn/cmd/test-harness/main.go:169.6,169.60 1 0
github.com/ehrlich-b/ngn/cmd/test-harness/main.go:169.60,171.7 1 0
github.com/ehrlich-b/ngn/cmd/test-harness/main.go:175.5,175.76 1 0
github.com/ehrlich-b/ngn/cmd/test-harness/main.go:175.76,180.6 4 0
github.com/ehrlich-b/ngn/cmd/test-harness/main.go:182.4,182.40 1 0
github.com/ehrlich-b/ngn/cmd/test-harness/main.go:182.40,187.5 4 0
github.com/ehrlich-b/ngn/cmd/test-harness/main.go:192.35,193.20 1 0
github.com/ehrlich-b/ngn/cmd/test-harness/main.go:193.20,196.3 2 0
github.com/ehrlich-b/ngn/cmd/test-harness/main.go:197.2,197.21 1 0
github.com/ehrlich-b/ngn/cmd/test-harness/main.go:197.21,199.3 1 0
github.com/ehrlich-b/ngn/cmd/test-harness/main.go:200.2,200.21 1 0
github.com/ehrlich-b/ngn/cmd/test-harness/main.go:200.21,202.3 1 0
github.com/ehrlich-b/ngn/cmd/test-harness/main.go:203.2,203.18 1 0
github.com/ehrlich-b/ngn/cmd/test-harness/main.go:203.18,205.3 1 0
github.com/ehrlich-b/ngn/cmd/test-harness/main.go:206.2,206.12 1 0
github.com/ehrlich-b/ngn/cmd/test-harness/main.go:209.56,211.16 2 0
github.com/ehrlich-b/ngn/cmd/test-harness/main.go:211.16,213.3 1 0
github.com/ehrlich-b/ngn/cmd/test-harness/main.go:214.2,221.21 6 0
github.com/ehrlich-b/ngn/cmd/test-harness/main.go:221.21,225.17 2 0
github.com/ehrlich-b/ngn/cmd/test-harness/main.go:225.17,226.12 1 0
github.com/ehrlich-b/ngn/cmd/test-harness/main.go:230.3,230.67 1 0
github.com/ehrlich-b/ngn/cmd/test-harness/main.go:230.67,231.42 1 0
github.com/ehrlich-b/ngn/cmd/test-harness/main.go:231.42,234.63 2 0
github.com/ehrlich-b/ngn/cmd/test-harness/main.go:234.63,236.6 1 0
github.com/ehrlich-b/ngn/cmd/test-harness/main.go:237.10,237.47 1 0
github.com/ehrlich-b/ngn/cmd/test-harness/main.go:237.47,239.63 2 0
github.com/ehrlich-b/ngn/cmd/test-harness/main.go:239.63,241.6 1 0
github.com/ehrlich-b/ngn/cmd/test-harness/main.go:243.9,243.43 1 0
github.com/ehrlich-b/ngn/cmd/test-harness/main.go:243.43,249.4 4 0
github.com/ehrlich-b/ngn/cmd/test-harness/main.go:252.2,252.33 1 0
github.com/ehrlich-b/ngn/cmd/test-harness/main.go:255.38,260.2 1 0
github.com/ehrlich-b/ngn/cmd/test-harness/main.go:262.23,265.16 2 0
github.com/ehrlich-b/ngn/cmd/test-harness/main.go:265.16,267.3 1 0
github.com/ehrlich-b/ngn/cmd/test-harness/main.go:269.2,273.16 3 0
github.com/ehrlich-b/ngn/cmd/test-harness/main.go:273.16,275.3 1 0
github.com/ehrlich-b/ngn/cmd/test-harness/main.go:276.2,284.32 5 0
github.com/ehrlich-b/ngn/cmd/test-harness/main.go:284.32,290.56 4 0
github.com/ehrlich-b/ngn/cmd/test-harness/main.go:290.56,292.62 1 0
github.com/ehrlich-b/ngn/cmd/test-harness/main.go:292.62,294.5 1 0
github.com/ehrlich-b/ngn/cmd/test-harness/main.go:297.3,298.17 2 0
github.com/ehrlich-b/ngn/cmd/test-harness/main.go:298.17,301.12 3 0
github.com/ehrlich-b/ngn/cmd/test-harness/main.go:305.3,308.46 3 0
github.com/ehrlich-b/ngn/cmd/test-harness/main.go:308.46,312.18 3 0
github.com/ehrlich-b/ngn/cmd/test-harness/main.go:312.18,314.10 2 0
github.com/ehrlich-b/ngn/cmd/test-harness/main.go:317.4,319.22 2 0
github.com/ehrlich-b/ngn/cmd/test-harness/main.go:319.22,323.5 2 0
github.com/ehrlich-b/ngn/cmd/test-harness/main.go:323.10,325.50 2 0
github.com/ehrlich-b/ngn/cmd/test-harness/main.go:325.50,328.6 2 0
github.com/ehrlich-b/ngn/cmd/test-harness/main.go:328.11,330.6 1 0
github.com/ehrlich-b/ngn/cmd/test-harness/main.go:331.5,331.10 1 0
github.com/ehrlich-b/ngn/cmd/test-harness/main.go:335.3,335.27 1 0
github.com/ehrlich-b/ngn/cmd/test-harness/main.go:335.27,337.4 1 0
github.com/ehrlich-b/ngn/cmd/test-harness/main.go:339.3,342.98 2 0
github.com/ehrlich-b/ngn/cmd/test-harness/main.go:346.2,359.12 4 0
github.com/ehrlich-b/ngn/cmd/test-harness/main.go:362.13,366.35 2 0
github.com/ehrlich-b/ngn/cmd/test-harness/main.go:366.35,368.3 1 0
github.com/ehrlich-b/ngn/cmd/pruning-comparison/main.go:31.13,32.22 1 0
github.com/ehrlich-b/ngn/cmd/pruning-comparison/main.go:32.22,36.3 3 0
github.com/ehrlich-b/ngn/cmd/pruning-comparison/main.go:38.2,39.22 2 0
github.com/ehrlich-b/ngn/cmd/pruning-comparison/main.go:39.22,41.3 1 0
github.com/ehrlich-b/ngn/cmd/pruning-comparison/main.go:44.2,60.39 8 0
github.com/ehrlich-b/ngn/cmd/pruning-comparison/main.go:60.39,66.13 4 0
github.com/ehrlich-b/ngn/cmd/pruning-comparison/main.go:66.13,68.4 1 0
github.com/ehrlich-b/ngn/cmd/pruning-comparison/main.go:70.3,75.33 4 0
github.com/ehrlich-b/ngn/cmd/pruning-comparison/main.go:75.33,77.21 2 0
github.com/ehrlich-b/ngn/cmd/pruning-comparison/main.go:77.21,79.5 1 0
github.com/ehrlich-b/ngn/cmd/pruning-comparison/main.go:79.10,81.5 1 0
github.com/ehrlich-b/ngn/cmd/pruning-comparison/main.go:84.3,94.16 1 0
github.com/ehrlich-b/ngn/cmd/pruning-comparison/main.go:97.2,102.42 4 0
github.com/ehrlich-b/ngn/cmd/pruning-comparison/main.go:102.42,105.3 1 0
github.com/ehrlich-b/ngn/cmd/pruning-comparison/main.go:108.52,109.16 1 0
github.com/ehrlich-b/ngn/cmd/pruning-comparison/main.go:109.16,111.3 1 0
github.com/ehrlich-b/ngn/cmd/pruning-comparison/main.go:113.2,113.48 1 0
github.com/ehrlich-b/ngn/cmd/pruning-comparison/main.go:117.37,118.14 1 0
github.com/ehrlich-b/ngn/cmd/pruning-comparison/main.go:118.14,120.3 1 0
github.com/ehrlich-b/ngn/cmd/pruning-comparison/main.go:121.2,121.14 1 0
github.com/ehrlich-b/ngn/cmd/pruning-comparison/main.go:121.14,123.3 1 0
github.com/ehrlich-b/ngn/cmd/pruning-comparison/main.go:125.2,126.32 2 0
github.com/ehrlich-b/ngn/cmd/pruning-comparison/main.go:126.32,128.3 1 0
github.com/ehrlich-b/ngn/cmd/pruning-comparison/main.go:131.2,131.30 1 0
github.com/ehrlich-b/ngn/cmd/pruning-comparison/main.go:131.30,135.17 2 0
github.com/ehrlich-b/ngn/cmd/pruning-comparison/main.go:135.17,137.4 1 0
github.com/ehrlich-b/ngn/cmd/pruning-comparison/main.go:140.2,140.15 1 0
