=== RUN   TestEnPassantSecondCapturerCanBeLegal
=== RUN   TestEnPassantSecondCapturerCanBeLegal/white
=== RUN   TestEnPassantSecondCapturerCanBeLegal/black
--- PASS: TestEnPassantSecondCapturerCanBeLegal (0.00s)
    --- PASS: TestEnPassantSecondCapturerCanBeLegal/white (0.00s)
    --- PASS: TestEnPassantSecondCapturerCanBeLegal/black (0.00s)
=== RUN   TestEnPassantNullDescendantRestoresKey
=== RUN   TestEnPassantNullDescendantRestoresKey/pinned_white_capturer/warm
=== RUN   TestEnPassantNullDescendantRestoresKey/pinned_white_capturer/cold_child
=== RUN   TestEnPassantNullDescendantRestoresKey/pinned_black_capturer/warm
=== RUN   TestEnPassantNullDescendantRestoresKey/pinned_black_capturer/cold_child
=== RUN   TestEnPassantNullDescendantRestoresKey/unrelated_check_white_capturer/warm
=== RUN   TestEnPassantNullDescendantRestoresKey/unrelated_check_white_capturer/cold_child
=== RUN   TestEnPassantNullDescendantRestoresKey/unrelated_check_black_capturer/warm
=== RUN   TestEnPassantNullDescendantRestoresKey/unrelated_check_black_capturer/cold_child
=== RUN   TestEnPassantNullDescendantRestoresKey/legal_white_capturer/warm
=== RUN   TestEnPassantNullDescendantRestoresKey/legal_white_capturer/cold_child
=== RUN   TestEnPassantNullDescendantRestoresKey/legal_black_capturer/warm
=== RUN   TestEnPassantNullDescendantRestoresKey/legal_black_capturer/cold_child
--- PASS: TestEnPassantNullDescendantRestoresKey (0.00s)
    --- PASS: TestEnPassantNullDescendantRestoresKey/pinned_white_capturer/warm (0.00s)
    --- PASS: TestEnPassantNullDescendantRestoresKey/pinned_white_capturer/cold_child (0.00s)
    --- PASS: TestEnPassantNullDescendantRestoresKey/pinned_black_capturer/warm (0.00s)
    --- PASS: TestEnPassantNullDescendantRestoresKey/pinned_black_capturer/cold_child (0.00s)
    --- PASS: TestEnPassantNullDescendantRestoresKey/unrelated_check_white_capturer/warm (0.00s)
    --- PASS: TestEnPassantNullDescendantRestoresKey/unrelated_check_white_capturer/cold_child (0.00s)
    --- PASS: TestEnPassantNullDescendantRestoresKey/unrelated_check_black_capturer/warm (0.00s)
    --- PASS: TestEnPassantNullDescendantRestoresKey/unrelated_check_black_capturer/cold_child (0.00s)
    --- PASS: TestEnPassantNullDescendantRestoresKey/legal_white_capturer/warm (0.00s)
    --- PASS: TestEnPassantNullDescendantRestoresKey/legal_white_capturer/cold_child (0.00s)
    --- PASS: TestEnPassantNullDescendantRestoresKey/legal_black_capturer/warm (0.00s)
    --- PASS: TestEnPassantNullDescendantRestoresKey/legal_black_capturer/cold_child (0.00s)
=== RUN   TestEnPassantHashCapturabilityGate
--- PASS: TestEnPassantHashCapturabilityGate (0.00s)
=== RUN   TestIllegalEnPassantPlayedThreefold
=== RUN   TestIllegalEnPassantPlayedThreefold/pinned_white_capturer
=== RUN   TestIllegalEnPassantPlayedThreefold/pinned_black_capturer
=== RUN   TestIllegalEnPassantPlayedThreefold/unrelated_check_white_capturer
=== RUN   TestIllegalEnPassantPlayedThreefold/unrelated_check_black_capturer
--- PASS: TestIllegalEnPassantPlayedThreefold (0.00s)
    --- PASS: TestIllegalEnPassantPlayedThreefold/pinned_white_capturer (0.00s)
    --- PASS: TestIllegalEnPassantPlayedThreefold/pinned_black_capturer (0.00s)
    --- PASS: TestIllegalEnPassantPlayedThreefold/unrelated_check_white_capturer (0.00s)
    --- PASS: TestIllegalEnPassantPlayedThreefold/unrelated_check_black_capturer (0.00s)
=== RUN   TestEnPassantKeyTransitionRestoration
=== RUN   TestEnPassantKeyTransitionRestoration/pinned_white_capturer
=== RUN   TestEnPassantKeyTransitionRestoration/pinned_white_capturer/a5a4
=== RUN   TestEnPassantKeyTransitionRestoration/pinned_black_capturer
=== RUN   TestEnPassantKeyTransitionRestoration/pinned_black_capturer/h4h5
=== RUN   TestEnPassantKeyTransitionRestoration/unrelated_check_white_capturer
=== RUN   TestEnPassantKeyTransitionRestoration/unrelated_check_white_capturer/a4a3
=== RUN   TestEnPassantKeyTransitionRestoration/unrelated_check_black_capturer
=== RUN   TestEnPassantKeyTransitionRestoration/unrelated_check_black_capturer/h5h6
=== RUN   TestEnPassantKeyTransitionRestoration/legal_white_capturer
=== RUN   TestEnPassantKeyTransitionRestoration/legal_white_capturer/e5d6
=== RUN   TestEnPassantKeyTransitionRestoration/legal_white_capturer/a5a4
=== RUN   TestEnPassantKeyTransitionRestoration/legal_black_capturer
=== RUN   TestEnPassantKeyTransitionRestoration/legal_black_capturer/d4e3
=== RUN   TestEnPassantKeyTransitionRestoration/legal_black_capturer/d4d3
--- PASS: TestEnPassantKeyTransitionRestoration (0.00s)
    --- PASS: TestEnPassantKeyTransitionRestoration/pinned_white_capturer (0.00s)
        --- PASS: TestEnPassantKeyTransitionRestoration/pinned_white_capturer/a5a4 (0.00s)
    --- PASS: TestEnPassantKeyTransitionRestoration/pinned_black_capturer (0.00s)
        --- PASS: TestEnPassantKeyTransitionRestoration/pinned_black_capturer/h4h5 (0.00s)
    --- PASS: TestEnPassantKeyTransitionRestoration/unrelated_check_white_capturer (0.00s)
        --- PASS: TestEnPassantKeyTransitionRestoration/unrelated_check_white_capturer/a4a3 (0.00s)
    --- PASS: TestEnPassantKeyTransitionRestoration/unrelated_check_black_capturer (0.00s)
        --- PASS: TestEnPassantKeyTransitionRestoration/unrelated_check_black_capturer/h5h6 (0.00s)
    --- PASS: TestEnPassantKeyTransitionRestoration/legal_white_capturer (0.00s)
        --- PASS: TestEnPassantKeyTransitionRestoration/legal_white_capturer/e5d6 (0.00s)
        --- PASS: TestEnPassantKeyTransitionRestoration/legal_white_capturer/a5a4 (0.00s)
    --- PASS: TestEnPassantKeyTransitionRestoration/legal_black_capturer (0.00s)
        --- PASS: TestEnPassantKeyTransitionRestoration/legal_black_capturer/d4e3 (0.00s)
        --- PASS: TestEnPassantKeyTransitionRestoration/legal_black_capturer/d4d3 (0.00s)
=== RUN   TestLegalEnPassantPredicateEdgesAndPurity
=== RUN   TestLegalEnPassantPredicateEdgesAndPurity/two_adjacent_only_unpinned_capturer_legal
=== RUN   TestLegalEnPassantPredicateEdgesAndPurity/EP_captures_checking_pawn
=== RUN   TestLegalEnPassantPredicateEdgesAndPurity/diagonal_exposure_is_illegal
=== RUN   TestLegalEnPassantPredicateEdgesAndPurity/blocked_diagonal_remains_legal
--- PASS: TestLegalEnPassantPredicateEdgesAndPurity (0.00s)
    --- PASS: TestLegalEnPassantPredicateEdgesAndPurity/two_adjacent_only_unpinned_capturer_legal (0.00s)
    --- PASS: TestLegalEnPassantPredicateEdgesAndPurity/EP_captures_checking_pawn (0.00s)
    --- PASS: TestLegalEnPassantPredicateEdgesAndPurity/diagonal_exposure_is_illegal (0.00s)
    --- PASS: TestLegalEnPassantPredicateEdgesAndPurity/blocked_diagonal_remains_legal (0.00s)
PASS
ok  	github.com/ehrlich-b/ngn/engine	0.005s
