=== RUN   TestEmbeddedBookStartingPosition
    book_test.go:25: Starting position book move: e2e4
--- PASS: TestEmbeddedBookStartingPosition (0.00s)
=== RUN   TestEmbeddedBookAfterE4
    book_test.go:43: After 1.e4 book move: e7e5
--- PASS: TestEmbeddedBookAfterE4 (0.00s)
=== RUN   TestEmbeddedBookAfterD4
    book_test.go:61: After 1.d4 book move: d7d5
--- PASS: TestEmbeddedBookAfterD4 (0.00s)
=== RUN   TestEmbeddedBookNoHit
    book_test.go:74: Correctly returned no book move for middlegame position
--- PASS: TestEmbeddedBookNoHit (0.00s)
=== RUN   TestPolyglotHash
--- PASS: TestPolyglotHash (0.00s)
=== RUN   TestExternalPolyglotBookInterop
--- PASS: TestExternalPolyglotBookInterop (0.00s)
=== RUN   TestEnPassantSecondCapturerCanBeLegal
=== RUN   TestEnPassantSecondCapturerCanBeLegal/white
=== RUN   TestEnPassantSecondCapturerCanBeLegal/black
--- PASS: TestEnPassantSecondCapturerCanBeLegal (0.00s)
    --- PASS: TestEnPassantSecondCapturerCanBeLegal/white (0.00s)
    --- PASS: TestEnPassantSecondCapturerCanBeLegal/black (0.00s)
=== RUN   TestEnPassantNullDescendantRestoresKey
=== RUN   TestEnPassantNullDescendantRestoresKey/pinned_white_capturer/warm
=== RUN   TestEnPassantNullDescendantRestoresKey/pinned_white_capturer/cold_child
=== RUN   TestEnPassantNullDescendantRestoresKey/pinned_black_capturer/warm
=== RUN   TestEnPassantNullDescendantRestoresKey/pinned_black_capturer/cold_child
=== RUN   TestEnPassantNullDescendantRestoresKey/unrelated_check_white_capturer/warm
=== RUN   TestEnPassantNullDescendantRestoresKey/unrelated_check_white_capturer/cold_child
=== RUN   TestEnPassantNullDescendantRestoresKey/unrelated_check_black_capturer/warm
=== RUN   TestEnPassantNullDescendantRestoresKey/unrelated_check_black_capturer/cold_child
=== RUN   TestEnPassantNullDescendantRestoresKey/legal_white_capturer/warm
=== RUN   TestEnPassantNullDescendantRestoresKey/legal_white_capturer/cold_child
=== RUN   TestEnPassantNullDescendantRestoresKey/legal_black_capturer/warm
=== RUN   TestEnPassantNullDescendantRestoresKey/legal_black_capturer/cold_child
--- PASS: TestEnPassantNullDescendantRestoresKey (0.00s)
    --- PASS: TestEnPassantNullDescendantRestoresKey/pinned_white_capturer/warm (0.00s)
    --- PASS: TestEnPassantNullDescendantRestoresKey/pinned_white_capturer/cold_child (0.00s)
    --- PASS: TestEnPassantNullDescendantRestoresKey/pinned_black_capturer/warm (0.00s)
    --- PASS: TestEnPassantNullDescendantRestoresKey/pinned_black_capturer/cold_child (0.00s)
    --- PASS: TestEnPassantNullDescendantRestoresKey/unrelated_check_white_capturer/warm (0.00s)
    --- PASS: TestEnPassantNullDescendantRestoresKey/unrelated_check_white_capturer/cold_child (0.00s)
    --- PASS: TestEnPassantNullDescendantRestoresKey/unrelated_check_black_capturer/warm (0.00s)
    --- PASS: TestEnPassantNullDescendantRestoresKey/unrelated_check_black_capturer/cold_child (0.00s)
    --- PASS: TestEnPassantNullDescendantRestoresKey/legal_white_capturer/warm (0.00s)
    --- PASS: TestEnPassantNullDescendantRestoresKey/legal_white_capturer/cold_child (0.00s)
    --- PASS: TestEnPassantNullDescendantRestoresKey/legal_black_capturer/warm (0.00s)
    --- PASS: TestEnPassantNullDescendantRestoresKey/legal_black_capturer/cold_child (0.00s)
=== RUN   TestEnPassantHashCapturabilityGate
--- PASS: TestEnPassantHashCapturabilityGate (0.00s)
=== RUN   TestOwnedK4EnPassantRepetitionReadiness
=== RUN   TestOwnedK4EnPassantRepetitionReadiness/played_histories_and_inverse_paths
=== RUN   TestOwnedK4EnPassantRepetitionReadiness/played_histories_and_inverse_paths/pinned_white_capturer
=== RUN   TestOwnedK4EnPassantRepetitionReadiness/played_histories_and_inverse_paths/pinned_black_capturer
=== RUN   TestOwnedK4EnPassantRepetitionReadiness/played_histories_and_inverse_paths/unrelated_check_white_capturer
=== RUN   TestOwnedK4EnPassantRepetitionReadiness/played_histories_and_inverse_paths/unrelated_check_black_capturer
=== RUN   TestOwnedK4EnPassantRepetitionReadiness/played_histories_and_inverse_paths/legal_white_capturer
=== RUN   TestOwnedK4EnPassantRepetitionReadiness/played_histories_and_inverse_paths/legal_black_capturer
=== RUN   TestOwnedK4EnPassantRepetitionReadiness/null_quiet_child_and_inverse
=== RUN   TestOwnedK4EnPassantRepetitionReadiness/null_quiet_child_and_inverse/pinned_white_capturer
=== RUN   TestOwnedK4EnPassantRepetitionReadiness/null_quiet_child_and_inverse/pinned_black_capturer
=== RUN   TestOwnedK4EnPassantRepetitionReadiness/null_quiet_child_and_inverse/unrelated_check_white_capturer
=== RUN   TestOwnedK4EnPassantRepetitionReadiness/null_quiet_child_and_inverse/unrelated_check_black_capturer
=== RUN   TestOwnedK4EnPassantRepetitionReadiness/null_quiet_child_and_inverse/legal_white_capturer
=== RUN   TestOwnedK4EnPassantRepetitionReadiness/null_quiet_child_and_inverse/legal_black_capturer
=== RUN   TestOwnedK4EnPassantRepetitionReadiness/finite_search_restores_caller
=== RUN   TestOwnedK4EnPassantRepetitionReadiness/finite_search_restores_caller/pinned_white_capturer
    enpassant_owned_nnue_integration_test.go:374: depth-2 search restored caller after 33 committed evaluator frames
=== RUN   TestOwnedK4EnPassantRepetitionReadiness/finite_search_restores_caller/pinned_black_capturer
    enpassant_owned_nnue_integration_test.go:374: depth-2 search restored caller after 33 committed evaluator frames
=== RUN   TestOwnedK4EnPassantRepetitionReadiness/finite_search_restores_caller/legal_white_capturer
    enpassant_owned_nnue_integration_test.go:374: depth-2 search restored caller after 27 committed evaluator frames
=== RUN   TestOwnedK4EnPassantRepetitionReadiness/finite_search_restores_caller/legal_black_capturer
    enpassant_owned_nnue_integration_test.go:374: depth-2 search restored caller after 27 committed evaluator frames
--- PASS: TestOwnedK4EnPassantRepetitionReadiness (0.32s)
    --- PASS: TestOwnedK4EnPassantRepetitionReadiness/played_histories_and_inverse_paths (0.09s)
        --- PASS: TestOwnedK4EnPassantRepetitionReadiness/played_histories_and_inverse_paths/pinned_white_capturer (0.07s)
        --- PASS: TestOwnedK4EnPassantRepetitionReadiness/played_histories_and_inverse_paths/pinned_black_capturer (0.01s)
        --- PASS: TestOwnedK4EnPassantRepetitionReadiness/played_histories_and_inverse_paths/unrelated_check_white_capturer (0.01s)
        --- PASS: TestOwnedK4EnPassantRepetitionReadiness/played_histories_and_inverse_paths/unrelated_check_black_capturer (0.00s)
        --- PASS: TestOwnedK4EnPassantRepetitionReadiness/played_histories_and_inverse_paths/legal_white_capturer (0.00s)
        --- PASS: TestOwnedK4EnPassantRepetitionReadiness/played_histories_and_inverse_paths/legal_black_capturer (0.00s)
    --- PASS: TestOwnedK4EnPassantRepetitionReadiness/null_quiet_child_and_inverse (0.01s)
        --- PASS: TestOwnedK4EnPassantRepetitionReadiness/null_quiet_child_and_inverse/pinned_white_capturer (0.00s)
        --- PASS: TestOwnedK4EnPassantRepetitionReadiness/null_quiet_child_and_inverse/pinned_black_capturer (0.00s)
        --- PASS: TestOwnedK4EnPassantRepetitionReadiness/null_quiet_child_and_inverse/unrelated_check_white_capturer (0.00s)
        --- PASS: TestOwnedK4EnPassantRepetitionReadiness/null_quiet_child_and_inverse/unrelated_check_black_capturer (0.00s)
        --- PASS: TestOwnedK4EnPassantRepetitionReadiness/null_quiet_child_and_inverse/legal_white_capturer (0.00s)
        --- PASS: TestOwnedK4EnPassantRepetitionReadiness/null_quiet_child_and_inverse/legal_black_capturer (0.00s)
    --- PASS: TestOwnedK4EnPassantRepetitionReadiness/finite_search_restores_caller (0.19s)
        --- PASS: TestOwnedK4EnPassantRepetitionReadiness/finite_search_restores_caller/pinned_white_capturer (0.08s)
        --- PASS: TestOwnedK4EnPassantRepetitionReadiness/finite_search_restores_caller/pinned_black_capturer (0.09s)
        --- PASS: TestOwnedK4EnPassantRepetitionReadiness/finite_search_restores_caller/legal_white_capturer (0.02s)
        --- PASS: TestOwnedK4EnPassantRepetitionReadiness/finite_search_restores_caller/legal_black_capturer (0.01s)
=== RUN   TestLegalEnPassantOrdinaryHashAndPinnedOracle
=== RUN   TestLegalEnPassantOrdinaryHashAndPinnedOracle/pinned_white_capturer
=== RUN   TestLegalEnPassantOrdinaryHashAndPinnedOracle/pinned_black_capturer
=== RUN   TestLegalEnPassantOrdinaryHashAndPinnedOracle/unrelated_check_white_capturer
=== RUN   TestLegalEnPassantOrdinaryHashAndPinnedOracle/unrelated_check_black_capturer
=== RUN   TestLegalEnPassantOrdinaryHashAndPinnedOracle/legal_white_capturer
=== RUN   TestLegalEnPassantOrdinaryHashAndPinnedOracle/legal_black_capturer
--- PASS: TestLegalEnPassantOrdinaryHashAndPinnedOracle (0.00s)
    --- PASS: TestLegalEnPassantOrdinaryHashAndPinnedOracle/pinned_white_capturer (0.00s)
    --- PASS: TestLegalEnPassantOrdinaryHashAndPinnedOracle/pinned_black_capturer (0.00s)
    --- PASS: TestLegalEnPassantOrdinaryHashAndPinnedOracle/unrelated_check_white_capturer (0.00s)
    --- PASS: TestLegalEnPassantOrdinaryHashAndPinnedOracle/unrelated_check_black_capturer (0.00s)
    --- PASS: TestLegalEnPassantOrdinaryHashAndPinnedOracle/legal_white_capturer (0.00s)
    --- PASS: TestLegalEnPassantOrdinaryHashAndPinnedOracle/legal_black_capturer (0.00s)
=== RUN   TestIllegalEnPassantPlayedThreefold
=== RUN   TestIllegalEnPassantPlayedThreefold/pinned_white_capturer
=== RUN   TestIllegalEnPassantPlayedThreefold/pinned_black_capturer
=== RUN   TestIllegalEnPassantPlayedThreefold/unrelated_check_white_capturer
=== RUN   TestIllegalEnPassantPlayedThreefold/unrelated_check_black_capturer
--- PASS: TestIllegalEnPassantPlayedThreefold (0.00s)
    --- PASS: TestIllegalEnPassantPlayedThreefold/pinned_white_capturer (0.00s)
    --- PASS: TestIllegalEnPassantPlayedThreefold/pinned_black_capturer (0.00s)
    --- PASS: TestIllegalEnPassantPlayedThreefold/unrelated_check_white_capturer (0.00s)
    --- PASS: TestIllegalEnPassantPlayedThreefold/unrelated_check_black_capturer (0.00s)
=== RUN   TestEnPassantKeyTransitionRestoration
=== RUN   TestEnPassantKeyTransitionRestoration/pinned_white_capturer
=== RUN   TestEnPassantKeyTransitionRestoration/pinned_white_capturer/a5a4
=== RUN   TestEnPassantKeyTransitionRestoration/pinned_black_capturer
=== RUN   TestEnPassantKeyTransitionRestoration/pinned_black_capturer/h4h5
=== RUN   TestEnPassantKeyTransitionRestoration/unrelated_check_white_capturer
=== RUN   TestEnPassantKeyTransitionRestoration/unrelated_check_white_capturer/a4a3
=== RUN   TestEnPassantKeyTransitionRestoration/unrelated_check_black_capturer
=== RUN   TestEnPassantKeyTransitionRestoration/unrelated_check_black_capturer/h5h6
=== RUN   TestEnPassantKeyTransitionRestoration/legal_white_capturer
=== RUN   TestEnPassantKeyTransitionRestoration/legal_white_capturer/e5d6
=== RUN   TestEnPassantKeyTransitionRestoration/legal_white_capturer/a5a4
=== RUN   TestEnPassantKeyTransitionRestoration/legal_black_capturer
=== RUN   TestEnPassantKeyTransitionRestoration/legal_black_capturer/d4e3
=== RUN   TestEnPassantKeyTransitionRestoration/legal_black_capturer/d4d3
--- PASS: TestEnPassantKeyTransitionRestoration (0.00s)
    --- PASS: TestEnPassantKeyTransitionRestoration/pinned_white_capturer (0.00s)
        --- PASS: TestEnPassantKeyTransitionRestoration/pinned_white_capturer/a5a4 (0.00s)
    --- PASS: TestEnPassantKeyTransitionRestoration/pinned_black_capturer (0.00s)
        --- PASS: TestEnPassantKeyTransitionRestoration/pinned_black_capturer/h4h5 (0.00s)
    --- PASS: TestEnPassantKeyTransitionRestoration/unrelated_check_white_capturer (0.00s)
        --- PASS: TestEnPassantKeyTransitionRestoration/unrelated_check_white_capturer/a4a3 (0.00s)
    --- PASS: TestEnPassantKeyTransitionRestoration/unrelated_check_black_capturer (0.00s)
        --- PASS: TestEnPassantKeyTransitionRestoration/unrelated_check_black_capturer/h5h6 (0.00s)
    --- PASS: TestEnPassantKeyTransitionRestoration/legal_white_capturer (0.00s)
        --- PASS: TestEnPassantKeyTransitionRestoration/legal_white_capturer/e5d6 (0.00s)
        --- PASS: TestEnPassantKeyTransitionRestoration/legal_white_capturer/a5a4 (0.00s)
    --- PASS: TestEnPassantKeyTransitionRestoration/legal_black_capturer (0.00s)
        --- PASS: TestEnPassantKeyTransitionRestoration/legal_black_capturer/d4e3 (0.00s)
        --- PASS: TestEnPassantKeyTransitionRestoration/legal_black_capturer/d4d3 (0.00s)
=== RUN   TestLegalEnPassantPredicateEdgesAndPurity
=== RUN   TestLegalEnPassantPredicateEdgesAndPurity/two_adjacent_only_unpinned_capturer_legal
=== RUN   TestLegalEnPassantPredicateEdgesAndPurity/EP_captures_checking_pawn
=== RUN   TestLegalEnPassantPredicateEdgesAndPurity/diagonal_exposure_is_illegal
=== RUN   TestLegalEnPassantPredicateEdgesAndPurity/blocked_diagonal_remains_legal
--- PASS: TestLegalEnPassantPredicateEdgesAndPurity (0.00s)
    --- PASS: TestLegalEnPassantPredicateEdgesAndPurity/two_adjacent_only_unpinned_capturer_legal (0.00s)
    --- PASS: TestLegalEnPassantPredicateEdgesAndPurity/EP_captures_checking_pawn (0.00s)
    --- PASS: TestLegalEnPassantPredicateEdgesAndPurity/diagonal_exposure_is_illegal (0.00s)
    --- PASS: TestLegalEnPassantPredicateEdgesAndPurity/blocked_diagonal_remains_legal (0.00s)
=== RUN   TestExternalPolyglotBookMoveContract
=== RUN   TestExternalPolyglotBookMoveContract/legal_white_capturer
=== RUN   TestExternalPolyglotBookMoveContract/legal_black_capturer
=== RUN   TestExternalPolyglotBookMoveContract/both-kingside-castles-0
=== RUN   TestExternalPolyglotBookMoveContract/both-kingside-castles-1
=== RUN   TestExternalPolyglotBookMoveContract/both-queenside-castles-0
=== RUN   TestExternalPolyglotBookMoveContract/both-queenside-castles-1
=== RUN   TestExternalPolyglotBookMoveContract/white-promotion-q
=== RUN   TestExternalPolyglotBookMoveContract/black-promotion-q
=== RUN   TestExternalPolyglotBookMoveContract/white-promotion-capture-q
=== RUN   TestExternalPolyglotBookMoveContract/black-promotion-capture-q
=== RUN   TestExternalPolyglotBookMoveContract/white-promotion-r
=== RUN   TestExternalPolyglotBookMoveContract/black-promotion-r
=== RUN   TestExternalPolyglotBookMoveContract/white-promotion-capture-r
=== RUN   TestExternalPolyglotBookMoveContract/black-promotion-capture-r
=== RUN   TestExternalPolyglotBookMoveContract/white-promotion-b
=== RUN   TestExternalPolyglotBookMoveContract/black-promotion-b
=== RUN   TestExternalPolyglotBookMoveContract/white-promotion-capture-b
=== RUN   TestExternalPolyglotBookMoveContract/black-promotion-capture-b
=== RUN   TestExternalPolyglotBookMoveContract/white-promotion-n
=== RUN   TestExternalPolyglotBookMoveContract/black-promotion-n
=== RUN   TestExternalPolyglotBookMoveContract/white-promotion-capture-n
=== RUN   TestExternalPolyglotBookMoveContract/black-promotion-capture-n
=== RUN   TestExternalPolyglotBookMoveContract/standard-start-e2e4
=== NAME  TestExternalPolyglotBookMoveContract
    polyglot_book_move_contract_test.go:215: external literal-book move summary: cases=23 exact_decodes=23 decode_failures=0 failure_names=[] fen_normalizations=[standard-start-e2e4] runtime_perft2_nodes=7651 oracle_perft2_nodes=7651
--- PASS: TestExternalPolyglotBookMoveContract (0.06s)
    --- PASS: TestExternalPolyglotBookMoveContract/legal_white_capturer (0.00s)
    --- PASS: TestExternalPolyglotBookMoveContract/legal_black_capturer (0.00s)
    --- PASS: TestExternalPolyglotBookMoveContract/both-kingside-castles-0 (0.00s)
    --- PASS: TestExternalPolyglotBookMoveContract/both-kingside-castles-1 (0.00s)
    --- PASS: TestExternalPolyglotBookMoveContract/both-queenside-castles-0 (0.00s)
    --- PASS: TestExternalPolyglotBookMoveContract/both-queenside-castles-1 (0.00s)
    --- PASS: TestExternalPolyglotBookMoveContract/white-promotion-q (0.00s)
    --- PASS: TestExternalPolyglotBookMoveContract/black-promotion-q (0.00s)
    --- PASS: TestExternalPolyglotBookMoveContract/white-promotion-capture-q (0.00s)
    --- PASS: TestExternalPolyglotBookMoveContract/black-promotion-capture-q (0.05s)
    --- PASS: TestExternalPolyglotBookMoveContract/white-promotion-r (0.00s)
    --- PASS: TestExternalPolyglotBookMoveContract/black-promotion-r (0.00s)
    --- PASS: TestExternalPolyglotBookMoveContract/white-promotion-capture-r (0.00s)
    --- PASS: TestExternalPolyglotBookMoveContract/black-promotion-capture-r (0.00s)
    --- PASS: TestExternalPolyglotBookMoveContract/white-promotion-b (0.00s)
    --- PASS: TestExternalPolyglotBookMoveContract/black-promotion-b (0.00s)
    --- PASS: TestExternalPolyglotBookMoveContract/white-promotion-capture-b (0.00s)
    --- PASS: TestExternalPolyglotBookMoveContract/black-promotion-capture-b (0.00s)
    --- PASS: TestExternalPolyglotBookMoveContract/white-promotion-n (0.00s)
    --- PASS: TestExternalPolyglotBookMoveContract/black-promotion-n (0.00s)
    --- PASS: TestExternalPolyglotBookMoveContract/white-promotion-capture-n (0.00s)
    --- PASS: TestExternalPolyglotBookMoveContract/black-promotion-capture-n (0.00s)
    --- PASS: TestExternalPolyglotBookMoveContract/standard-start-e2e4 (0.00s)
=== RUN   TestPolyglotOrthodoxCastleDestinationCompatibility
=== RUN   TestPolyglotOrthodoxCastleDestinationCompatibility/white_kingside_king-to-g
=== RUN   TestPolyglotOrthodoxCastleDestinationCompatibility/white_queenside_king-to-c
=== RUN   TestPolyglotOrthodoxCastleDestinationCompatibility/black_kingside_king-to-g
=== RUN   TestPolyglotOrthodoxCastleDestinationCompatibility/black_queenside_king-to-c
--- PASS: TestPolyglotOrthodoxCastleDestinationCompatibility (0.00s)
    --- PASS: TestPolyglotOrthodoxCastleDestinationCompatibility/white_kingside_king-to-g (0.00s)
    --- PASS: TestPolyglotOrthodoxCastleDestinationCompatibility/white_queenside_king-to-c (0.00s)
    --- PASS: TestPolyglotOrthodoxCastleDestinationCompatibility/black_kingside_king-to-g (0.00s)
    --- PASS: TestPolyglotOrthodoxCastleDestinationCompatibility/black_queenside_king-to-c (0.00s)
=== RUN   TestCanonicalPolyglotRandomTable
--- PASS: TestCanonicalPolyglotRandomTable (0.00s)
=== RUN   TestExternalPolyglotSpecialMoveContract
    polyglot_external_contract_test.go:340: external Polyglot contract summary: histories=29 frozen_states=99 frozen_perft2_nodes=10836 book_checks=302 mismatches=0 actual_sequence_sha256=010379ec6836a7e23f506cf741aca9b5e0b5252ce125a96b63207db22aeba07e
--- PASS: TestExternalPolyglotSpecialMoveContract (0.01s)
PASS
ok  	github.com/ehrlich-b/ngn/engine	0.410s
