ok  	github.com/ehrlich-b/ngn	0.170s
?   	github.com/ehrlich-b/ngn/cmd/analyze_position	[no test files]
?   	github.com/ehrlich-b/ngn/cmd/benchmark	[no test files]
?   	github.com/ehrlich-b/ngn/cmd/blunder-finder	[no test files]
?   	github.com/ehrlich-b/ngn/cmd/combined-report	[no test files]
?   	github.com/ehrlich-b/ngn/cmd/elo-assess	[no test files]
?   	github.com/ehrlich-b/ngn/cmd/eval_breakdown	[no test files]
?   	github.com/ehrlich-b/ngn/cmd/evaltune	[no test files]
?   	github.com/ehrlich-b/ngn/cmd/gametest	[no test files]
?   	github.com/ehrlich-b/ngn/cmd/gauntlet	[no test files]
?   	github.com/ehrlich-b/ngn/cmd/lossxray	[no test files]
?   	github.com/ehrlich-b/ngn/cmd/moves_to_fen	[no test files]
ok  	github.com/ehrlich-b/ngn/cmd/ngnk4bridge	0.394s
?   	github.com/ehrlich-b/ngn/cmd/ngnk4finalize	[no test files]
ok  	github.com/ehrlich-b/ngn/cmd/ngnk4label	0.003s
ok  	github.com/ehrlich-b/ngn/cmd/ngnk4pack	0.003s
ok  	github.com/ehrlich-b/ngn/cmd/ngnk4staticdump	0.003s
ok  	github.com/ehrlich-b/ngn/cmd/ngnk4teachercheck	0.056s
ok  	github.com/ehrlich-b/ngn/cmd/nnuebridge	0.168s
?   	github.com/ehrlich-b/ngn/cmd/oracle	[no test files]
?   	github.com/ehrlich-b/ngn/cmd/pgn-test	[no test files]
?   	github.com/ehrlich-b/ngn/cmd/pgn_to_fens	[no test files]
?   	github.com/ehrlich-b/ngn/cmd/pgnify	[no test files]
?   	github.com/ehrlich-b/ngn/cmd/pruning-analysis	[no test files]
?   	github.com/ehrlich-b/ngn/cmd/pruning-comparison	[no test files]
ok  	github.com/ehrlich-b/ngn/cmd/searchsnapshot	0.005s
?   	github.com/ehrlich-b/ngn/cmd/sf18big-research	[no test files]
?   	github.com/ehrlich-b/ngn/cmd/sfpv	[no test files]
?   	github.com/ehrlich-b/ngn/cmd/simple-test	[no test files]
?   	github.com/ehrlich-b/ngn/cmd/smoke	[no test files]
ok  	github.com/ehrlich-b/ngn/cmd/sprt	0.055s
?   	github.com/ehrlich-b/ngn/cmd/spsa	[no test files]
?   	github.com/ehrlich-b/ngn/cmd/tactical-test	[no test files]
?   	github.com/ehrlich-b/ngn/cmd/test-harness	[no test files]
ok  	github.com/ehrlich-b/ngn/cmd/texel	0.005s
ok  	github.com/ehrlich-b/ngn/cmd/texelcorpus	0.381s
?   	github.com/ehrlich-b/ngn/cmd/trace_move	[no test files]
?   	github.com/ehrlich-b/ngn/cmd/zzbias	[no test files]
ok  	github.com/ehrlich-b/ngn/countereval	0.203s
ok  	github.com/ehrlich-b/ngn/engine	13.885s
?   	github.com/ehrlich-b/ngn/experiments/2026-10-01-ep-repetition-correctness	[no test files]
?   	github.com/ehrlich-b/ngn/experiments/2026-10-01-rodent-pv-identity-probe	[no test files]
?   	github.com/ehrlich-b/ngn/internal/history	[no test files]
?   	github.com/ehrlich-b/ngn/internal/rating	[no test files]
ok  	github.com/ehrlich-b/ngn/internal/texeldata	0.136s
ok  	github.com/ehrlich-b/ngn/internal/uci	0.055s
ok  	github.com/ehrlich-b/ngn/nnue	0.107s
ok  	github.com/ehrlich-b/ngn/nnue/ngnk4	0.382s
ok  	github.com/ehrlich-b/ngn/nnue/sf18big	0.005s
ok  	github.com/ehrlich-b/ngn/nnue/sf18small	5.807s
ok  	github.com/ehrlich-b/ngn/rodenteval	0.014s
ok  	github.com/ehrlich-b/ngn/rodentv12eval	0.087s
ok  	github.com/ehrlich-b/ngn/training/nnue/k4finalize	0.022s
ok  	github.com/ehrlich-b/ngn/training/nnue/k4label	0.148s
ok  	github.com/ehrlich-b/ngn/training/nnue/k4pack	0.013s
