
   ___          __         __   _   __
  / _ \___  ___/ /__ ___  / /_ | | / /
 / , _/ _ \/ _  / -_) _ \/ __/ | |/ /
/_/|_|\___/\_,_/\__/_//_/\__/  |___/

         Rodent V 1.1
      Type 'uci' or 'help'
id name Rodent V 1.1 AVX2
id author Naman Thanki, Pawel Koziol, based on Sungorus by Pablo Vazquez
option name Hash type spin default 16 min 1 max 4096
option name Clear Hash type button
option name UCI_LimitStrength type check default false
option name UCI_Elo type spin default 3000 min 800 max 3000
info string Loaded NNUE network: nets/rodent_anand_512hl.bin
uciok
25readyok
25readyok
25readyok
25readyok
25readyok
25readyok
-189readyok
223readyok
-189readyok
223readyok
-189readyok
223readyok
49readyok
-16readyok
-54readyok
110readyok
660readyok
-551readyok
660readyok
-551readyok
660readyok
-551readyok
-200readyok
234readyok
957readyok
-892readyok
-35readyok
47readyok
202readyok
-193readyok
11readyok
4readyok
-31readyok
36readyok
-31readyok
36readyok
-31readyok
36readyok
15readyok
15readyok
-220readyok
274readyok
257readyok
-206readyok
7readyok
7readyok
7readyok
7readyok
7readyok
7readyok
148readyok
-135readyok
148readyok
-135readyok
80readyok
-63readyok
80readyok
-63readyok
29readyok
-31readyok
-19readyok
22readyok
519readyok
-508readyok
-561readyok
576readyok
-4readyok
10readyok
-4readyok
10readyok
-4readyok
10readyok
25readyok
25readyok
25readyok
25readyok
25readyok
25readyok
-189readyok
223readyok
-189readyok
223readyok
-189readyok
223readyok
49readyok
-16readyok
-54readyok
110readyok
660readyok
-551readyok
660readyok
-551readyok
660readyok
-551readyok
-200readyok
234readyok
957readyok
-892readyok
-35readyok
47readyok
202readyok
-193readyok
11readyok
4readyok
-31readyok
36readyok
-31readyok
36readyok
-31readyok
36readyok
15readyok
15readyok
-220readyok
274readyok
257readyok
-206readyok
7readyok
7readyok
7readyok
7readyok
7readyok
7readyok
148readyok
-135readyok
148readyok
-135readyok
80readyok
-63readyok
80readyok
-63readyok
29readyok
-31readyok
-19readyok
22readyok
519readyok
-508readyok
-561readyok
576readyok
-4readyok
10readyok
-4readyok
10readyok
-4readyok
10readyok
