{
  "baseline": {
    "actual_sequence_sha256": "3f89792dd707913f365e2f0554b862c816469466d20cf6df47452097c52b14f7",
    "book_checks": 302,
    "exit": 1,
    "frozen_perft2_nodes": 10836,
    "frozen_states": 99,
    "histories": 29,
    "mismatches": 302,
    "startpos_got": "4b9aa9e5e768fe35",
    "startpos_want": "463b96181691fc9c"
  },
  "candidate": {
    "actual_sequence_sha256": "3f89792dd707913f365e2f0554b862c816469466d20cf6df47452097c52b14f7",
    "book_checks": 302,
    "exit": 1,
    "frozen_perft2_nodes": 10836,
    "frozen_states": 99,
    "histories": 29,
    "mismatches": 302,
    "startpos_got": "4b9aa9e5e768fe35",
    "startpos_want": "463b96181691fc9c"
  },
  "fixture_sha256": "3e7acd53328562ab5fb6943441d586f8bb3723e269c1904c4f128ecee63d05fc",
  "state": "CANDIDATE_AND_BASELINE_IDENTICAL_NONSTANDARD_BOOK_KEYS",
  "test_sha256": "d162217a2e44f5190a31df1b0812cf080e791ca41987a423b209efcb0714b679"
}
