./compare_focus.py: OK
./evidence/baseline-focus.command: OK
./evidence/baseline-focus.exit: OK
./evidence/baseline-focus.finished: OK
./evidence/baseline-focus.started: OK
./evidence/baseline-focus.stderr: OK
./evidence/baseline-focus.stdout: OK
./evidence/candidate-focus.command: OK
./evidence/candidate-focus.exit: OK
./evidence/candidate-focus.finished: OK
./evidence/candidate-focus.started: OK
./evidence/candidate-focus.stderr: OK
./evidence/candidate-focus.stdout: OK
./evidence/candidate-short-all.command: OK
./evidence/candidate-short-all.exit: OK
./evidence/candidate-short-all.finished: OK
./evidence/candidate-short-all.started: OK
./evidence/candidate-short-all.stderr: OK
./evidence/candidate-short-all.stdout: OK
./evidence/candidate-short-engine.command: OK
./evidence/candidate-short-engine.exit: OK
./evidence/candidate-short-engine.finished: OK
./evidence/candidate-short-engine.started: OK
./evidence/candidate-short-engine.stderr: OK
./evidence/candidate-short-engine.stdout: OK
./evidence/candidate-short-race-engine.command: OK
./evidence/candidate-short-race-engine.exit: OK
./evidence/candidate-short-race-engine.finished: OK
./evidence/candidate-short-race-engine.started: OK
./evidence/candidate-short-race-engine.stderr: OK
./evidence/candidate-short-race-engine.stdout: OK
./evidence/compare-focus.command: OK
./evidence/compare-focus.exit: OK
./evidence/compare-focus.stderr: OK
./evidence/compare-focus.stdout: OK
./evidence/final-validation.command: OK
./evidence/final-validation.exit: OK
./evidence/final-validation.stderr: OK
./evidence/final-validation.stdout: OK
./evidence/identity.command: OK
./evidence/identity.exit: OK
./evidence/identity.json: OK
./evidence/identity.stderr: OK
./evidence/scope-status.command: OK
./evidence/scope-status.exit: OK
./evidence/scope-status.stderr: OK
./evidence/scope-status.stdout: OK
./evidence/source-inspection.command: OK
./evidence/source-inspection.exit: OK
./evidence/source-inspection.stderr: OK
./evidence/source-inspection.stdout: OK
./evidence/task-times.json: OK
./identity_receipt.py: OK
