{
  "all_four_defects_reproduced": true,
  "both_legal_ep_controls_valid": true,
  "cgroup": "0::/user.slice/user-1000.slice/user@1000.service/app.slice/ngn-personal-ep-proof-gates-20261001.service",
  "fixtures": [
    {
      "fixture": {
        "name": "pinned_white_capturer",
        "kind": "illegal_pin",
        "start_fen": "6k1/3p4/8/K3P2r/8/8/8/8 b - - 0 1",
        "push": "d7d5",
        "ep_fen": "6k1/8/8/K2pP2r/8/8/8/8 w - d6 0 2",
        "no_ep_fen": "6k1/8/8/K2pP2r/8/8/8/8 w - - 0 2",
        "ep_move": "e5d6",
        "cycle": [
          "a5a4",
          "h5h6",
          "a4a5",
          "h6h5"
        ]
      },
      "incremental": {
        "fen": "6k1/8/8/K2pP2r/8/8/8/8 w - d6 0 1",
        "hash": "8E29B3E8B604F0EA",
        "polyglot_hash": "7FF8481A6D4B0727",
        "en_passant": "d6",
        "legal_moves": [
          "a5a4",
          "a5a6",
          "a5b4",
          "a5b5",
          "a5b6",
          "e5e6"
        ],
        "perft_2": 95,
        "fide_legal_identity": "6k1/8/8/K2pP2r/8/8/8/8 w - -",
        "fide_has_legal_ep": false,
        "ngn_repetition_count": 1,
        "ngn_is_fide_draw_rule": false
      },
      "fen_ep": {
        "fen": "6k1/8/8/K2pP2r/8/8/8/8 w - d6 0 1",
        "hash": "8E29B3E8B604F0EA",
        "polyglot_hash": "7FF8481A6D4B0727",
        "en_passant": "d6",
        "legal_moves": [
          "a5a4",
          "a5a6",
          "a5b4",
          "a5b5",
          "a5b6",
          "e5e6"
        ],
        "perft_2": 95,
        "fide_legal_identity": "6k1/8/8/K2pP2r/8/8/8/8 w - -",
        "fide_has_legal_ep": false,
        "ngn_repetition_count": 1,
        "ngn_is_fide_draw_rule": false
      },
      "fen_no_ep": {
        "fen": "6k1/8/8/K2pP2r/8/8/8/8 w - - 0 1",
        "hash": "20B03C7203AC9AB6",
        "polyglot_hash": "3CB319FC6443FA09",
        "en_passant": "h1",
        "legal_moves": [
          "a5a4",
          "a5a6",
          "a5b4",
          "a5b5",
          "a5b6",
          "e5e6"
        ],
        "perft_2": 95,
        "fide_legal_identity": "6k1/8/8/K2pP2r/8/8/8/8 w - -",
        "fide_has_legal_ep": false,
        "ngn_repetition_count": 1,
        "ngn_is_fide_draw_rule": false
      },
      "restoration": {
        "search_make_unmake": true,
        "game_make_unmake": true,
        "null_make_unmake": true
      },
      "played_history": [
        {
          "ply": 1,
          "move": "d7d5",
          "hash": "8E29B3E8B604F0EA",
          "fide_legal_identity": "6k1/8/8/K2pP2r/8/8/8/8 w - -",
          "ngn_hash_count": 1,
          "ngn_is_fide_draw_rule": false
        },
        {
          "ply": 2,
          "move": "a5a4",
          "hash": "4D7B040B2E61FC75",
          "fide_legal_identity": "6k1/8/8/3pP2r/K7/8/8/8 b - -",
          "ngn_hash_count": 1,
          "ngn_is_fide_draw_rule": false
        },
        {
          "ply": 3,
          "move": "h5h6",
          "hash": "9C9FCE103B7FCC3F",
          "fide_legal_identity": "6k1/8/7r/3pP3/K7/8/8/8 w - -",
          "ngn_hash_count": 1,
          "ngn_is_fide_draw_rule": false
        },
        {
          "ply": 4,
          "move": "a4a5",
          "hash": "F154F66916B2AAFC",
          "fide_legal_identity": "6k1/8/7r/K2pP3/8/8/8/8 b - -",
          "ngn_hash_count": 1,
          "ngn_is_fide_draw_rule": false
        },
        {
          "ply": 5,
          "move": "h6h5",
          "hash": "20B03C7203AC9AB6",
          "fide_legal_identity": "6k1/8/8/K2pP2r/8/8/8/8 w - -",
          "ngn_hash_count": 1,
          "ngn_is_fide_draw_rule": false
        },
        {
          "ply": 6,
          "move": "a5a4",
          "hash": "4D7B040B2E61FC75",
          "fide_legal_identity": "6k1/8/8/3pP2r/K7/8/8/8 b - -",
          "ngn_hash_count": 2,
          "ngn_is_fide_draw_rule": false
        },
        {
          "ply": 7,
          "move": "h5h6",
          "hash": "9C9FCE103B7FCC3F",
          "fide_legal_identity": "6k1/8/7r/3pP3/K7/8/8/8 w - -",
          "ngn_hash_count": 2,
          "ngn_is_fide_draw_rule": false
        },
        {
          "ply": 8,
          "move": "a4a5",
          "hash": "F154F66916B2AAFC",
          "fide_legal_identity": "6k1/8/7r/K2pP3/8/8/8/8 b - -",
          "ngn_hash_count": 2,
          "ngn_is_fide_draw_rule": false
        },
        {
          "ply": 9,
          "move": "h6h5",
          "hash": "20B03C7203AC9AB6",
          "fide_legal_identity": "6k1/8/8/K2pP2r/8/8/8/8 w - -",
          "ngn_hash_count": 2,
          "ngn_is_fide_draw_rule": false
        }
      ],
      "true_legal_identity_occurrences": 3,
      "ngn_hash_occurrences": 2,
      "defect_reproduced": true,
      "legal_control_valid": false
    },
    {
      "fixture": {
        "name": "pinned_black_capturer",
        "kind": "illegal_pin",
        "start_fen": "8/8/8/8/R2p3k/8/4P3/1K6 w - - 0 1",
        "push": "e2e4",
        "ep_fen": "8/8/8/8/R2pP2k/8/8/1K6 b - e3 0 1",
        "no_ep_fen": "8/8/8/8/R2pP2k/8/8/1K6 b - - 0 1",
        "ep_move": "d4e3",
        "cycle": [
          "h4h5",
          "a4a3",
          "h5h4",
          "a3a4"
        ]
      },
      "incremental": {
        "fen": "8/8/8/8/R2pP2k/8/8/1K6 b - e3 0 1",
        "hash": "E00ACB0FEEFCFDA4",
        "polyglot_hash": "3A7000D3208A707B",
        "en_passant": "e3",
        "legal_moves": [
          "d4d3",
          "h4g3",
          "h4g4",
          "h4g5",
          "h4h3",
          "h4h5"
        ],
        "perft_2": 95,
        "fide_legal_identity": "8/8/8/8/R2pP2k/8/8/1K6 b - -",
        "fide_has_legal_ep": false,
        "ngn_repetition_count": 1,
        "ngn_is_fide_draw_rule": false
      },
      "fen_ep": {
        "fen": "8/8/8/8/R2pP2k/8/8/1K6 b - e3 0 1",
        "hash": "E00ACB0FEEFCFDA4",
        "polyglot_hash": "3A7000D3208A707B",
        "en_passant": "e3",
        "legal_moves": [
          "d4d3",
          "h4g3",
          "h4g4",
          "h4g5",
          "h4h3",
          "h4h5"
        ],
        "perft_2": 95,
        "fide_legal_identity": "8/8/8/8/R2pP2k/8/8/1K6 b - -",
        "fide_has_legal_ep": false,
        "ngn_repetition_count": 1,
        "ngn_is_fide_draw_rule": false
      },
      "fen_no_ep": {
        "fen": "8/8/8/8/R2pP2k/8/8/1K6 b - - 0 1",
        "hash": "70032EBF22DB1832",
        "polyglot_hash": "C8A28F718D35A016",
        "en_passant": "h1",
        "legal_moves": [
          "d4d3",
          "h4g3",
          "h4g4",
          "h4g5",
          "h4h3",
          "h4h5"
        ],
        "perft_2": 95,
        "fide_legal_identity": "8/8/8/8/R2pP2k/8/8/1K6 b - -",
        "fide_has_legal_ep": false,
        "ngn_repetition_count": 1,
        "ngn_is_fide_draw_rule": false
      },
      "restoration": {
        "search_make_unmake": true,
        "game_make_unmake": true,
        "null_make_unmake": true
      },
      "played_history": [
        {
          "ply": 1,
          "move": "e2e4",
          "hash": "E00ACB0FEEFCFDA4",
          "fide_legal_identity": "8/8/8/8/R2pP2k/8/8/1K6 b - -",
          "ngn_hash_count": 1,
          "ngn_is_fide_draw_rule": false
        },
        {
          "ply": 2,
          "move": "h4h5",
          "hash": "CF3D57DF1272FD3B",
          "fide_legal_identity": "8/8/8/7k/R2pP3/8/8/1K6 w - -",
          "ngn_hash_count": 1,
          "ngn_is_fide_draw_rule": false
        },
        {
          "ply": 3,
          "move": "a4a3",
          "hash": "D1E0AAA829D292C8",
          "fide_legal_identity": "8/8/8/7k/3pP3/R7/8/1K6 b - -",
          "ngn_hash_count": 1,
          "ngn_is_fide_draw_rule": false
        },
        {
          "ply": 4,
          "move": "h5h4",
          "hash": "6EDED3C8197B77C1",
          "fide_legal_identity": "8/8/8/8/3pP2k/R7/8/1K6 w - -",
          "ngn_hash_count": 1,
          "ngn_is_fide_draw_rule": false
        },
        {
          "ply": 5,
          "move": "a3a4",
          "hash": "70032EBF22DB1832",
          "fide_legal_identity": "8/8/8/8/R2pP2k/8/8/1K6 b - -",
          "ngn_hash_count": 1,
          "ngn_is_fide_draw_rule": false
        },
        {
          "ply": 6,
          "move": "h4h5",
          "hash": "CF3D57DF1272FD3B",
          "fide_legal_identity": "8/8/8/7k/R2pP3/8/8/1K6 w - -",
          "ngn_hash_count": 2,
          "ngn_is_fide_draw_rule": false
        },
        {
          "ply": 7,
          "move": "a4a3",
          "hash": "D1E0AAA829D292C8",
          "fide_legal_identity": "8/8/8/7k/3pP3/R7/8/1K6 b - -",
          "ngn_hash_count": 2,
          "ngn_is_fide_draw_rule": false
        },
        {
          "ply": 8,
          "move": "h5h4",
          "hash": "6EDED3C8197B77C1",
          "fide_legal_identity": "8/8/8/8/3pP2k/R7/8/1K6 w - -",
          "ngn_hash_count": 2,
          "ngn_is_fide_draw_rule": false
        },
        {
          "ply": 9,
          "move": "a3a4",
          "hash": "70032EBF22DB1832",
          "fide_legal_identity": "8/8/8/8/R2pP2k/8/8/1K6 b - -",
          "ngn_hash_count": 2,
          "ngn_is_fide_draw_rule": false
        }
      ],
      "true_legal_identity_occurrences": 3,
      "ngn_hash_occurrences": 2,
      "defect_reproduced": true,
      "legal_control_valid": false
    },
    {
      "fixture": {
        "name": "unrelated_check_white_capturer",
        "kind": "illegal_unrelated_check",
        "start_fen": "4b1k1/3p4/8/4P3/K7/8/8/8 b - - 0 1",
        "push": "d7d5",
        "ep_fen": "4b1k1/8/8/3pP3/K7/8/8/8 w - d6 0 2",
        "no_ep_fen": "4b1k1/8/8/3pP3/K7/8/8/8 w - - 0 2",
        "ep_move": "e5d6",
        "cycle": [
          "a4a3",
          "e8f7",
          "a3a4",
          "f7e8"
        ]
      },
      "incremental": {
        "fen": "4b1k1/8/8/3pP3/K7/8/8/8 w - d6 0 1",
        "hash": "43F64A5636D4CDDC",
        "polyglot_hash": "B38563CD78EE1818",
        "en_passant": "d6",
        "legal_moves": [
          "a4a3",
          "a4a5",
          "a4b3",
          "a4b4"
        ],
        "perft_2": 52,
        "fide_legal_identity": "4b1k1/8/8/3pP3/K7/8/8/8 w - -",
        "fide_has_legal_ep": false,
        "ngn_repetition_count": 1,
        "ngn_is_fide_draw_rule": false
      },
      "fen_ep": {
        "fen": "4b1k1/8/8/3pP3/K7/8/8/8 w - d6 0 1",
        "hash": "43F64A5636D4CDDC",
        "polyglot_hash": "B38563CD78EE1818",
        "en_passant": "d6",
        "legal_moves": [
          "a4a3",
          "a4a5",
          "a4b3",
          "a4b4"
        ],
        "perft_2": 52,
        "fide_legal_identity": "4b1k1/8/8/3pP3/K7/8/8/8 w - -",
        "fide_has_legal_ep": false,
        "ngn_repetition_count": 1,
        "ngn_is_fide_draw_rule": false
      },
      "fen_no_ep": {
        "fen": "4b1k1/8/8/3pP3/K7/8/8/8 w - - 0 1",
        "hash": "ED6FC5CC837CA780",
        "polyglot_hash": "F0CE322B71E6E536",
        "en_passant": "h1",
        "legal_moves": [
          "a4a3",
          "a4a5",
          "a4b3",
          "a4b4"
        ],
        "perft_2": 52,
        "fide_legal_identity": "4b1k1/8/8/3pP3/K7/8/8/8 w - -",
        "fide_has_legal_ep": false,
        "ngn_repetition_count": 1,
        "ngn_is_fide_draw_rule": false
      },
      "restoration": {
        "search_make_unmake": true,
        "game_make_unmake": true,
        "null_make_unmake": true
      },
      "played_history": [
        {
          "ply": 1,
          "move": "d7d5",
          "hash": "43F64A5636D4CDDC",
          "fide_legal_identity": "4b1k1/8/8/3pP3/K7/8/8/8 w - -",
          "ngn_hash_count": 1,
          "ngn_is_fide_draw_rule": false
        },
        {
          "ply": 2,
          "move": "a4a3",
          "hash": "9C2E9A6CA5912800",
          "fide_legal_identity": "4b1k1/8/8/3pP3/8/K7/8/8 b - -",
          "ngn_hash_count": 1,
          "ngn_is_fide_draw_rule": false
        },
        {
          "ply": 3,
          "move": "e8f7",
          "hash": "9C6F91896CF5FFAE",
          "fide_legal_identity": "6k1/5b2/8/3pP3/8/K7/8/8 w - -",
          "ngn_hash_count": 1,
          "ngn_is_fide_draw_rule": false
        },
        {
          "ply": 4,
          "move": "a3a4",
          "hash": "ED2ECE294A18702E",
          "fide_legal_identity": "6k1/5b2/8/3pP3/K7/8/8/8 b - -",
          "ngn_hash_count": 1,
          "ngn_is_fide_draw_rule": false
        },
        {
          "ply": 5,
          "move": "f7e8",
          "hash": "ED6FC5CC837CA780",
          "fide_legal_identity": "4b1k1/8/8/3pP3/K7/8/8/8 w - -",
          "ngn_hash_count": 1,
          "ngn_is_fide_draw_rule": false
        },
        {
          "ply": 6,
          "move": "a4a3",
          "hash": "9C2E9A6CA5912800",
          "fide_legal_identity": "4b1k1/8/8/3pP3/8/K7/8/8 b - -",
          "ngn_hash_count": 2,
          "ngn_is_fide_draw_rule": false
        },
        {
          "ply": 7,
          "move": "e8f7",
          "hash": "9C6F91896CF5FFAE",
          "fide_legal_identity": "6k1/5b2/8/3pP3/8/K7/8/8 w - -",
          "ngn_hash_count": 2,
          "ngn_is_fide_draw_rule": false
        },
        {
          "ply": 8,
          "move": "a3a4",
          "hash": "ED2ECE294A18702E",
          "fide_legal_identity": "6k1/5b2/8/3pP3/K7/8/8/8 b - -",
          "ngn_hash_count": 2,
          "ngn_is_fide_draw_rule": false
        },
        {
          "ply": 9,
          "move": "f7e8",
          "hash": "ED6FC5CC837CA780",
          "fide_legal_identity": "4b1k1/8/8/3pP3/K7/8/8/8 w - -",
          "ngn_hash_count": 2,
          "ngn_is_fide_draw_rule": false
        }
      ],
      "true_legal_identity_occurrences": 3,
      "ngn_hash_occurrences": 2,
      "defect_reproduced": true,
      "legal_control_valid": false
    },
    {
      "fixture": {
        "name": "unrelated_check_black_capturer",
        "kind": "illegal_unrelated_check",
        "start_fen": "8/8/8/7k/3p4/8/4P3/1K1B4 w - - 0 1",
        "push": "e2e4",
        "ep_fen": "8/8/8/7k/3pP3/8/8/1K1B4 b - e3 0 1",
        "no_ep_fen": "8/8/8/7k/3pP3/8/8/1K1B4 b - - 0 1",
        "ep_move": "d4e3",
        "cycle": [
          "h5h6",
          "d1c2",
          "h6h5",
          "c2d1"
        ]
      },
      "incremental": {
        "fen": "8/8/8/7k/3pP3/8/8/1K1B4 b - e3 0 1",
        "hash": "998A289EA9585E34",
        "polyglot_hash": "1619109BBAA6507A",
        "en_passant": "e3",
        "legal_moves": [
          "h5g5",
          "h5g6",
          "h5h4",
          "h5h6"
        ],
        "perft_2": 52,
        "fide_legal_identity": "8/8/8/7k/3pP3/8/8/1K1B4 b - -",
        "fide_has_legal_ep": false,
        "ngn_repetition_count": 1,
        "ngn_is_fide_draw_rule": false
      },
      "fen_ep": {
        "fen": "8/8/8/7k/3pP3/8/8/1K1B4 b - e3 0 1",
        "hash": "998A289EA9585E34",
        "polyglot_hash": "1619109BBAA6507A",
        "en_passant": "e3",
        "legal_moves": [
          "h5g5",
          "h5g6",
          "h5h4",
          "h5h6"
        ],
        "perft_2": 52,
        "fide_legal_identity": "8/8/8/7k/3pP3/8/8/1K1B4 b - -",
        "fide_has_legal_ep": false,
        "ngn_repetition_count": 1,
        "ngn_is_fide_draw_rule": false
      },
      "fen_no_ep": {
        "fen": "8/8/8/7k/3pP3/8/8/1K1B4 b - - 0 1",
        "hash": "0983CD2E657FBBA2",
        "polyglot_hash": "E4CB9F3917198017",
        "en_passant": "h1",
        "legal_moves": [
          "h5g5",
          "h5g6",
          "h5h4",
          "h5h6"
        ],
        "perft_2": 52,
        "fide_legal_identity": "8/8/8/7k/3pP3/8/8/1K1B4 b - -",
        "fide_has_legal_ep": false,
        "ngn_repetition_count": 1,
        "ngn_is_fide_draw_rule": false
      },
      "restoration": {
        "search_make_unmake": true,
        "game_make_unmake": true,
        "null_make_unmake": true
      },
      "played_history": [
        {
          "ply": 1,
          "move": "e2e4",
          "hash": "998A289EA9585E34",
          "fide_legal_identity": "8/8/8/7k/3pP3/8/8/1K1B4 b - -",
          "ngn_hash_count": 1,
          "ngn_is_fide_draw_rule": false
        },
        {
          "ply": 2,
          "move": "h5h6",
          "hash": "5193424E359FCA74",
          "fide_legal_identity": "8/8/7k/8/3pP3/8/8/1K1B4 w - -",
          "ngn_hash_count": 1,
          "ngn_is_fide_draw_rule": false
        },
        {
          "ply": 3,
          "move": "d1c2",
          "hash": "8B9AE79EBE8881E0",
          "fide_legal_identity": "8/8/7k/8/3pP3/8/2B5/1K6 b - -",
          "ngn_hash_count": 1,
          "ngn_is_fide_draw_rule": false
        },
        {
          "ply": 4,
          "move": "h6h5",
          "hash": "D38A68FEEE68F036",
          "fide_legal_identity": "8/8/8/7k/3pP3/8/2B5/1K6 w - -",
          "ngn_hash_count": 1,
          "ngn_is_fide_draw_rule": false
        },
        {
          "ply": 5,
          "move": "c2d1",
          "hash": "0983CD2E657FBBA2",
          "fide_legal_identity": "8/8/8/7k/3pP3/8/8/1K1B4 b - -",
          "ngn_hash_count": 1,
          "ngn_is_fide_draw_rule": false
        },
        {
          "ply": 6,
          "move": "h5h6",
          "hash": "5193424E359FCA74",
          "fide_legal_identity": "8/8/7k/8/3pP3/8/8/1K1B4 w - -",
          "ngn_hash_count": 2,
          "ngn_is_fide_draw_rule": false
        },
        {
          "ply": 7,
          "move": "d1c2",
          "hash": "8B9AE79EBE8881E0",
          "fide_legal_identity": "8/8/7k/8/3pP3/8/2B5/1K6 b - -",
          "ngn_hash_count": 2,
          "ngn_is_fide_draw_rule": false
        },
        {
          "ply": 8,
          "move": "h6h5",
          "hash": "D38A68FEEE68F036",
          "fide_legal_identity": "8/8/8/7k/3pP3/8/2B5/1K6 w - -",
          "ngn_hash_count": 2,
          "ngn_is_fide_draw_rule": false
        },
        {
          "ply": 9,
          "move": "c2d1",
          "hash": "0983CD2E657FBBA2",
          "fide_legal_identity": "8/8/8/7k/3pP3/8/8/1K1B4 b - -",
          "ngn_hash_count": 2,
          "ngn_is_fide_draw_rule": false
        }
      ],
      "true_legal_identity_occurrences": 3,
      "ngn_hash_occurrences": 2,
      "defect_reproduced": true,
      "legal_control_valid": false
    },
    {
      "fixture": {
        "name": "legal_white_capturer",
        "kind": "legal_control",
        "start_fen": "6k1/3p4/7r/K3P3/8/8/8/8 b - - 0 1",
        "push": "d7d5",
        "ep_fen": "6k1/8/7r/K2pP3/8/8/8/8 w - d6 0 2",
        "no_ep_fen": "6k1/8/7r/K2pP3/8/8/8/8 w - - 0 2",
        "ep_move": "e5d6"
      },
      "incremental": {
        "fen": "6k1/8/7r/K2pP3/8/8/8/8 w - d6 0 1",
        "hash": "2E58C6E93668FAB6",
        "polyglot_hash": "A13469DD2E6AA978",
        "en_passant": "d6",
        "legal_moves": [
          "a5a4",
          "a5b4",
          "a5b5",
          "e5d6",
          "e5e6"
        ],
        "perft_2": 91,
        "fide_legal_identity": "6k1/8/7r/K2pP3/8/8/8/8 w - d6",
        "fide_has_legal_ep": true,
        "ngn_repetition_count": 1,
        "ngn_is_fide_draw_rule": false
      },
      "fen_ep": {
        "fen": "6k1/8/7r/K2pP3/8/8/8/8 w - d6 0 1",
        "hash": "2E58C6E93668FAB6",
        "polyglot_hash": "A13469DD2E6AA978",
        "en_passant": "d6",
        "legal_moves": [
          "a5a4",
          "a5b4",
          "a5b5",
          "e5d6",
          "e5e6"
        ],
        "perft_2": 91,
        "fide_legal_identity": "6k1/8/7r/K2pP3/8/8/8/8 w - d6",
        "fide_has_legal_ep": true,
        "ngn_repetition_count": 1,
        "ngn_is_fide_draw_rule": false
      },
      "fen_no_ep": {
        "fen": "6k1/8/7r/K2pP3/8/8/8/8 w - - 0 1",
        "hash": "80C1497383C090EA",
        "polyglot_hash": "E27F383B27625456",
        "en_passant": "h1",
        "legal_moves": [
          "a5a4",
          "a5b4",
          "a5b5",
          "e5e6"
        ],
        "perft_2": 75,
        "fide_legal_identity": "6k1/8/7r/K2pP3/8/8/8/8 w - -",
        "fide_has_legal_ep": false,
        "ngn_repetition_count": 1,
        "ngn_is_fide_draw_rule": false
      },
      "restoration": {
        "search_make_unmake": false,
        "game_make_unmake": false,
        "null_make_unmake": false
      },
      "defect_reproduced": false,
      "legal_control_valid": true
    },
    {
      "fixture": {
        "name": "legal_black_capturer",
        "kind": "legal_control",
        "start_fen": "8/8/8/8/3p3k/R7/4P3/1K6 w - - 0 1",
        "push": "e2e4",
        "ep_fen": "8/8/8/8/3pP2k/R7/8/1K6 b - e3 0 1",
        "no_ep_fen": "8/8/8/8/3pP2k/R7/8/1K6 b - - 0 1",
        "ep_move": "d4e3"
      },
      "incremental": {
        "fen": "8/8/8/8/3pP2k/R7/8/1K6 b - e3 0 1",
        "hash": "8F428962402EA841",
        "polyglot_hash": "203626AE32C695BE",
        "en_passant": "e3",
        "legal_moves": [
          "d4d3",
          "d4e3",
          "h4g4",
          "h4g5",
          "h4h5"
        ],
        "perft_2": 91,
        "fide_legal_identity": "8/8/8/8/3pP2k/R7/8/1K6 b - e3",
        "fide_has_legal_ep": true,
        "ngn_repetition_count": 1,
        "ngn_is_fide_draw_rule": false
      },
      "fen_ep": {
        "fen": "8/8/8/8/3pP2k/R7/8/1K6 b - e3 0 1",
        "hash": "8F428962402EA841",
        "polyglot_hash": "203626AE32C695BE",
        "en_passant": "e3",
        "legal_moves": [
          "d4d3",
          "d4e3",
          "h4g4",
          "h4g5",
          "h4h5"
        ],
        "perft_2": 91,
        "fide_legal_identity": "8/8/8/8/3pP2k/R7/8/1K6 b - e3",
        "fide_has_legal_ep": true,
        "ngn_repetition_count": 1,
        "ngn_is_fide_draw_rule": false
      },
      "fen_no_ep": {
        "fen": "8/8/8/8/3pP2k/R7/8/1K6 b - - 0 1",
        "hash": "1F4B6CD28C094DD7",
        "polyglot_hash": "D2E4A90C9F7945D3",
        "en_passant": "h1",
        "legal_moves": [
          "d4d3",
          "h4g4",
          "h4g5",
          "h4h5"
        ],
        "perft_2": 75,
        "fide_legal_identity": "8/8/8/8/3pP2k/R7/8/1K6 b - -",
        "fide_has_legal_ep": false,
        "ngn_repetition_count": 1,
        "ngn_is_fide_draw_rule": false
      },
      "restoration": {
        "search_make_unmake": false,
        "game_make_unmake": false,
        "null_make_unmake": false
      },
      "defect_reproduced": false,
      "legal_control_valid": true
    }
  ],
  "generated_at_utc": "2026-10-01T00:40:06.26836418Z",
  "go_version": "go1.25.5",
  "goflags": "-p=1",
  "gomaxprocs": 1,
  "schema": "ngn-ep-repetition-current-baseline-probe-v1",
  "source_head": "701328646490f1bc8ed214002f578a58c9b0723e"
}
