=== RUN   TestEnPassantSecondCapturerCanBeLegal
=== RUN   TestEnPassantSecondCapturerCanBeLegal/white
=== RUN   TestEnPassantSecondCapturerCanBeLegal/black
--- PASS: TestEnPassantSecondCapturerCanBeLegal (0.00s)
    --- PASS: TestEnPassantSecondCapturerCanBeLegal/white (0.00s)
    --- PASS: TestEnPassantSecondCapturerCanBeLegal/black (0.00s)
=== RUN   TestEnPassantNullDescendantRestoresKey
=== RUN   TestEnPassantNullDescendantRestoresKey/pinned_white_capturer/warm
=== RUN   TestEnPassantNullDescendantRestoresKey/pinned_white_capturer/cold_child
=== RUN   TestEnPassantNullDescendantRestoresKey/pinned_black_capturer/warm
=== RUN   TestEnPassantNullDescendantRestoresKey/pinned_black_capturer/cold_child
=== RUN   TestEnPassantNullDescendantRestoresKey/unrelated_check_white_capturer/warm
=== RUN   TestEnPassantNullDescendantRestoresKey/unrelated_check_white_capturer/cold_child
=== RUN   TestEnPassantNullDescendantRestoresKey/unrelated_check_black_capturer/warm
=== RUN   TestEnPassantNullDescendantRestoresKey/unrelated_check_black_capturer/cold_child
=== RUN   TestEnPassantNullDescendantRestoresKey/legal_white_capturer/warm
=== RUN   TestEnPassantNullDescendantRestoresKey/legal_white_capturer/cold_child
=== RUN   TestEnPassantNullDescendantRestoresKey/legal_black_capturer/warm
=== RUN   TestEnPassantNullDescendantRestoresKey/legal_black_capturer/cold_child
--- PASS: TestEnPassantNullDescendantRestoresKey (0.00s)
    --- PASS: TestEnPassantNullDescendantRestoresKey/pinned_white_capturer/warm (0.00s)
    --- PASS: TestEnPassantNullDescendantRestoresKey/pinned_white_capturer/cold_child (0.00s)
    --- PASS: TestEnPassantNullDescendantRestoresKey/pinned_black_capturer/warm (0.00s)
    --- PASS: TestEnPassantNullDescendantRestoresKey/pinned_black_capturer/cold_child (0.00s)
    --- PASS: TestEnPassantNullDescendantRestoresKey/unrelated_check_white_capturer/warm (0.00s)
    --- PASS: TestEnPassantNullDescendantRestoresKey/unrelated_check_white_capturer/cold_child (0.00s)
    --- PASS: TestEnPassantNullDescendantRestoresKey/unrelated_check_black_capturer/warm (0.00s)
    --- PASS: TestEnPassantNullDescendantRestoresKey/unrelated_check_black_capturer/cold_child (0.00s)
    --- PASS: TestEnPassantNullDescendantRestoresKey/legal_white_capturer/warm (0.00s)
    --- PASS: TestEnPassantNullDescendantRestoresKey/legal_white_capturer/cold_child (0.00s)
    --- PASS: TestEnPassantNullDescendantRestoresKey/legal_black_capturer/warm (0.00s)
    --- PASS: TestEnPassantNullDescendantRestoresKey/legal_black_capturer/cold_child (0.00s)
PASS
ok  	github.com/ehrlich-b/ngn/engine	1.031s
