ok  	github.com/ehrlich-b/ngn	0.009s
?   	github.com/ehrlich-b/ngn/cmd/analyze_position	[no test files]
?   	github.com/ehrlich-b/ngn/cmd/benchmark	[no test files]
?   	github.com/ehrlich-b/ngn/cmd/blunder-finder	[no test files]
?   	github.com/ehrlich-b/ngn/cmd/combined-report	[no test files]
?   	github.com/ehrlich-b/ngn/cmd/elo-assess	[no test files]
?   	github.com/ehrlich-b/ngn/cmd/eval_breakdown	[no test files]
?   	github.com/ehrlich-b/ngn/cmd/evaltune	[no test files]
?   	github.com/ehrlich-b/ngn/cmd/gametest	[no test files]
?   	github.com/ehrlich-b/ngn/cmd/gauntlet	[no test files]
?   	github.com/ehrlich-b/ngn/cmd/lossxray	[no test files]
?   	github.com/ehrlich-b/ngn/cmd/moves_to_fen	[no test files]
ok  	github.com/ehrlich-b/ngn/cmd/nnuebridge	0.054s
?   	github.com/ehrlich-b/ngn/cmd/oracle	[no test files]
?   	github.com/ehrlich-b/ngn/cmd/pgn-test	[no test files]
?   	github.com/ehrlich-b/ngn/cmd/pgn_to_fens	[no test files]
?   	github.com/ehrlich-b/ngn/cmd/pgnify	[no test files]
?   	github.com/ehrlich-b/ngn/cmd/pruning-analysis	[no test files]
?   	github.com/ehrlich-b/ngn/cmd/pruning-comparison	[no test files]
ok  	github.com/ehrlich-b/ngn/cmd/searchsnapshot	0.005s
?   	github.com/ehrlich-b/ngn/cmd/sfpv	[no test files]
?   	github.com/ehrlich-b/ngn/cmd/simple-test	[no test files]
?   	github.com/ehrlich-b/ngn/cmd/smoke	[no test files]
ok  	github.com/ehrlich-b/ngn/cmd/sprt	0.004s
?   	github.com/ehrlich-b/ngn/cmd/spsa	[no test files]
?   	github.com/ehrlich-b/ngn/cmd/tactical-test	[no test files]
?   	github.com/ehrlich-b/ngn/cmd/test-harness	[no test files]
ok  	github.com/ehrlich-b/ngn/cmd/texel	0.006s
ok  	github.com/ehrlich-b/ngn/cmd/texelcorpus	0.146s
?   	github.com/ehrlich-b/ngn/cmd/trace_move	[no test files]
?   	github.com/ehrlich-b/ngn/cmd/zzbias	[no test files]
ok  	github.com/ehrlich-b/ngn/countereval	0.156s
# github.com/ehrlich-b/ngn/output/counter-fused-20260913/receipts/probe-inputs [github.com/ehrlich-b/ngn/output/counter-fused-20260913/receipts/probe-inputs.test]
output/counter-fused-20260913/receipts/probe-inputs/counter_post_output_profile_test.go:105:71: undefined: SearchEngine
output/counter-fused-20260913/receipts/probe-inputs/counter_post_output_profile_test.go:105:86: undefined: Position
output/counter-fused-20260913/receipts/probe-inputs/counter_post_output_profile_test.go:112:57: undefined: SearchEngine
output/counter-fused-20260913/receipts/probe-inputs/counter_post_output_profile_test.go:112:81: undefined: Position
output/counter-fused-20260913/receipts/probe-inputs/counter_post_output_profile_test.go:126:83: undefined: Position
output/counter-fused-20260913/receipts/probe-inputs/counter_post_output_profile_test.go:126:94: undefined: pvPositionSnapshot
output/counter-fused-20260913/receipts/probe-inputs/counter_post_output_profile_test.go:140:48: undefined: SearchEngine
output/counter-fused-20260913/receipts/probe-inputs/counter_post_output_profile_test.go:140:72: undefined: Position
output/counter-fused-20260913/receipts/probe-inputs/counter_post_output_profile_test.go:140:107: undefined: SearchInfo
output/counter-fused-20260913/receipts/probe-inputs/counter_post_output_profile_test.go:149:59: undefined: SearchEngine
output/counter-fused-20260913/receipts/probe-inputs/counter_post_output_profile_test.go:149:59: too many errors
ok  	github.com/ehrlich-b/ngn/engine	6.893s
?   	github.com/ehrlich-b/ngn/internal/history	[no test files]
?   	github.com/ehrlich-b/ngn/internal/rating	[no test files]
ok  	github.com/ehrlich-b/ngn/internal/texeldata	0.064s
ok  	github.com/ehrlich-b/ngn/internal/uci	0.004s
ok  	github.com/ehrlich-b/ngn/nnue	0.047s
ok  	github.com/ehrlich-b/ngn/nnue/sf18big	0.005s
ok  	github.com/ehrlich-b/ngn/nnue/sf18small	2.213s
FAIL	github.com/ehrlich-b/ngn/output/counter-fused-20260913/receipts/probe-inputs [build failed]
FAIL
