
/home/ehrli/repos/ngn-counter-fused-20260913/output/counter-fused-20260913/binaries/engine-fusion-candidate.test:     file format elf64-x86-64


Disassembly of section .text:

0000000000581fe0 <github.com/ehrlich-b/ngn/countereval.copyAndUpdate2AVX2.abi0>:
  581fe0:	48 8b 44 24 08       	mov    rax,QWORD PTR [rsp+0x8]
  581fe5:	48 8b 5c 24 10       	mov    rbx,QWORD PTR [rsp+0x10]
  581fea:	48 8b 4c 24 18       	mov    rcx,QWORD PTR [rsp+0x18]
  581fef:	48 8b 54 24 20       	mov    rdx,QWORD PTR [rsp+0x20]
  581ff4:	be 40 00 00 00       	mov    esi,0x40
  581ff9:	c5 fc 10 03          	vmovups ymm0,YMMWORD PTR [rbx]
  581ffd:	c5 fc 5c 01          	vsubps ymm0,ymm0,YMMWORD PTR [rcx]
  582001:	c5 fc 58 02          	vaddps ymm0,ymm0,YMMWORD PTR [rdx]
  582005:	c5 fc 11 00          	vmovups YMMWORD PTR [rax],ymm0
  582009:	48 83 c0 20          	add    rax,0x20
  58200d:	48 83 c3 20          	add    rbx,0x20
  582011:	48 83 c1 20          	add    rcx,0x20
  582015:	48 83 c2 20          	add    rdx,0x20
  582019:	ff ce                	dec    esi
  58201b:	75 dc                	jne    581ff9 <github.com/ehrlich-b/ngn/countereval.copyAndUpdate2AVX2.abi0+0x19>
  58201d:	c5 f8 77             	vzeroupper
  582020:	c3                   	ret

/home/ehrli/repos/ngn-counter-fused-20260913/output/counter-fused-20260913/binaries/engine-fusion-candidate.test:     file format elf64-x86-64


Disassembly of section .text:

0000000000582040 <github.com/ehrlich-b/ngn/countereval.copyAndUpdate3AVX2.abi0>:
  582040:	48 8b 44 24 08       	mov    rax,QWORD PTR [rsp+0x8]
  582045:	48 8b 5c 24 10       	mov    rbx,QWORD PTR [rsp+0x10]
  58204a:	48 8b 4c 24 18       	mov    rcx,QWORD PTR [rsp+0x18]
  58204f:	48 8b 54 24 20       	mov    rdx,QWORD PTR [rsp+0x20]
  582054:	48 8b 74 24 28       	mov    rsi,QWORD PTR [rsp+0x28]
  582059:	bf 40 00 00 00       	mov    edi,0x40
  58205e:	c5 fc 10 03          	vmovups ymm0,YMMWORD PTR [rbx]
  582062:	c5 fc 5c 01          	vsubps ymm0,ymm0,YMMWORD PTR [rcx]
  582066:	c5 fc 5c 02          	vsubps ymm0,ymm0,YMMWORD PTR [rdx]
  58206a:	c5 fc 58 06          	vaddps ymm0,ymm0,YMMWORD PTR [rsi]
  58206e:	c5 fc 11 00          	vmovups YMMWORD PTR [rax],ymm0
  582072:	48 83 c0 20          	add    rax,0x20
  582076:	48 83 c3 20          	add    rbx,0x20
  58207a:	48 83 c1 20          	add    rcx,0x20
  58207e:	48 83 c2 20          	add    rdx,0x20
  582082:	48 83 c6 20          	add    rsi,0x20
  582086:	ff cf                	dec    edi
  582088:	75 d4                	jne    58205e <github.com/ehrlich-b/ngn/countereval.copyAndUpdate3AVX2.abi0+0x1e>
  58208a:	c5 f8 77             	vzeroupper
  58208d:	c3                   	ret

/home/ehrli/repos/ngn-counter-fused-20260913/output/counter-fused-20260913/binaries/engine-fusion-candidate.test:     file format elf64-x86-64


Disassembly of section .text:

00000000005820a0 <github.com/ehrlich-b/ngn/countereval.copyAndUpdate4AVX2.abi0>:
  5820a0:	48 8b 44 24 08       	mov    rax,QWORD PTR [rsp+0x8]
  5820a5:	48 8b 5c 24 10       	mov    rbx,QWORD PTR [rsp+0x10]
  5820aa:	48 8b 4c 24 18       	mov    rcx,QWORD PTR [rsp+0x18]
  5820af:	48 8b 54 24 20       	mov    rdx,QWORD PTR [rsp+0x20]
  5820b4:	48 8b 74 24 28       	mov    rsi,QWORD PTR [rsp+0x28]
  5820b9:	48 8b 7c 24 30       	mov    rdi,QWORD PTR [rsp+0x30]
  5820be:	41 b8 40 00 00 00    	mov    r8d,0x40
  5820c4:	c5 fc 10 03          	vmovups ymm0,YMMWORD PTR [rbx]
  5820c8:	c5 fc 5c 01          	vsubps ymm0,ymm0,YMMWORD PTR [rcx]
  5820cc:	c5 fc 58 02          	vaddps ymm0,ymm0,YMMWORD PTR [rdx]
  5820d0:	c5 fc 5c 06          	vsubps ymm0,ymm0,YMMWORD PTR [rsi]
  5820d4:	c5 fc 58 07          	vaddps ymm0,ymm0,YMMWORD PTR [rdi]
  5820d8:	c5 fc 11 00          	vmovups YMMWORD PTR [rax],ymm0
  5820dc:	48 83 c0 20          	add    rax,0x20
  5820e0:	48 83 c3 20          	add    rbx,0x20
  5820e4:	48 83 c1 20          	add    rcx,0x20
  5820e8:	48 83 c2 20          	add    rdx,0x20
  5820ec:	48 83 c6 20          	add    rsi,0x20
  5820f0:	48 83 c7 20          	add    rdi,0x20
  5820f4:	41 ff c8             	dec    r8d
  5820f7:	75 cb                	jne    5820c4 <github.com/ehrlich-b/ngn/countereval.copyAndUpdate4AVX2.abi0+0x24>
  5820f9:	c5 f8 77             	vzeroupper
  5820fc:	c3                   	ret
