=== RUN   TestCounter55IncrementalDriftBounds
    context_drift_oracle_test.go:162: bounded path-order drift: accumulator_bit_differences=7482 raw_bit_differences=19
--- PASS: TestCounter55IncrementalDriftBounds (0.24s)
=== RUN   TestContextTransitionOrderAndState
=== RUN   TestContextTransitionOrderAndState/capture
=== RUN   TestContextTransitionOrderAndState/en_passant
=== RUN   TestContextTransitionOrderAndState/promotion_capture
=== RUN   TestContextTransitionOrderAndState/black_promotion
=== RUN   TestContextTransitionOrderAndState/castle
--- PASS: TestContextTransitionOrderAndState (0.00s)
    --- PASS: TestContextTransitionOrderAndState/capture (0.00s)
    --- PASS: TestContextTransitionOrderAndState/en_passant (0.00s)
    --- PASS: TestContextTransitionOrderAndState/promotion_capture (0.00s)
    --- PASS: TestContextTransitionOrderAndState/black_promotion (0.00s)
    --- PASS: TestContextTransitionOrderAndState/castle (0.00s)
=== RUN   TestContextNullPopCapacityAndPublicBoardSize
--- PASS: TestContextNullPopCapacityAndPublicBoardSize (0.00s)
=== RUN   TestContextRejectsLoaderCompatibleUnsafeIncrementalRange
=== RUN   TestContextRejectsLoaderCompatibleUnsafeIncrementalRange/accumulator
=== RUN   TestContextRejectsLoaderCompatibleUnsafeIncrementalRange/output
--- PASS: TestContextRejectsLoaderCompatibleUnsafeIncrementalRange (0.01s)
    --- PASS: TestContextRejectsLoaderCompatibleUnsafeIncrementalRange/accumulator (0.00s)
    --- PASS: TestContextRejectsLoaderCompatibleUnsafeIncrementalRange/output (0.00s)
=== RUN   TestContextRejectedTransitionsAreTransactional
=== RUN   TestContextRejectedTransitionsAreTransactional/missing_mover
=== RUN   TestContextRejectedTransitionsAreTransactional/same_color_capture
=== RUN   TestContextRejectedTransitionsAreTransactional/wrong_capture_square
=== RUN   TestContextRejectedTransitionsAreTransactional/nonpawn_displaced_capture
=== RUN   TestContextRejectedTransitionsAreTransactional/bad_promotion
=== RUN   TestContextRejectedTransitionsAreTransactional/bad_castle_piece
=== RUN   TestContextRejectedTransitionsAreTransactional/post_mismatch
=== RUN   TestContextRejectedTransitionsAreTransactional/overlapping_post
--- PASS: TestContextRejectedTransitionsAreTransactional (0.01s)
    --- PASS: TestContextRejectedTransitionsAreTransactional/missing_mover (0.00s)
    --- PASS: TestContextRejectedTransitionsAreTransactional/same_color_capture (0.00s)
    --- PASS: TestContextRejectedTransitionsAreTransactional/wrong_capture_square (0.00s)
    --- PASS: TestContextRejectedTransitionsAreTransactional/nonpawn_displaced_capture (0.00s)
    --- PASS: TestContextRejectedTransitionsAreTransactional/bad_promotion (0.00s)
    --- PASS: TestContextRejectedTransitionsAreTransactional/bad_castle_piece (0.00s)
    --- PASS: TestContextRejectedTransitionsAreTransactional/post_mismatch (0.00s)
    --- PASS: TestContextRejectedTransitionsAreTransactional/overlapping_post (0.00s)
=== RUN   TestContextArithmeticMutationWitnesses
--- PASS: TestContextArithmeticMutationWitnesses (0.00s)
=== RUN   TestEvaluateFullRefreshUsesCounterFeatureAndArithmeticOrder
--- PASS: TestEvaluateFullRefreshUsesCounterFeatureAndArithmeticOrder (0.00s)
=== RUN   TestEvaluateFullRefreshRejectsOverlapAndNilModel
--- PASS: TestEvaluateFullRefreshRejectsOverlapAndNilModel (0.00s)
=== RUN   TestEvaluateFullRefreshScansSquaresBeforePlanes
--- PASS: TestEvaluateFullRefreshScansSquaresBeforePlanes (0.00s)
=== RUN   TestEvaluateAccumulatorRoundsEachProductBeforeAddition
--- PASS: TestEvaluateAccumulatorRoundsEachProductBeforeAddition (0.00s)
=== RUN   TestFeatureUpdateRowsSelectPortableFallback
--- PASS: TestFeatureUpdateRowsSelectPortableFallback (0.00s)
=== RUN   TestFeatureUpdateRowsMatchPortableEveryLane
--- PASS: TestFeatureUpdateRowsMatchPortableEveryLane (0.00s)
=== RUN   TestApplyFeatureUpdatesMatchesPortableAfterEveryOrderedRow
--- PASS: TestApplyFeatureUpdatesMatchesPortableAfterEveryOrderedRow (0.00s)
=== RUN   TestFeatureUpdateRowsSpecialFiniteInputsAndNoAllocation
--- PASS: TestFeatureUpdateRowsSpecialFiniteInputsAndNoAllocation (0.00s)
=== RUN   TestFeatureUpdateRowsDeclaredRoundingBits
=== RUN   TestFeatureUpdateRowsDeclaredRoundingBits/add_halfway_ties_even
=== RUN   TestFeatureUpdateRowsDeclaredRoundingBits/add_adjacent_ulp
=== RUN   TestFeatureUpdateRowsDeclaredRoundingBits/sub_halfway_ties_even
=== RUN   TestFeatureUpdateRowsDeclaredRoundingBits/sub_adjacent_ulp
=== RUN   TestFeatureUpdateRowsDeclaredRoundingBits/add_large_small_absorption
=== RUN   TestFeatureUpdateRowsDeclaredRoundingBits/sub_large_small_absorption
=== RUN   TestFeatureUpdateRowsDeclaredRoundingBits/add_exact_cancellation
=== RUN   TestFeatureUpdateRowsDeclaredRoundingBits/sub_exact_cancellation
=== RUN   TestFeatureUpdateRowsDeclaredRoundingBits/add_subnormal_to_normal
=== RUN   TestFeatureUpdateRowsDeclaredRoundingBits/sub_normal_to_subnormal
=== RUN   TestFeatureUpdateRowsDeclaredRoundingBits/add_positive_zero
=== RUN   TestFeatureUpdateRowsDeclaredRoundingBits/add_negative_zero
=== RUN   TestFeatureUpdateRowsDeclaredRoundingBits/sub_positive_zero
=== RUN   TestFeatureUpdateRowsDeclaredRoundingBits/sub_negative_zero
--- PASS: TestFeatureUpdateRowsDeclaredRoundingBits (0.00s)
    --- PASS: TestFeatureUpdateRowsDeclaredRoundingBits/add_halfway_ties_even (0.00s)
    --- PASS: TestFeatureUpdateRowsDeclaredRoundingBits/add_adjacent_ulp (0.00s)
    --- PASS: TestFeatureUpdateRowsDeclaredRoundingBits/sub_halfway_ties_even (0.00s)
    --- PASS: TestFeatureUpdateRowsDeclaredRoundingBits/sub_adjacent_ulp (0.00s)
    --- PASS: TestFeatureUpdateRowsDeclaredRoundingBits/add_large_small_absorption (0.00s)
    --- PASS: TestFeatureUpdateRowsDeclaredRoundingBits/sub_large_small_absorption (0.00s)
    --- PASS: TestFeatureUpdateRowsDeclaredRoundingBits/add_exact_cancellation (0.00s)
    --- PASS: TestFeatureUpdateRowsDeclaredRoundingBits/sub_exact_cancellation (0.00s)
    --- PASS: TestFeatureUpdateRowsDeclaredRoundingBits/add_subnormal_to_normal (0.00s)
    --- PASS: TestFeatureUpdateRowsDeclaredRoundingBits/sub_normal_to_subnormal (0.00s)
    --- PASS: TestFeatureUpdateRowsDeclaredRoundingBits/add_positive_zero (0.00s)
    --- PASS: TestFeatureUpdateRowsDeclaredRoundingBits/add_negative_zero (0.00s)
    --- PASS: TestFeatureUpdateRowsDeclaredRoundingBits/sub_positive_zero (0.00s)
    --- PASS: TestFeatureUpdateRowsDeclaredRoundingBits/sub_negative_zero (0.00s)
=== RUN   TestLoadCounter55LegacyZeroModel
--- PASS: TestLoadCounter55LegacyZeroModel (0.00s)
=== RUN   TestLoadCounter55LegacyRejectsHeaderMutations
--- PASS: TestLoadCounter55LegacyRejectsHeaderMutations (0.01s)
=== RUN   TestLoadCounter55LegacyRejectsTruncationAndTrailingData
--- PASS: TestLoadCounter55LegacyRejectsTruncationAndTrailingData (0.00s)
=== RUN   TestLoadCounter55LegacyRejectsNonfiniteEachSection
--- PASS: TestLoadCounter55LegacyRejectsNonfiniteEachSection (0.01s)
=== RUN   TestLoadCounter55LegacyRejectsUnsafeFiniteBounds
=== RUN   TestLoadCounter55LegacyRejectsUnsafeFiniteBounds/accumulator
=== RUN   TestLoadCounter55LegacyRejectsUnsafeFiniteBounds/product
=== RUN   TestLoadCounter55LegacyRejectsUnsafeFiniteBounds/sum
--- PASS: TestLoadCounter55LegacyRejectsUnsafeFiniteBounds (0.00s)
    --- PASS: TestLoadCounter55LegacyRejectsUnsafeFiniteBounds/accumulator (0.00s)
    --- PASS: TestLoadCounter55LegacyRejectsUnsafeFiniteBounds/product (0.00s)
    --- PASS: TestLoadCounter55LegacyRejectsUnsafeFiniteBounds/sum (0.00s)
=== RUN   TestLoadCounter55LegacyRejectsNilAndReadError
--- PASS: TestLoadCounter55LegacyRejectsNilAndReadError (0.00s)
=== RUN   TestLoadCounter55LegacyTensorOrder
--- PASS: TestLoadCounter55LegacyTensorOrder (0.00s)
=== RUN   TestLegacyHeaderRecognitionAndValidatedMetadata
--- PASS: TestLegacyHeaderRecognitionAndValidatedMetadata (0.00s)
=== RUN   TestCounter55PinnedPortableOracleParity
    oracle_parity_test.go:86: pinned model loader: sha=3488baed71f4d432d028e05b65e2ff13f8c9afe7f91974d1a3c34a0691d6670c bytes=1576988 values=394241 bounds=806.5222992897034/27614.78091822753/949174.8251401995
    oracle_parity_test.go:154: all-layer parity: fixtures=12 feature-lists=12 accumulator-lanes=6144 raw-outputs=12 adapted-scores=12
    oracle_parity_test.go:155: killed mapping mutant swap_colors witness=start_white
    oracle_parity_test.go:155: killed mapping mutant vertical_flip witness=start_white
    oracle_parity_test.go:155: killed mapping mutant swap_pawn_knight_planes witness=start_white
    oracle_parity_test.go:155: killed mapping mutant plane_major_feature_order witness=start_white
    oracle_parity_test.go:155: killed mapping mutant stm_signed_raw witness=start_black
    oracle_parity_test.go:156: killed arithmetic mutant omit_output_bias witness=start_white
    oracle_parity_test.go:156: killed arithmetic mutant disable_relu witness=start_white
    oracle_parity_test.go:156: killed arithmetic mutant reverse_output_order witness=kiwipete_white
    oracle_parity_test.go:157: equivalent control early_stm_sign: matched 6/6 adapter cases
    oracle_parity_test.go:157: killed adapter mutant clip_after_material witness=positive_clip_before_scale
    oracle_parity_test.go:157: killed adapter mutant combined_division witness=sequential_division
    oracle_parity_test.go:157: killed adapter mutant omit_rule50 witness=sequential_division
    oracle_parity_test.go:157: killed adapter mutant rounded_float_to_int witness=positive_fraction
    oracle_parity_test.go:157: killed adapter mutant omit_material witness=positive_clip_before_scale
    oracle_parity_test.go:157: killed adapter mutant wrong_clip_limit witness=positive_clip_before_scale
    oracle_parity_test.go:157: killed adapter mutant wrong_material_constant witness=positive_clip_before_scale
    oracle_parity_test.go:157: killed adapter mutant wrong_rule50_constant witness=sequential_division
    oracle_parity_test.go:157: killed adapter mutant wrong_side_sign witness=negative_fraction
--- PASS: TestCounter55PinnedPortableOracleParity (0.01s)
=== RUN   TestCounter55OracleRecordSetGuard
    oracle_parity_test.go:570: oracle record-set guard rejected 5 malformed/stub cases
--- PASS: TestCounter55OracleRecordSetGuard (0.00s)
=== RUN   TestCounterOutputDotPortableSelected
--- PASS: TestCounterOutputDotPortableSelected (0.00s)
=== RUN   TestCounterOutputDotAllActivityMasks
=== RUN   TestCounterOutputDotAllActivityMasks/mask_00
=== RUN   TestCounterOutputDotAllActivityMasks/mask_01
=== RUN   TestCounterOutputDotAllActivityMasks/mask_02
=== RUN   TestCounterOutputDotAllActivityMasks/mask_03
=== RUN   TestCounterOutputDotAllActivityMasks/mask_04
=== RUN   TestCounterOutputDotAllActivityMasks/mask_05
=== RUN   TestCounterOutputDotAllActivityMasks/mask_06
=== RUN   TestCounterOutputDotAllActivityMasks/mask_07
=== RUN   TestCounterOutputDotAllActivityMasks/mask_08
=== RUN   TestCounterOutputDotAllActivityMasks/mask_09
=== RUN   TestCounterOutputDotAllActivityMasks/mask_0a
=== RUN   TestCounterOutputDotAllActivityMasks/mask_0b
=== RUN   TestCounterOutputDotAllActivityMasks/mask_0c
=== RUN   TestCounterOutputDotAllActivityMasks/mask_0d
=== RUN   TestCounterOutputDotAllActivityMasks/mask_0e
=== RUN   TestCounterOutputDotAllActivityMasks/mask_0f
=== RUN   TestCounterOutputDotAllActivityMasks/mask_10
=== RUN   TestCounterOutputDotAllActivityMasks/mask_11
=== RUN   TestCounterOutputDotAllActivityMasks/mask_12
=== RUN   TestCounterOutputDotAllActivityMasks/mask_13
=== RUN   TestCounterOutputDotAllActivityMasks/mask_14
=== RUN   TestCounterOutputDotAllActivityMasks/mask_15
=== RUN   TestCounterOutputDotAllActivityMasks/mask_16
=== RUN   TestCounterOutputDotAllActivityMasks/mask_17
=== RUN   TestCounterOutputDotAllActivityMasks/mask_18
=== RUN   TestCounterOutputDotAllActivityMasks/mask_19
=== RUN   TestCounterOutputDotAllActivityMasks/mask_1a
=== RUN   TestCounterOutputDotAllActivityMasks/mask_1b
=== RUN   TestCounterOutputDotAllActivityMasks/mask_1c
=== RUN   TestCounterOutputDotAllActivityMasks/mask_1d
=== RUN   TestCounterOutputDotAllActivityMasks/mask_1e
=== RUN   TestCounterOutputDotAllActivityMasks/mask_1f
=== RUN   TestCounterOutputDotAllActivityMasks/mask_20
=== RUN   TestCounterOutputDotAllActivityMasks/mask_21
=== RUN   TestCounterOutputDotAllActivityMasks/mask_22
=== RUN   TestCounterOutputDotAllActivityMasks/mask_23
=== RUN   TestCounterOutputDotAllActivityMasks/mask_24
=== RUN   TestCounterOutputDotAllActivityMasks/mask_25
=== RUN   TestCounterOutputDotAllActivityMasks/mask_26
=== RUN   TestCounterOutputDotAllActivityMasks/mask_27
=== RUN   TestCounterOutputDotAllActivityMasks/mask_28
=== RUN   TestCounterOutputDotAllActivityMasks/mask_29
=== RUN   TestCounterOutputDotAllActivityMasks/mask_2a
=== RUN   TestCounterOutputDotAllActivityMasks/mask_2b
=== RUN   TestCounterOutputDotAllActivityMasks/mask_2c
=== RUN   TestCounterOutputDotAllActivityMasks/mask_2d
=== RUN   TestCounterOutputDotAllActivityMasks/mask_2e
=== RUN   TestCounterOutputDotAllActivityMasks/mask_2f
=== RUN   TestCounterOutputDotAllActivityMasks/mask_30
=== RUN   TestCounterOutputDotAllActivityMasks/mask_31
=== RUN   TestCounterOutputDotAllActivityMasks/mask_32
=== RUN   TestCounterOutputDotAllActivityMasks/mask_33
=== RUN   TestCounterOutputDotAllActivityMasks/mask_34
=== RUN   TestCounterOutputDotAllActivityMasks/mask_35
=== RUN   TestCounterOutputDotAllActivityMasks/mask_36
=== RUN   TestCounterOutputDotAllActivityMasks/mask_37
=== RUN   TestCounterOutputDotAllActivityMasks/mask_38
=== RUN   TestCounterOutputDotAllActivityMasks/mask_39
=== RUN   TestCounterOutputDotAllActivityMasks/mask_3a
=== RUN   TestCounterOutputDotAllActivityMasks/mask_3b
=== RUN   TestCounterOutputDotAllActivityMasks/mask_3c
=== RUN   TestCounterOutputDotAllActivityMasks/mask_3d
=== RUN   TestCounterOutputDotAllActivityMasks/mask_3e
=== RUN   TestCounterOutputDotAllActivityMasks/mask_3f
=== RUN   TestCounterOutputDotAllActivityMasks/mask_40
=== RUN   TestCounterOutputDotAllActivityMasks/mask_41
=== RUN   TestCounterOutputDotAllActivityMasks/mask_42
=== RUN   TestCounterOutputDotAllActivityMasks/mask_43
=== RUN   TestCounterOutputDotAllActivityMasks/mask_44
=== RUN   TestCounterOutputDotAllActivityMasks/mask_45
=== RUN   TestCounterOutputDotAllActivityMasks/mask_46
=== RUN   TestCounterOutputDotAllActivityMasks/mask_47
=== RUN   TestCounterOutputDotAllActivityMasks/mask_48
=== RUN   TestCounterOutputDotAllActivityMasks/mask_49
=== RUN   TestCounterOutputDotAllActivityMasks/mask_4a
=== RUN   TestCounterOutputDotAllActivityMasks/mask_4b
=== RUN   TestCounterOutputDotAllActivityMasks/mask_4c
=== RUN   TestCounterOutputDotAllActivityMasks/mask_4d
=== RUN   TestCounterOutputDotAllActivityMasks/mask_4e
=== RUN   TestCounterOutputDotAllActivityMasks/mask_4f
=== RUN   TestCounterOutputDotAllActivityMasks/mask_50
=== RUN   TestCounterOutputDotAllActivityMasks/mask_51
=== RUN   TestCounterOutputDotAllActivityMasks/mask_52
=== RUN   TestCounterOutputDotAllActivityMasks/mask_53
=== RUN   TestCounterOutputDotAllActivityMasks/mask_54
=== RUN   TestCounterOutputDotAllActivityMasks/mask_55
=== RUN   TestCounterOutputDotAllActivityMasks/mask_56
=== RUN   TestCounterOutputDotAllActivityMasks/mask_57
=== RUN   TestCounterOutputDotAllActivityMasks/mask_58
=== RUN   TestCounterOutputDotAllActivityMasks/mask_59
=== RUN   TestCounterOutputDotAllActivityMasks/mask_5a
=== RUN   TestCounterOutputDotAllActivityMasks/mask_5b
=== RUN   TestCounterOutputDotAllActivityMasks/mask_5c
=== RUN   TestCounterOutputDotAllActivityMasks/mask_5d
=== RUN   TestCounterOutputDotAllActivityMasks/mask_5e
=== RUN   TestCounterOutputDotAllActivityMasks/mask_5f
=== RUN   TestCounterOutputDotAllActivityMasks/mask_60
=== RUN   TestCounterOutputDotAllActivityMasks/mask_61
=== RUN   TestCounterOutputDotAllActivityMasks/mask_62
=== RUN   TestCounterOutputDotAllActivityMasks/mask_63
=== RUN   TestCounterOutputDotAllActivityMasks/mask_64
=== RUN   TestCounterOutputDotAllActivityMasks/mask_65
=== RUN   TestCounterOutputDotAllActivityMasks/mask_66
=== RUN   TestCounterOutputDotAllActivityMasks/mask_67
=== RUN   TestCounterOutputDotAllActivityMasks/mask_68
=== RUN   TestCounterOutputDotAllActivityMasks/mask_69
=== RUN   TestCounterOutputDotAllActivityMasks/mask_6a
=== RUN   TestCounterOutputDotAllActivityMasks/mask_6b
=== RUN   TestCounterOutputDotAllActivityMasks/mask_6c
=== RUN   TestCounterOutputDotAllActivityMasks/mask_6d
=== RUN   TestCounterOutputDotAllActivityMasks/mask_6e
=== RUN   TestCounterOutputDotAllActivityMasks/mask_6f
=== RUN   TestCounterOutputDotAllActivityMasks/mask_70
=== RUN   TestCounterOutputDotAllActivityMasks/mask_71
=== RUN   TestCounterOutputDotAllActivityMasks/mask_72
=== RUN   TestCounterOutputDotAllActivityMasks/mask_73
=== RUN   TestCounterOutputDotAllActivityMasks/mask_74
=== RUN   TestCounterOutputDotAllActivityMasks/mask_75
=== RUN   TestCounterOutputDotAllActivityMasks/mask_76
=== RUN   TestCounterOutputDotAllActivityMasks/mask_77
=== RUN   TestCounterOutputDotAllActivityMasks/mask_78
=== RUN   TestCounterOutputDotAllActivityMasks/mask_79
=== RUN   TestCounterOutputDotAllActivityMasks/mask_7a
=== RUN   TestCounterOutputDotAllActivityMasks/mask_7b
=== RUN   TestCounterOutputDotAllActivityMasks/mask_7c
=== RUN   TestCounterOutputDotAllActivityMasks/mask_7d
=== RUN   TestCounterOutputDotAllActivityMasks/mask_7e
=== RUN   TestCounterOutputDotAllActivityMasks/mask_7f
=== RUN   TestCounterOutputDotAllActivityMasks/mask_80
=== RUN   TestCounterOutputDotAllActivityMasks/mask_81
=== RUN   TestCounterOutputDotAllActivityMasks/mask_82
=== RUN   TestCounterOutputDotAllActivityMasks/mask_83
=== RUN   TestCounterOutputDotAllActivityMasks/mask_84
=== RUN   TestCounterOutputDotAllActivityMasks/mask_85
=== RUN   TestCounterOutputDotAllActivityMasks/mask_86
=== RUN   TestCounterOutputDotAllActivityMasks/mask_87
=== RUN   TestCounterOutputDotAllActivityMasks/mask_88
=== RUN   TestCounterOutputDotAllActivityMasks/mask_89
=== RUN   TestCounterOutputDotAllActivityMasks/mask_8a
=== RUN   TestCounterOutputDotAllActivityMasks/mask_8b
=== RUN   TestCounterOutputDotAllActivityMasks/mask_8c
=== RUN   TestCounterOutputDotAllActivityMasks/mask_8d
=== RUN   TestCounterOutputDotAllActivityMasks/mask_8e
=== RUN   TestCounterOutputDotAllActivityMasks/mask_8f
=== RUN   TestCounterOutputDotAllActivityMasks/mask_90
=== RUN   TestCounterOutputDotAllActivityMasks/mask_91
=== RUN   TestCounterOutputDotAllActivityMasks/mask_92
=== RUN   TestCounterOutputDotAllActivityMasks/mask_93
=== RUN   TestCounterOutputDotAllActivityMasks/mask_94
=== RUN   TestCounterOutputDotAllActivityMasks/mask_95
=== RUN   TestCounterOutputDotAllActivityMasks/mask_96
=== RUN   TestCounterOutputDotAllActivityMasks/mask_97
=== RUN   TestCounterOutputDotAllActivityMasks/mask_98
=== RUN   TestCounterOutputDotAllActivityMasks/mask_99
=== RUN   TestCounterOutputDotAllActivityMasks/mask_9a
=== RUN   TestCounterOutputDotAllActivityMasks/mask_9b
=== RUN   TestCounterOutputDotAllActivityMasks/mask_9c
=== RUN   TestCounterOutputDotAllActivityMasks/mask_9d
=== RUN   TestCounterOutputDotAllActivityMasks/mask_9e
=== RUN   TestCounterOutputDotAllActivityMasks/mask_9f
=== RUN   TestCounterOutputDotAllActivityMasks/mask_a0
=== RUN   TestCounterOutputDotAllActivityMasks/mask_a1
=== RUN   TestCounterOutputDotAllActivityMasks/mask_a2
=== RUN   TestCounterOutputDotAllActivityMasks/mask_a3
=== RUN   TestCounterOutputDotAllActivityMasks/mask_a4
=== RUN   TestCounterOutputDotAllActivityMasks/mask_a5
=== RUN   TestCounterOutputDotAllActivityMasks/mask_a6
=== RUN   TestCounterOutputDotAllActivityMasks/mask_a7
=== RUN   TestCounterOutputDotAllActivityMasks/mask_a8
=== RUN   TestCounterOutputDotAllActivityMasks/mask_a9
=== RUN   TestCounterOutputDotAllActivityMasks/mask_aa
=== RUN   TestCounterOutputDotAllActivityMasks/mask_ab
=== RUN   TestCounterOutputDotAllActivityMasks/mask_ac
=== RUN   TestCounterOutputDotAllActivityMasks/mask_ad
=== RUN   TestCounterOutputDotAllActivityMasks/mask_ae
=== RUN   TestCounterOutputDotAllActivityMasks/mask_af
=== RUN   TestCounterOutputDotAllActivityMasks/mask_b0
=== RUN   TestCounterOutputDotAllActivityMasks/mask_b1
=== RUN   TestCounterOutputDotAllActivityMasks/mask_b2
=== RUN   TestCounterOutputDotAllActivityMasks/mask_b3
=== RUN   TestCounterOutputDotAllActivityMasks/mask_b4
=== RUN   TestCounterOutputDotAllActivityMasks/mask_b5
=== RUN   TestCounterOutputDotAllActivityMasks/mask_b6
=== RUN   TestCounterOutputDotAllActivityMasks/mask_b7
=== RUN   TestCounterOutputDotAllActivityMasks/mask_b8
=== RUN   TestCounterOutputDotAllActivityMasks/mask_b9
=== RUN   TestCounterOutputDotAllActivityMasks/mask_ba
=== RUN   TestCounterOutputDotAllActivityMasks/mask_bb
=== RUN   TestCounterOutputDotAllActivityMasks/mask_bc
=== RUN   TestCounterOutputDotAllActivityMasks/mask_bd
=== RUN   TestCounterOutputDotAllActivityMasks/mask_be
=== RUN   TestCounterOutputDotAllActivityMasks/mask_bf
=== RUN   TestCounterOutputDotAllActivityMasks/mask_c0
=== RUN   TestCounterOutputDotAllActivityMasks/mask_c1
=== RUN   TestCounterOutputDotAllActivityMasks/mask_c2
=== RUN   TestCounterOutputDotAllActivityMasks/mask_c3
=== RUN   TestCounterOutputDotAllActivityMasks/mask_c4
=== RUN   TestCounterOutputDotAllActivityMasks/mask_c5
=== RUN   TestCounterOutputDotAllActivityMasks/mask_c6
=== RUN   TestCounterOutputDotAllActivityMasks/mask_c7
=== RUN   TestCounterOutputDotAllActivityMasks/mask_c8
=== RUN   TestCounterOutputDotAllActivityMasks/mask_c9
=== RUN   TestCounterOutputDotAllActivityMasks/mask_ca
=== RUN   TestCounterOutputDotAllActivityMasks/mask_cb
=== RUN   TestCounterOutputDotAllActivityMasks/mask_cc
=== RUN   TestCounterOutputDotAllActivityMasks/mask_cd
=== RUN   TestCounterOutputDotAllActivityMasks/mask_ce
=== RUN   TestCounterOutputDotAllActivityMasks/mask_cf
=== RUN   TestCounterOutputDotAllActivityMasks/mask_d0
=== RUN   TestCounterOutputDotAllActivityMasks/mask_d1
=== RUN   TestCounterOutputDotAllActivityMasks/mask_d2
=== RUN   TestCounterOutputDotAllActivityMasks/mask_d3
=== RUN   TestCounterOutputDotAllActivityMasks/mask_d4
=== RUN   TestCounterOutputDotAllActivityMasks/mask_d5
=== RUN   TestCounterOutputDotAllActivityMasks/mask_d6
=== RUN   TestCounterOutputDotAllActivityMasks/mask_d7
=== RUN   TestCounterOutputDotAllActivityMasks/mask_d8
=== RUN   TestCounterOutputDotAllActivityMasks/mask_d9
=== RUN   TestCounterOutputDotAllActivityMasks/mask_da
=== RUN   TestCounterOutputDotAllActivityMasks/mask_db
=== RUN   TestCounterOutputDotAllActivityMasks/mask_dc
=== RUN   TestCounterOutputDotAllActivityMasks/mask_dd
=== RUN   TestCounterOutputDotAllActivityMasks/mask_de
=== RUN   TestCounterOutputDotAllActivityMasks/mask_df
=== RUN   TestCounterOutputDotAllActivityMasks/mask_e0
=== RUN   TestCounterOutputDotAllActivityMasks/mask_e1
=== RUN   TestCounterOutputDotAllActivityMasks/mask_e2
=== RUN   TestCounterOutputDotAllActivityMasks/mask_e3
=== RUN   TestCounterOutputDotAllActivityMasks/mask_e4
=== RUN   TestCounterOutputDotAllActivityMasks/mask_e5
=== RUN   TestCounterOutputDotAllActivityMasks/mask_e6
=== RUN   TestCounterOutputDotAllActivityMasks/mask_e7
=== RUN   TestCounterOutputDotAllActivityMasks/mask_e8
=== RUN   TestCounterOutputDotAllActivityMasks/mask_e9
=== RUN   TestCounterOutputDotAllActivityMasks/mask_ea
=== RUN   TestCounterOutputDotAllActivityMasks/mask_eb
=== RUN   TestCounterOutputDotAllActivityMasks/mask_ec
=== RUN   TestCounterOutputDotAllActivityMasks/mask_ed
=== RUN   TestCounterOutputDotAllActivityMasks/mask_ee
=== RUN   TestCounterOutputDotAllActivityMasks/mask_ef
=== RUN   TestCounterOutputDotAllActivityMasks/mask_f0
=== RUN   TestCounterOutputDotAllActivityMasks/mask_f1
=== RUN   TestCounterOutputDotAllActivityMasks/mask_f2
=== RUN   TestCounterOutputDotAllActivityMasks/mask_f3
=== RUN   TestCounterOutputDotAllActivityMasks/mask_f4
=== RUN   TestCounterOutputDotAllActivityMasks/mask_f5
=== RUN   TestCounterOutputDotAllActivityMasks/mask_f6
=== RUN   TestCounterOutputDotAllActivityMasks/mask_f7
=== RUN   TestCounterOutputDotAllActivityMasks/mask_f8
=== RUN   TestCounterOutputDotAllActivityMasks/mask_f9
=== RUN   TestCounterOutputDotAllActivityMasks/mask_fa
=== RUN   TestCounterOutputDotAllActivityMasks/mask_fb
=== RUN   TestCounterOutputDotAllActivityMasks/mask_fc
=== RUN   TestCounterOutputDotAllActivityMasks/mask_fd
=== RUN   TestCounterOutputDotAllActivityMasks/mask_fe
=== RUN   TestCounterOutputDotAllActivityMasks/mask_ff
--- PASS: TestCounterOutputDotAllActivityMasks (0.01s)
    --- PASS: TestCounterOutputDotAllActivityMasks/mask_00 (0.00s)
    --- PASS: TestCounterOutputDotAllActivityMasks/mask_01 (0.00s)
    --- PASS: TestCounterOutputDotAllActivityMasks/mask_02 (0.00s)
    --- PASS: TestCounterOutputDotAllActivityMasks/mask_03 (0.00s)
    --- PASS: TestCounterOutputDotAllActivityMasks/mask_04 (0.00s)
    --- PASS: TestCounterOutputDotAllActivityMasks/mask_05 (0.00s)
    --- PASS: TestCounterOutputDotAllActivityMasks/mask_06 (0.00s)
    --- PASS: TestCounterOutputDotAllActivityMasks/mask_07 (0.00s)
    --- PASS: TestCounterOutputDotAllActivityMasks/mask_08 (0.00s)
    --- PASS: TestCounterOutputDotAllActivityMasks/mask_09 (0.00s)
    --- PASS: TestCounterOutputDotAllActivityMasks/mask_0a (0.00s)
    --- PASS: TestCounterOutputDotAllActivityMasks/mask_0b (0.00s)
    --- PASS: TestCounterOutputDotAllActivityMasks/mask_0c (0.00s)
    --- PASS: TestCounterOutputDotAllActivityMasks/mask_0d (0.00s)
    --- PASS: TestCounterOutputDotAllActivityMasks/mask_0e (0.00s)
    --- PASS: TestCounterOutputDotAllActivityMasks/mask_0f (0.00s)
    --- PASS: TestCounterOutputDotAllActivityMasks/mask_10 (0.00s)
    --- PASS: TestCounterOutputDotAllActivityMasks/mask_11 (0.00s)
    --- PASS: TestCounterOutputDotAllActivityMasks/mask_12 (0.00s)
    --- PASS: TestCounterOutputDotAllActivityMasks/mask_13 (0.00s)
    --- PASS: TestCounterOutputDotAllActivityMasks/mask_14 (0.00s)
    --- PASS: TestCounterOutputDotAllActivityMasks/mask_15 (0.00s)
    --- PASS: TestCounterOutputDotAllActivityMasks/mask_16 (0.00s)
    --- PASS: TestCounterOutputDotAllActivityMasks/mask_17 (0.00s)
    --- PASS: TestCounterOutputDotAllActivityMasks/mask_18 (0.00s)
    --- PASS: TestCounterOutputDotAllActivityMasks/mask_19 (0.00s)
    --- PASS: TestCounterOutputDotAllActivityMasks/mask_1a (0.00s)
    --- PASS: TestCounterOutputDotAllActivityMasks/mask_1b (0.00s)
    --- PASS: TestCounterOutputDotAllActivityMasks/mask_1c (0.00s)
    --- PASS: TestCounterOutputDotAllActivityMasks/mask_1d (0.00s)
    --- PASS: TestCounterOutputDotAllActivityMasks/mask_1e (0.00s)
    --- PASS: TestCounterOutputDotAllActivityMasks/mask_1f (0.00s)
    --- PASS: TestCounterOutputDotAllActivityMasks/mask_20 (0.00s)
    --- PASS: TestCounterOutputDotAllActivityMasks/mask_21 (0.00s)
    --- PASS: TestCounterOutputDotAllActivityMasks/mask_22 (0.00s)
    --- PASS: TestCounterOutputDotAllActivityMasks/mask_23 (0.00s)
    --- PASS: TestCounterOutputDotAllActivityMasks/mask_24 (0.00s)
    --- PASS: TestCounterOutputDotAllActivityMasks/mask_25 (0.00s)
    --- PASS: TestCounterOutputDotAllActivityMasks/mask_26 (0.00s)
    --- PASS: TestCounterOutputDotAllActivityMasks/mask_27 (0.00s)
    --- PASS: TestCounterOutputDotAllActivityMasks/mask_28 (0.00s)
    --- PASS: TestCounterOutputDotAllActivityMasks/mask_29 (0.00s)
    --- PASS: TestCounterOutputDotAllActivityMasks/mask_2a (0.00s)
    --- PASS: TestCounterOutputDotAllActivityMasks/mask_2b (0.00s)
    --- PASS: TestCounterOutputDotAllActivityMasks/mask_2c (0.00s)
    --- PASS: TestCounterOutputDotAllActivityMasks/mask_2d (0.00s)
    --- PASS: TestCounterOutputDotAllActivityMasks/mask_2e (0.00s)
    --- PASS: TestCounterOutputDotAllActivityMasks/mask_2f (0.00s)
    --- PASS: TestCounterOutputDotAllActivityMasks/mask_30 (0.00s)
    --- PASS: TestCounterOutputDotAllActivityMasks/mask_31 (0.00s)
    --- PASS: TestCounterOutputDotAllActivityMasks/mask_32 (0.00s)
    --- PASS: TestCounterOutputDotAllActivityMasks/mask_33 (0.00s)
    --- PASS: TestCounterOutputDotAllActivityMasks/mask_34 (0.00s)
    --- PASS: TestCounterOutputDotAllActivityMasks/mask_35 (0.00s)
    --- PASS: TestCounterOutputDotAllActivityMasks/mask_36 (0.00s)
    --- PASS: TestCounterOutputDotAllActivityMasks/mask_37 (0.00s)
    --- PASS: TestCounterOutputDotAllActivityMasks/mask_38 (0.00s)
    --- PASS: TestCounterOutputDotAllActivityMasks/mask_39 (0.00s)
    --- PASS: TestCounterOutputDotAllActivityMasks/mask_3a (0.00s)
    --- PASS: TestCounterOutputDotAllActivityMasks/mask_3b (0.00s)
    --- PASS: TestCounterOutputDotAllActivityMasks/mask_3c (0.00s)
    --- PASS: TestCounterOutputDotAllActivityMasks/mask_3d (0.00s)
    --- PASS: TestCounterOutputDotAllActivityMasks/mask_3e (0.00s)
    --- PASS: TestCounterOutputDotAllActivityMasks/mask_3f (0.00s)
    --- PASS: TestCounterOutputDotAllActivityMasks/mask_40 (0.00s)
    --- PASS: TestCounterOutputDotAllActivityMasks/mask_41 (0.00s)
    --- PASS: TestCounterOutputDotAllActivityMasks/mask_42 (0.00s)
    --- PASS: TestCounterOutputDotAllActivityMasks/mask_43 (0.00s)
    --- PASS: TestCounterOutputDotAllActivityMasks/mask_44 (0.00s)
    --- PASS: TestCounterOutputDotAllActivityMasks/mask_45 (0.00s)
    --- PASS: TestCounterOutputDotAllActivityMasks/mask_46 (0.00s)
    --- PASS: TestCounterOutputDotAllActivityMasks/mask_47 (0.00s)
    --- PASS: TestCounterOutputDotAllActivityMasks/mask_48 (0.00s)
    --- PASS: TestCounterOutputDotAllActivityMasks/mask_49 (0.00s)
    --- PASS: TestCounterOutputDotAllActivityMasks/mask_4a (0.00s)
    --- PASS: TestCounterOutputDotAllActivityMasks/mask_4b (0.00s)
    --- PASS: TestCounterOutputDotAllActivityMasks/mask_4c (0.00s)
    --- PASS: TestCounterOutputDotAllActivityMasks/mask_4d (0.00s)
    --- PASS: TestCounterOutputDotAllActivityMasks/mask_4e (0.00s)
    --- PASS: TestCounterOutputDotAllActivityMasks/mask_4f (0.00s)
    --- PASS: TestCounterOutputDotAllActivityMasks/mask_50 (0.00s)
    --- PASS: TestCounterOutputDotAllActivityMasks/mask_51 (0.00s)
    --- PASS: TestCounterOutputDotAllActivityMasks/mask_52 (0.00s)
    --- PASS: TestCounterOutputDotAllActivityMasks/mask_53 (0.00s)
    --- PASS: TestCounterOutputDotAllActivityMasks/mask_54 (0.00s)
    --- PASS: TestCounterOutputDotAllActivityMasks/mask_55 (0.00s)
    --- PASS: TestCounterOutputDotAllActivityMasks/mask_56 (0.00s)
    --- PASS: TestCounterOutputDotAllActivityMasks/mask_57 (0.00s)
    --- PASS: TestCounterOutputDotAllActivityMasks/mask_58 (0.00s)
    --- PASS: TestCounterOutputDotAllActivityMasks/mask_59 (0.00s)
    --- PASS: TestCounterOutputDotAllActivityMasks/mask_5a (0.00s)
    --- PASS: TestCounterOutputDotAllActivityMasks/mask_5b (0.00s)
    --- PASS: TestCounterOutputDotAllActivityMasks/mask_5c (0.00s)
    --- PASS: TestCounterOutputDotAllActivityMasks/mask_5d (0.00s)
    --- PASS: TestCounterOutputDotAllActivityMasks/mask_5e (0.00s)
    --- PASS: TestCounterOutputDotAllActivityMasks/mask_5f (0.00s)
    --- PASS: TestCounterOutputDotAllActivityMasks/mask_60 (0.00s)
    --- PASS: TestCounterOutputDotAllActivityMasks/mask_61 (0.00s)
    --- PASS: TestCounterOutputDotAllActivityMasks/mask_62 (0.00s)
    --- PASS: TestCounterOutputDotAllActivityMasks/mask_63 (0.00s)
    --- PASS: TestCounterOutputDotAllActivityMasks/mask_64 (0.00s)
    --- PASS: TestCounterOutputDotAllActivityMasks/mask_65 (0.00s)
    --- PASS: TestCounterOutputDotAllActivityMasks/mask_66 (0.00s)
    --- PASS: TestCounterOutputDotAllActivityMasks/mask_67 (0.00s)
    --- PASS: TestCounterOutputDotAllActivityMasks/mask_68 (0.00s)
    --- PASS: TestCounterOutputDotAllActivityMasks/mask_69 (0.00s)
    --- PASS: TestCounterOutputDotAllActivityMasks/mask_6a (0.00s)
    --- PASS: TestCounterOutputDotAllActivityMasks/mask_6b (0.00s)
    --- PASS: TestCounterOutputDotAllActivityMasks/mask_6c (0.00s)
    --- PASS: TestCounterOutputDotAllActivityMasks/mask_6d (0.00s)
    --- PASS: TestCounterOutputDotAllActivityMasks/mask_6e (0.00s)
    --- PASS: TestCounterOutputDotAllActivityMasks/mask_6f (0.00s)
    --- PASS: TestCounterOutputDotAllActivityMasks/mask_70 (0.00s)
    --- PASS: TestCounterOutputDotAllActivityMasks/mask_71 (0.00s)
    --- PASS: TestCounterOutputDotAllActivityMasks/mask_72 (0.00s)
    --- PASS: TestCounterOutputDotAllActivityMasks/mask_73 (0.00s)
    --- PASS: TestCounterOutputDotAllActivityMasks/mask_74 (0.00s)
    --- PASS: TestCounterOutputDotAllActivityMasks/mask_75 (0.00s)
    --- PASS: TestCounterOutputDotAllActivityMasks/mask_76 (0.00s)
    --- PASS: TestCounterOutputDotAllActivityMasks/mask_77 (0.00s)
    --- PASS: TestCounterOutputDotAllActivityMasks/mask_78 (0.00s)
    --- PASS: TestCounterOutputDotAllActivityMasks/mask_79 (0.00s)
    --- PASS: TestCounterOutputDotAllActivityMasks/mask_7a (0.00s)
    --- PASS: TestCounterOutputDotAllActivityMasks/mask_7b (0.00s)
    --- PASS: TestCounterOutputDotAllActivityMasks/mask_7c (0.00s)
    --- PASS: TestCounterOutputDotAllActivityMasks/mask_7d (0.00s)
    --- PASS: TestCounterOutputDotAllActivityMasks/mask_7e (0.00s)
    --- PASS: TestCounterOutputDotAllActivityMasks/mask_7f (0.00s)
    --- PASS: TestCounterOutputDotAllActivityMasks/mask_80 (0.00s)
    --- PASS: TestCounterOutputDotAllActivityMasks/mask_81 (0.00s)
    --- PASS: TestCounterOutputDotAllActivityMasks/mask_82 (0.00s)
    --- PASS: TestCounterOutputDotAllActivityMasks/mask_83 (0.00s)
    --- PASS: TestCounterOutputDotAllActivityMasks/mask_84 (0.00s)
    --- PASS: TestCounterOutputDotAllActivityMasks/mask_85 (0.00s)
    --- PASS: TestCounterOutputDotAllActivityMasks/mask_86 (0.00s)
    --- PASS: TestCounterOutputDotAllActivityMasks/mask_87 (0.00s)
    --- PASS: TestCounterOutputDotAllActivityMasks/mask_88 (0.00s)
    --- PASS: TestCounterOutputDotAllActivityMasks/mask_89 (0.00s)
    --- PASS: TestCounterOutputDotAllActivityMasks/mask_8a (0.00s)
    --- PASS: TestCounterOutputDotAllActivityMasks/mask_8b (0.00s)
    --- PASS: TestCounterOutputDotAllActivityMasks/mask_8c (0.00s)
    --- PASS: TestCounterOutputDotAllActivityMasks/mask_8d (0.00s)
    --- PASS: TestCounterOutputDotAllActivityMasks/mask_8e (0.00s)
    --- PASS: TestCounterOutputDotAllActivityMasks/mask_8f (0.00s)
    --- PASS: TestCounterOutputDotAllActivityMasks/mask_90 (0.00s)
    --- PASS: TestCounterOutputDotAllActivityMasks/mask_91 (0.00s)
    --- PASS: TestCounterOutputDotAllActivityMasks/mask_92 (0.00s)
    --- PASS: TestCounterOutputDotAllActivityMasks/mask_93 (0.00s)
    --- PASS: TestCounterOutputDotAllActivityMasks/mask_94 (0.00s)
    --- PASS: TestCounterOutputDotAllActivityMasks/mask_95 (0.00s)
    --- PASS: TestCounterOutputDotAllActivityMasks/mask_96 (0.00s)
    --- PASS: TestCounterOutputDotAllActivityMasks/mask_97 (0.00s)
    --- PASS: TestCounterOutputDotAllActivityMasks/mask_98 (0.00s)
    --- PASS: TestCounterOutputDotAllActivityMasks/mask_99 (0.00s)
    --- PASS: TestCounterOutputDotAllActivityMasks/mask_9a (0.00s)
    --- PASS: TestCounterOutputDotAllActivityMasks/mask_9b (0.00s)
    --- PASS: TestCounterOutputDotAllActivityMasks/mask_9c (0.00s)
    --- PASS: TestCounterOutputDotAllActivityMasks/mask_9d (0.00s)
    --- PASS: TestCounterOutputDotAllActivityMasks/mask_9e (0.00s)
    --- PASS: TestCounterOutputDotAllActivityMasks/mask_9f (0.00s)
    --- PASS: TestCounterOutputDotAllActivityMasks/mask_a0 (0.00s)
    --- PASS: TestCounterOutputDotAllActivityMasks/mask_a1 (0.00s)
    --- PASS: TestCounterOutputDotAllActivityMasks/mask_a2 (0.00s)
    --- PASS: TestCounterOutputDotAllActivityMasks/mask_a3 (0.00s)
    --- PASS: TestCounterOutputDotAllActivityMasks/mask_a4 (0.00s)
    --- PASS: TestCounterOutputDotAllActivityMasks/mask_a5 (0.00s)
    --- PASS: TestCounterOutputDotAllActivityMasks/mask_a6 (0.00s)
    --- PASS: TestCounterOutputDotAllActivityMasks/mask_a7 (0.00s)
    --- PASS: TestCounterOutputDotAllActivityMasks/mask_a8 (0.00s)
    --- PASS: TestCounterOutputDotAllActivityMasks/mask_a9 (0.00s)
    --- PASS: TestCounterOutputDotAllActivityMasks/mask_aa (0.00s)
    --- PASS: TestCounterOutputDotAllActivityMasks/mask_ab (0.00s)
    --- PASS: TestCounterOutputDotAllActivityMasks/mask_ac (0.00s)
    --- PASS: TestCounterOutputDotAllActivityMasks/mask_ad (0.00s)
    --- PASS: TestCounterOutputDotAllActivityMasks/mask_ae (0.00s)
    --- PASS: TestCounterOutputDotAllActivityMasks/mask_af (0.00s)
    --- PASS: TestCounterOutputDotAllActivityMasks/mask_b0 (0.00s)
    --- PASS: TestCounterOutputDotAllActivityMasks/mask_b1 (0.00s)
    --- PASS: TestCounterOutputDotAllActivityMasks/mask_b2 (0.00s)
    --- PASS: TestCounterOutputDotAllActivityMasks/mask_b3 (0.00s)
    --- PASS: TestCounterOutputDotAllActivityMasks/mask_b4 (0.00s)
    --- PASS: TestCounterOutputDotAllActivityMasks/mask_b5 (0.00s)
    --- PASS: TestCounterOutputDotAllActivityMasks/mask_b6 (0.00s)
    --- PASS: TestCounterOutputDotAllActivityMasks/mask_b7 (0.00s)
    --- PASS: TestCounterOutputDotAllActivityMasks/mask_b8 (0.00s)
    --- PASS: TestCounterOutputDotAllActivityMasks/mask_b9 (0.00s)
    --- PASS: TestCounterOutputDotAllActivityMasks/mask_ba (0.00s)
    --- PASS: TestCounterOutputDotAllActivityMasks/mask_bb (0.00s)
    --- PASS: TestCounterOutputDotAllActivityMasks/mask_bc (0.00s)
    --- PASS: TestCounterOutputDotAllActivityMasks/mask_bd (0.00s)
    --- PASS: TestCounterOutputDotAllActivityMasks/mask_be (0.00s)
    --- PASS: TestCounterOutputDotAllActivityMasks/mask_bf (0.00s)
    --- PASS: TestCounterOutputDotAllActivityMasks/mask_c0 (0.00s)
    --- PASS: TestCounterOutputDotAllActivityMasks/mask_c1 (0.00s)
    --- PASS: TestCounterOutputDotAllActivityMasks/mask_c2 (0.00s)
    --- PASS: TestCounterOutputDotAllActivityMasks/mask_c3 (0.00s)
    --- PASS: TestCounterOutputDotAllActivityMasks/mask_c4 (0.00s)
    --- PASS: TestCounterOutputDotAllActivityMasks/mask_c5 (0.00s)
    --- PASS: TestCounterOutputDotAllActivityMasks/mask_c6 (0.00s)
    --- PASS: TestCounterOutputDotAllActivityMasks/mask_c7 (0.00s)
    --- PASS: TestCounterOutputDotAllActivityMasks/mask_c8 (0.00s)
    --- PASS: TestCounterOutputDotAllActivityMasks/mask_c9 (0.00s)
    --- PASS: TestCounterOutputDotAllActivityMasks/mask_ca (0.00s)
    --- PASS: TestCounterOutputDotAllActivityMasks/mask_cb (0.00s)
    --- PASS: TestCounterOutputDotAllActivityMasks/mask_cc (0.00s)
    --- PASS: TestCounterOutputDotAllActivityMasks/mask_cd (0.00s)
    --- PASS: TestCounterOutputDotAllActivityMasks/mask_ce (0.00s)
    --- PASS: TestCounterOutputDotAllActivityMasks/mask_cf (0.00s)
    --- PASS: TestCounterOutputDotAllActivityMasks/mask_d0 (0.00s)
    --- PASS: TestCounterOutputDotAllActivityMasks/mask_d1 (0.00s)
    --- PASS: TestCounterOutputDotAllActivityMasks/mask_d2 (0.00s)
    --- PASS: TestCounterOutputDotAllActivityMasks/mask_d3 (0.00s)
    --- PASS: TestCounterOutputDotAllActivityMasks/mask_d4 (0.00s)
    --- PASS: TestCounterOutputDotAllActivityMasks/mask_d5 (0.00s)
    --- PASS: TestCounterOutputDotAllActivityMasks/mask_d6 (0.00s)
    --- PASS: TestCounterOutputDotAllActivityMasks/mask_d7 (0.00s)
    --- PASS: TestCounterOutputDotAllActivityMasks/mask_d8 (0.00s)
    --- PASS: TestCounterOutputDotAllActivityMasks/mask_d9 (0.00s)
    --- PASS: TestCounterOutputDotAllActivityMasks/mask_da (0.00s)
    --- PASS: TestCounterOutputDotAllActivityMasks/mask_db (0.00s)
    --- PASS: TestCounterOutputDotAllActivityMasks/mask_dc (0.00s)
    --- PASS: TestCounterOutputDotAllActivityMasks/mask_dd (0.00s)
    --- PASS: TestCounterOutputDotAllActivityMasks/mask_de (0.00s)
    --- PASS: TestCounterOutputDotAllActivityMasks/mask_df (0.00s)
    --- PASS: TestCounterOutputDotAllActivityMasks/mask_e0 (0.00s)
    --- PASS: TestCounterOutputDotAllActivityMasks/mask_e1 (0.00s)
    --- PASS: TestCounterOutputDotAllActivityMasks/mask_e2 (0.00s)
    --- PASS: TestCounterOutputDotAllActivityMasks/mask_e3 (0.00s)
    --- PASS: TestCounterOutputDotAllActivityMasks/mask_e4 (0.00s)
    --- PASS: TestCounterOutputDotAllActivityMasks/mask_e5 (0.00s)
    --- PASS: TestCounterOutputDotAllActivityMasks/mask_e6 (0.00s)
    --- PASS: TestCounterOutputDotAllActivityMasks/mask_e7 (0.00s)
    --- PASS: TestCounterOutputDotAllActivityMasks/mask_e8 (0.00s)
    --- PASS: TestCounterOutputDotAllActivityMasks/mask_e9 (0.00s)
    --- PASS: TestCounterOutputDotAllActivityMasks/mask_ea (0.00s)
    --- PASS: TestCounterOutputDotAllActivityMasks/mask_eb (0.00s)
    --- PASS: TestCounterOutputDotAllActivityMasks/mask_ec (0.00s)
    --- PASS: TestCounterOutputDotAllActivityMasks/mask_ed (0.00s)
    --- PASS: TestCounterOutputDotAllActivityMasks/mask_ee (0.00s)
    --- PASS: TestCounterOutputDotAllActivityMasks/mask_ef (0.00s)
    --- PASS: TestCounterOutputDotAllActivityMasks/mask_f0 (0.00s)
    --- PASS: TestCounterOutputDotAllActivityMasks/mask_f1 (0.00s)
    --- PASS: TestCounterOutputDotAllActivityMasks/mask_f2 (0.00s)
    --- PASS: TestCounterOutputDotAllActivityMasks/mask_f3 (0.00s)
    --- PASS: TestCounterOutputDotAllActivityMasks/mask_f4 (0.00s)
    --- PASS: TestCounterOutputDotAllActivityMasks/mask_f5 (0.00s)
    --- PASS: TestCounterOutputDotAllActivityMasks/mask_f6 (0.00s)
    --- PASS: TestCounterOutputDotAllActivityMasks/mask_f7 (0.00s)
    --- PASS: TestCounterOutputDotAllActivityMasks/mask_f8 (0.00s)
    --- PASS: TestCounterOutputDotAllActivityMasks/mask_f9 (0.00s)
    --- PASS: TestCounterOutputDotAllActivityMasks/mask_fa (0.00s)
    --- PASS: TestCounterOutputDotAllActivityMasks/mask_fb (0.00s)
    --- PASS: TestCounterOutputDotAllActivityMasks/mask_fc (0.00s)
    --- PASS: TestCounterOutputDotAllActivityMasks/mask_fd (0.00s)
    --- PASS: TestCounterOutputDotAllActivityMasks/mask_fe (0.00s)
    --- PASS: TestCounterOutputDotAllActivityMasks/mask_ff (0.00s)
=== RUN   TestCounterOutputDotIEEEBoundaries
--- PASS: TestCounterOutputDotIEEEBoundaries (0.00s)
=== RUN   TestCounterOutputDotRoundsProductsBeforeOrderedAddition
=== RUN   TestCounterOutputDotRoundsProductsBeforeOrderedAddition/non_fused_product
=== RUN   TestCounterOutputDotRoundsProductsBeforeOrderedAddition/cross_block_order
=== RUN   TestCounterOutputDotRoundsProductsBeforeOrderedAddition/not_eight_partial_sums
--- PASS: TestCounterOutputDotRoundsProductsBeforeOrderedAddition (0.00s)
    --- PASS: TestCounterOutputDotRoundsProductsBeforeOrderedAddition/non_fused_product (0.00s)
    --- PASS: TestCounterOutputDotRoundsProductsBeforeOrderedAddition/cross_block_order (0.00s)
    --- PASS: TestCounterOutputDotRoundsProductsBeforeOrderedAddition/not_eight_partial_sums (0.00s)
=== RUN   TestEvaluateAccumulatorAddsBiasLast
--- PASS: TestEvaluateAccumulatorAddsBiasLast (0.00s)
=== RUN   TestCounterOutputDotAdversarialFinite
--- PASS: TestCounterOutputDotAdversarialFinite (0.00s)
=== RUN   TestCounterOutputDotDoesNotAllocate
--- PASS: TestCounterOutputDotDoesNotAllocate (0.00s)
=== RUN   TestSearchContextRequiresLoaderValidatedModel
--- PASS: TestSearchContextRequiresLoaderValidatedModel (0.00s)
=== RUN   TestSearchContextGrowsAndRestoresBitExactNullFrames
--- PASS: TestSearchContextGrowsAndRestoresBitExactNullFrames (0.00s)
=== RUN   TestSearchContextRejectsBeforeCapacityGrowth
--- PASS: TestSearchContextRejectsBeforeCapacityGrowth (0.00s)
=== RUN   TestSearchContextUnsafeGrowthIsTransactional
--- PASS: TestSearchContextUnsafeGrowthIsTransactional (0.00s)
=== RUN   TestSearchContextUnsafeResetIsTransactional
--- PASS: TestSearchContextUnsafeResetIsTransactional (0.00s)
=== RUN   TestSearchContextFrameDoublingRejectsOverflow
--- PASS: TestSearchContextFrameDoublingRejectsOverflow (0.00s)
=== RUN   TestCounter55IncrementalTransitionOracleParity
--- PASS: TestCounter55IncrementalTransitionOracleParity (0.01s)
=== RUN   TestCounter55FENCompatibilityNormalizesOnlyPhantomEP
--- PASS: TestCounter55FENCompatibilityNormalizesOnlyPhantomEP (0.00s)
=== RUN   TestCounter55EngineBoundaryOracleParity
--- PASS: TestCounter55EngineBoundaryOracleParity (0.00s)
PASS
ok  	github.com/ehrlich-b/ngn/countereval	0.347s
