ok  	github.com/ehrlich-b/ngn	0.009s
?   	github.com/ehrlich-b/ngn/cmd/analyze_position	[no test files]
?   	github.com/ehrlich-b/ngn/cmd/benchmark	[no test files]
?   	github.com/ehrlich-b/ngn/cmd/blunder-finder	[no test files]
?   	github.com/ehrlich-b/ngn/cmd/combined-report	[no test files]
?   	github.com/ehrlich-b/ngn/cmd/elo-assess	[no test files]
?   	github.com/ehrlich-b/ngn/cmd/eval_breakdown	[no test files]
?   	github.com/ehrlich-b/ngn/cmd/evaltune	[no test files]
?   	github.com/ehrlich-b/ngn/cmd/gametest	[no test files]
?   	github.com/ehrlich-b/ngn/cmd/gauntlet	[no test files]
?   	github.com/ehrlich-b/ngn/cmd/lossxray	[no test files]
?   	github.com/ehrlich-b/ngn/cmd/moves_to_fen	[no test files]
ok  	github.com/ehrlich-b/ngn/cmd/nnuebridge	0.067s
?   	github.com/ehrlich-b/ngn/cmd/oracle	[no test files]
?   	github.com/ehrlich-b/ngn/cmd/pgn-test	[no test files]
?   	github.com/ehrlich-b/ngn/cmd/pgn_to_fens	[no test files]
?   	github.com/ehrlich-b/ngn/cmd/pgnify	[no test files]
?   	github.com/ehrlich-b/ngn/cmd/pruning-analysis	[no test files]
?   	github.com/ehrlich-b/ngn/cmd/pruning-comparison	[no test files]
ok  	github.com/ehrlich-b/ngn/cmd/searchsnapshot	0.006s
?   	github.com/ehrlich-b/ngn/cmd/sfpv	[no test files]
?   	github.com/ehrlich-b/ngn/cmd/simple-test	[no test files]
?   	github.com/ehrlich-b/ngn/cmd/smoke	[no test files]
ok  	github.com/ehrlich-b/ngn/cmd/sprt	0.003s
?   	github.com/ehrlich-b/ngn/cmd/spsa	[no test files]
?   	github.com/ehrlich-b/ngn/cmd/tactical-test	[no test files]
?   	github.com/ehrlich-b/ngn/cmd/test-harness	[no test files]
ok  	github.com/ehrlich-b/ngn/cmd/texel	0.006s
ok  	github.com/ehrlich-b/ngn/cmd/texelcorpus	0.142s
?   	github.com/ehrlich-b/ngn/cmd/trace_move	[no test files]
?   	github.com/ehrlich-b/ngn/cmd/zzbias	[no test files]
ok  	github.com/ehrlich-b/ngn/countereval	0.148s
ok  	github.com/ehrlich-b/ngn/engine	6.341s
?   	github.com/ehrlich-b/ngn/internal/history	[no test files]
?   	github.com/ehrlich-b/ngn/internal/rating	[no test files]
ok  	github.com/ehrlich-b/ngn/internal/texeldata	0.059s
ok  	github.com/ehrlich-b/ngn/internal/uci	0.004s
ok  	github.com/ehrlich-b/ngn/nnue	0.047s
ok  	github.com/ehrlich-b/ngn/nnue/sf18big	0.005s
ok  	github.com/ehrlich-b/ngn/nnue/sf18small	2.177s
