
/home/ehrli/repos/ngn-counter-output-20260913/output/counter-output-20260913/binaries/countereval.test:     file format elf64-x86-64


Disassembly of section .text:

000000000057d980 <github.com/ehrlich-b/ngn/countereval.counterOutputDotAVX2.abi0>:
  57d980:	55                   	push   rbp
  57d981:	48 89 e5             	mov    rbp,rsp
  57d984:	48 83 ec 20          	sub    rsp,0x20
  57d988:	48 8b 44 24 30       	mov    rax,QWORD PTR [rsp+0x30]
  57d98d:	48 8b 5c 24 38       	mov    rbx,QWORD PTR [rsp+0x38]
  57d992:	49 89 e0             	mov    r8,rsp
  57d995:	c5 c4 57 ff          	vxorps ymm7,ymm7,ymm7
  57d999:	c5 c8 57 f6          	vxorps xmm6,xmm6,xmm6
  57d99d:	b9 40 00 00 00       	mov    ecx,0x40
  57d9a2:	c5 fc 10 00          	vmovups ymm0,YMMWORD PTR [rax]
  57d9a6:	c5 fc c2 d7 1e       	vcmpgt_oqps ymm2,ymm0,ymm7
  57d9ab:	c5 fc 54 ca          	vandps ymm1,ymm0,ymm2
  57d9af:	c5 f4 59 0b          	vmulps ymm1,ymm1,YMMWORD PTR [rbx]
  57d9b3:	c5 fc 50 d2          	vmovmskps edx,ymm2
  57d9b7:	85 d2                	test   edx,edx
  57d9b9:	74 15                	je     57d9d0 <github.com/ehrlich-b/ngn/countereval.counterOutputDotAVX2.abi0+0x50>
  57d9bb:	c4 c1 7c 11 08       	vmovups YMMWORD PTR [r8],ymm1
  57d9c0:	0f bc f2             	bsf    esi,edx
  57d9c3:	c4 c1 4a 58 34 b0    	vaddss xmm6,xmm6,DWORD PTR [r8+rsi*4]
  57d9c9:	8d 7a ff             	lea    edi,[rdx-0x1]
  57d9cc:	21 fa                	and    edx,edi
  57d9ce:	75 f0                	jne    57d9c0 <github.com/ehrlich-b/ngn/countereval.counterOutputDotAVX2.abi0+0x40>
  57d9d0:	48 83 c0 20          	add    rax,0x20
  57d9d4:	48 83 c3 20          	add    rbx,0x20
  57d9d8:	ff c9                	dec    ecx
  57d9da:	75 c6                	jne    57d9a2 <github.com/ehrlich-b/ngn/countereval.counterOutputDotAVX2.abi0+0x22>
  57d9dc:	c5 fa 11 74 24 40    	vmovss DWORD PTR [rsp+0x40],xmm6
  57d9e2:	c5 f8 77             	vzeroupper
  57d9e5:	48 83 c4 20          	add    rsp,0x20
  57d9e9:	5d                   	pop    rbp
  57d9ea:	c3                   	ret
