./artifact_identity.py: OK
./classifier_regression.py: OK
./evidence/artifact-identity.command: OK
./evidence/artifact-identity.exit: OK
./evidence/artifact-identity.json: OK
./evidence/artifact-identity.stderr: OK
./evidence/attempt1/forced-promotion-positive.json: OK
./evidence/attempt1/forced-promotion-positive.stderr: OK
./evidence/attempt1/forced-promotion-positive.stdout: OK
./evidence/attempt1/forced-promotion-positive.uci: OK
./evidence/attempt1/fresh-root-depth17.json: OK
./evidence/attempt1/fresh-root-depth17.stderr: OK
./evidence/attempt1/fresh-root-depth17.stdout: OK
./evidence/attempt1/fresh-root-depth17.uci: OK
./evidence/attempt1/fresh-root-depth18.json: OK
./evidence/attempt1/fresh-root-depth18.stderr: OK
./evidence/attempt1/fresh-root-depth18.stdout: OK
./evidence/attempt1/fresh-root-depth18.uci: OK
./evidence/attempt1/full-history-depth17.json: OK
./evidence/attempt1/full-history-depth17.stderr: OK
./evidence/attempt1/full-history-depth17.stdout: OK
./evidence/attempt1/full-history-depth17.uci: OK
./evidence/attempt1/full-history-depth18.json: OK
./evidence/attempt1/full-history-depth18.stderr: OK
./evidence/attempt1/full-history-depth18.stdout: OK
./evidence/attempt1/full-history-depth18.uci: OK
./evidence/attempt1/ordinary-negative.json: OK
./evidence/attempt1/ordinary-negative.stderr: OK
./evidence/attempt1/ordinary-negative.stdout: OK
./evidence/attempt1/ordinary-negative.uci: OK
./evidence/attempt1/probe.command: OK
./evidence/attempt1/probe.exit: OK
./evidence/attempt1/probe.finished: OK
./evidence/attempt1/probe.started: OK
./evidence/attempt1/probe.stderr: OK
./evidence/attempt1/probe.stdout: OK
./evidence/attempt1/promotion-node-control.json: OK
./evidence/attempt1/promotion-node-control.stderr: OK
./evidence/attempt1/promotion-node-control.stdout: OK
./evidence/attempt1/promotion-node-control.uci: OK
./evidence/attempt1/python-syntax.command: OK
./evidence/attempt1/python-syntax.exit: OK
./evidence/attempt1/python-syntax.stderr: OK
./evidence/attempt1/python-syntax.stdout: OK
./evidence/attempt2/conditional-warm-root.json: OK
./evidence/attempt2/conditional-warm-root.stderr: OK
./evidence/attempt2/conditional-warm-root.stdout: OK
./evidence/attempt2/conditional-warm-root.uci: OK
./evidence/attempt2/probe-result.json: OK
./evidence/attempt2/probe.command: OK
./evidence/attempt2/probe.exit: OK
./evidence/attempt2/probe.finished: OK
./evidence/attempt2/probe.started: OK
./evidence/attempt2/probe.stderr: OK
./evidence/attempt2/probe.stdout: OK
./evidence/attempt2/python-syntax.command: OK
./evidence/attempt2/python-syntax.exit: OK
./evidence/attempt2/python-syntax.stderr: OK
./evidence/attempt2/python-syntax.stdout: OK
./evidence/classifier-regression.command: OK
./evidence/classifier-regression.exit: OK
./evidence/classifier-regression.stderr: OK
./evidence/classifier-regression.stdout: OK
./evidence/final-python-syntax.command: OK
./evidence/final-python-syntax.exit: OK
./evidence/final-python-syntax.stderr: OK
./evidence/final-python-syntax.stdout: OK
./evidence/final-validation.command: OK
./evidence/final-validation.exit: OK
./evidence/final-validation.stderr: OK
./evidence/final-validation.stdout: OK
./evidence/source-identity.json: OK
./evidence/source-mechanism-excerpts.command: OK
./evidence/source-mechanism-excerpts.exit: OK
./evidence/source-mechanism-excerpts.stderr: OK
./evidence/source-mechanism-excerpts.txt: OK
./evidence/source-model-attempt1.command: OK
./evidence/source-model-attempt1.exit: OK
./evidence/source-model-attempt1.finished: OK
./evidence/source-model-attempt1.started: OK
./evidence/source-model-attempt1.stderr: OK
./evidence/source-model-attempt1.stdout: OK
./evidence/source-model-gofmt.command: OK
./evidence/source-model-gofmt.exit: OK
./evidence/source-model.command: OK
./evidence/source-model.exit: OK
./evidence/source-model.finished: OK
./evidence/source-model.started: OK
./evidence/source-model.stderr: OK
./evidence/source-model.stdout: OK
./predeclared-plan-deviation.md: OK
./predeclared-plan.md: OK
./rodent_pv_probe.py: OK
./source_mechanism_model.go: OK
