info string reading book file "books/empty.bin": failure: open books/empty.bin: no such file or directory
info string reading book file "books/empty.bin": failure: open books/empty.bin: no such file or directory

   ___          __         __   _   __
  / _ \___  ___/ /__ ___  / /_ | | / /
 / , _/ _ \/ _  / -_) _ \/ __/ | |/ /
/_/|_|\___/\_,_/\__/_//_/\__/  |___/

         Rodent V 1.2
      Type 'uci' or 'help'
id name Rodent V 1.2 AVX2
id author Naman Thanki, Pawel Koziol, based on Sungorus by Pablo Vazquez
option name Hash type spin default 16 min 1 max 4096
option name Clear Hash type button
option name UCI_Chess960 type check default false
option name UCI_LimitStrength type check default false
option name UCI_Elo type spin default 3000 min 800 max 3000
option name Threads type spin default 1 min 1 max 256
info string Loaded NNUE network: nets/rodent_4kb_768hl_8ob_v2.bin
uciok
readyok
readyok
readyok
readyok
readyok
readyok
info depth 1 seldepth 2 multipv 1 time 1 nodes 5 nps 5000 hashfull 0 score cp 103 pv g2g1q a1b2
info depth 2 seldepth 6 multipv 1 time 1 nodes 102 nps 102000 hashfull 0 score cp 146 pv g2g1q a1b2 g1f2 b2c1
info depth 3 seldepth 8 multipv 1 time 1 nodes 631 nps 631000 hashfull 0 score cp 169 pv g2g1q a1b2 g1b6 b2c1 b6e3 c1b2 e3e5 b2c1
info depth 4 seldepth 10 multipv 1 time 1 nodes 944 nps 944000 hashfull 0 score cp 177 pv g2g1q a1b2 g1b6 b2c1 b6e3 c1b2 e3e5 b2c1
bestmove g2g1q ponder a1b2
