info string reading book file "books/empty.bin": failure: open books/empty.bin: no such file or directory
info string reading book file "books/empty.bin": failure: open books/empty.bin: no such file or directory

   ___          __         __   _   __
  / _ \___  ___/ /__ ___  / /_ | | / /
 / , _/ _ \/ _  / -_) _ \/ __/ | |/ /
/_/|_|\___/\_,_/\__/_//_/\__/  |___/

         Rodent V 1.2
      Type 'uci' or 'help'
id name Rodent V 1.2 AVX2
id author Naman Thanki, Pawel Koziol, based on Sungorus by Pablo Vazquez
option name Hash type spin default 16 min 1 max 4096
option name Clear Hash type button
option name UCI_Chess960 type check default false
option name UCI_LimitStrength type check default false
option name UCI_Elo type spin default 3000 min 800 max 3000
option name Threads type spin default 1 min 1 max 256
info string Loaded NNUE network: nets/rodent_4kb_768hl_8ob_v2.bin
uciok
readyok
readyok
readyok
readyok
readyok
readyok
info depth 1 seldepth 1 multipv 1 time 1 nodes 2 nps 2000 hashfull 0 score cp 194 pv h7h1
info depth 1 seldepth 2 multipv 1 time 1 nodes 7 nps 7000 hashfull 0 score cp 222 pv h7h4
info depth 1 seldepth 2 multipv 1 time 1 nodes 9 nps 9000 hashfull 0 score cp 251 pv h7h5
info depth 1 seldepth 2 multipv 1 time 1 nodes 11 nps 11000 hashfull 0 score cp 281 pv h7h6
info depth 1 seldepth 2 multipv 1 time 1 nodes 30 nps 30000 hashfull 0 score cp 296 pv h7f7 f2e3
info depth 1 seldepth 2 multipv 1 time 1 nodes 34 nps 34000 hashfull 0 score cp 338 pv e6d5
info depth 2 seldepth 2 multipv 1 time 1 nodes 54 nps 54000 hashfull 0 score cp 319 pv e6d5 g3g2
info depth 2 seldepth 4 multipv 1 time 1 nodes 144 nps 144000 hashfull 0 score cp 324 pv h7f7 f2e2 e6d5
info depth 3 seldepth 6 multipv 1 time 1 nodes 377 nps 377000 hashfull 0 score cp 330 pv h7f7 f2e1 f7g7 e1f2
info depth 4 seldepth 8 multipv 1 time 1 nodes 690 nps 690000 hashfull 0 score cp 374 pv h7f7 f2e2 e6d5 e2e3 f7g7
info depth 5 seldepth 9 multipv 1 time 1 nodes 1099 nps 1099000 hashfull 0 score cp 349 pv h7f7 f2e2 e6d5 g3g2 f7g7 e2f2
info depth 6 seldepth 11 multipv 1 time 1 nodes 1551 nps 1551000 hashfull 0 score cp 321 pv h7f7 f2e2 e6d5 g3g2 f7g7 e2f2 d5c4 g2g1q g7g1 f2g1 c4b4
info depth 7 seldepth 11 multipv 1 time 1 nodes 2488 nps 2488000 hashfull 0 score cp 310 pv e6d5 g3g2 h7g7 g2g1r g7g1 f2g1 d5c5
info depth 8 seldepth 12 multipv 1 time 2 nodes 4007 nps 2003500 hashfull 0 score cp 317 pv h7f7 f2e2 e6d5 g3g2 f7g7 e2f1 d5c4 g2g1q g7g1 f1g1 c4b4
info depth 9 seldepth 13 multipv 1 time 2 nodes 5244 nps 2622000 hashfull 0 score cp 317 pv h7f7 f2e2 e6d5 g3g2 f7g7 e2f1 d5c4 g2g1q g7g1 f1g1 c4b4
info depth 10 seldepth 15 multipv 1 time 4 nodes 12390 nps 3097500 hashfull 0 score cp 242 pv h7f7 f2e2 e6d5 g3g2 f7g7 e2f1 d5c4 g2g1q g7g1 f1g1 c4b4 g1f2 b4c5
info depth 11 seldepth 15 multipv 1 time 5 nodes 15628 nps 3125600 hashfull 0 score cp 255 pv h7f7 f2e2 e6d5 g3g2 f7g7 e2f1 d5c4 g2g1q g7g1 f1g1 c4b4 g1f2 b4c5 f2g3
info depth 12 seldepth 17 multipv 1 time 6 nodes 20737 nps 3456166 hashfull 0 score cp 239 pv h7f7 f2e2 e6d5 g3g2 f7g7 e2f1 d5c4 g2g1q g7g1 f1g1 c4b4 g1f2 b4c5 f2e3 b3b4
info depth 13 seldepth 18 multipv 1 time 7 nodes 26054 nps 3722000 hashfull 0 score cp 247 pv h7f7 f2e2 e6d5 g3g2 f7g7 e2f1 d5c4 g2g1q g7g1 f1g1 c4b4 g1f2 b4c5 f2e3 b3b4
info depth 13 seldepth 18 multipv 1 time 8 nodes 29112 nps 3639000 hashfull 0 score cp 291 pv e6d5 g3g2 h7g7 g2g1r g7g1 f2g1 d5c5 g1f2 c5b4 f2e3 b4c5 e3d3 b3b4 d3c3
info depth 13 seldepth 18 multipv 1 time 9 nodes 31463 nps 3495888 hashfull 0 score cp 279 pv h7g7 g3g2 e6d5 g2g1r g7g1 f2g1 d5c5 g1f2 c5b4 f2e3 b4c5 e3e4 b3b4 e4e5 b4b5
info depth 13 seldepth 18 multipv 1 time 9 nodes 34433 nps 3825888 hashfull 0 score cp 340 pv e6d5 g3g2 h7g7 g2g1r g7g1 f2g1 d5c5 g1f2 c5b4 f2e3 b4c5 e3e4 b3b4 e4e3 b4b5
info depth 14 seldepth 22 multipv 1 time 17 nodes 55542 nps 3267176 hashfull 0 score cp 440 pv e6d5 g3g2 h7g7 g2g1r g7g1 f2g1 d5c5 g1f2 c5b4 f2e3 b4c5 e3e4 b3b4 e4e3 b4b5 e3d2 c5d5 d2c3
info depth 15 seldepth 32 multipv 1 time 83 nodes 138448 nps 1668048 hashfull 0 score cp 542 pv e6d5 g3g2 h7f7 f2g3 f7g7 g3f2 d5c5 g2g1q g7g1 f2g1 c5b4 g1f2 b4c5 f2e3 b3b4 e3e4 b4b5 e4e5 b5b6 e5e4 b6b7
info depth 16 seldepth 32 multipv 1 time 95 nodes 183645 nps 1933105 hashfull 1 score cp 551 pv e6d5 g3g2 h7f7 f2g3 f7g7 g3f2 d5c5 g2g1q g7g1 f2g1 c5b4 g1f2 b4c4 f2e3 c4d5 e3d2 b3b4 d2c3 b4b5 c3b4 b5b6 b4a4 b6b7 a4b4 d5c6 b4c4 c6d6
info depth 17 seldepth 32 multipv 1 time 104 nodes 221390 nps 2128750 hashfull 1 score cp 551 pv e6d5 g3g2 h7f7 f2g3 f7g7 g3f2 d5c5 g2g1q g7g1 f2g1 c5b4 g1f2 b4c5 f2e3 b3b4 e3e4 b4b5 e4e5 b5b6 e5e6 c5c6 e6e7 b6b7 e7e6 c6c5
info depth 18 seldepth 32 multipv 1 time 112 nodes 248974 nps 2222982 hashfull 1 score cp 536 pv e6d5 g3g2 h7f7 f2g3 f7g7 g3f2 d5c5 g2g1q g7g1 f2g1 c5b4 g1f2 b4c5 f2e3 b3b4 e3e4 b4b5 e4e5 b5b6 e5e6 c5c6 e6e7
bestmove e6d5 ponder g3g2
