info string reading book file "books/empty.bin": failure: open books/empty.bin: no such file or directory
info string reading book file "books/empty.bin": failure: open books/empty.bin: no such file or directory

   ___          __         __   _   __
  / _ \___  ___/ /__ ___  / /_ | | / /
 / , _/ _ \/ _  / -_) _ \/ __/ | |/ /
/_/|_|\___/\_,_/\__/_//_/\__/  |___/

         Rodent V 1.2
      Type 'uci' or 'help'
id name Rodent V 1.2 AVX2
id author Naman Thanki, Pawel Koziol, based on Sungorus by Pablo Vazquez
option name Hash type spin default 16 min 1 max 4096
option name Clear Hash type button
option name UCI_Chess960 type check default false
option name UCI_LimitStrength type check default false
option name UCI_Elo type spin default 3000 min 800 max 3000
option name Threads type spin default 1 min 1 max 256
info string Loaded NNUE network: nets/rodent_4kb_768hl_8ob_v2.bin
uciok
readyok
readyok
readyok
readyok
readyok
readyok
info depth 1 seldepth 4 multipv 1 time 1 nodes 13 nps 13000 hashfull 0 score cp -530 pv f3e2 g7g2 e2e3
info depth 1 seldepth 5 multipv 1 time 1 nodes 20 nps 20000 hashfull 0 score cp -384 pv f3f2
info depth 2 seldepth 6 multipv 1 time 1 nodes 75 nps 75000 hashfull 0 score cp -355 pv f3f2 b5b4 g2g1q g7g1 f2g1
info depth 3 seldepth 6 multipv 1 time 1 nodes 198 nps 198000 hashfull 0 score cp -354 pv f3f2 b5b4 g2g1b
info depth 4 seldepth 6 multipv 1 time 1 nodes 337 nps 337000 hashfull 0 score cp -355 pv f3f2 b5b4 g2g1q g7g1 f2g1
bestmove f3f2 ponder b5b4
